>1c1da
SIDSALNWDGEMTVTRFDAMTGAHFVIRLDSTQLGPAAGGTRAAQYSNLADALTDAGKLA
GAMTLKMAVSNLPMGGGKSVIALPAPRHSIDPSTWARILRIHAENIDKLSGNYWTGPDVN
TNSADMDTLNDTTEFVFGRSLERGGAGSSAFTTAVGVFEAMKATVAHRGLGSLDGLTVLV
QGLGAVGGSLASLAAEAGAQLLVADTDTERVAHAVALGHTAVALEDVLSTPCDVFAPCAM
GGVITTEVARTLDCSVVAGAANNVIADEAASDILHARGILYAPDFVANAGGAIHLVGREV
LGWSESVVHERAVAIGDTLNQVFEISDNDGVTPDEAARTLAGRRAREAS
>1leha
MEIFKYMEKYDYEQLVFCQDEASGLKAVIAIHDTTLGPALGGARMWTYNAEEEAIEDALR
LARGMTYKNAAAGLNLGGGKTVIIGDPFADKNEDMFRALGRFIQGLNGRYITAEDVGTTV
DDMDLIHQETDYVTGISPAFGSSGNPSPVTAYGVYRGMKAAAKEAFGSDSLEGLAVSVQG
LGNVAKALCKKLNTEGAKLVVTDVNKAAVSAAVAEEGADAVAPNAIYGVTCDIFAPCALG
AVLNDFTIPQLKAKVIAGSADNQLKDPRHGKYLHELGIVYAPDYVINAGGVINVADELYG
YNRTRAMKRVDGIYDSIEKIFAISKRDGVPSYVAADRMAEERIAKVAKARSQFLQDQRNI
LNGR
>1gtma
ADPYEIVIKQLERAAQYMEISEEALEFLKRPQRIVEVTIPVEMDDGSVKVFTGFRVQHNW
ARGPTKGGIRWHPEETLSTVKALAAWMTWKTAVMDLPYGGGKGGIIVDPKKLSDREKERL
ARGYIRAIYDVISPYEDIPAPDVYTNPQIMAWMMDEYETISRRKTPAFGIITGKPLSIGG
SLGRIEATARGASYTIREAAKVLGWDTLKGKTIAIQGYGNAGYYLAKIMSEDFGMKVVAV
SDSKGGIYNPDGLNADEVLKWKNEHGSVKDFPGATNITNEELLELEVDVLAPAAIEEVIT
KKNADNIKAKIVAEVANGPVTPEADEILFEKGILQIPDFLCNAGGVTVSYFEWVQNITGY
YWTIEEVRERLDKKMTKAFYDVYNIAKEKNIHMRDAAYVVAVQRVYQAMLDRGWVKH
>1bvua
QDPFEIAVKQLERAAQYMDISEEALEFLKRPQRIVEVSIPVEMDDGSVKVFTGFRVQYNW
ARGPTKGGIRWHPEETLSTVKALAAWMTWKTAVMDLPYGGGKGGVICNPKEMSDREKERL
ARGYVRAIYDVISPYTDIPAPDVYTNPQIMAWMMDEYETISRRKDPSFGVITGKPPSVGG
IVARMDATARGASYTVREAAKALGMDLKGKTIAIQGYGNAGYYMAKIMSEEYGMKVVAVS
DTKGGIYNPDGLNADEVLAWKKKTGSVKDFPGATNITNEELLELEVDVLAPSAIEEVITK
KNADNIKAKIVAELANGPTTPEADEILYEKGILIIPDFLCNAGGVTVSYFEWVQNITGDY
WTVEETRAKLDKKMTKAFWDVYNTHKEKNINMRDAAYVVAVSRVYQAMKDRGWIKK
>1euza
IDPFEMAVKQLERAAQYMDISEEALEWLKKPMRIVEVSVPIEMDDGSVKVFTGFRVQHNW
ARGPTKGGIRWHPAETLSTVKALATWMTWKVAVVDLPYGGGKGGIIVNPKELSEREQERL
ARAYIRAVYDVIGPWTDIPAPDVYTNPKIMGWMMDEYETIMRRKGPAFGVITGKPLSIGG
SLGRGTATAQGAIFTIREAAKALGIDLKGKKIAVQGYGNAGYYTAKLAKEQLGMTVVAVS
DSRGGIYNPDGLDPDEVLKWKREHGSVKDFPGATNITNEELLELEVDVLAPAAIEEVITE
KNADNIKAKIVAEVANGPVTPEADDILREKGILQIPDFLCNAGGVTVSYFEWVQNINGYY
WTEEEVREKLDKKMTKAFWEVYNTHKDKNIHMRDAAYVVAVSRVYQAMKDRGWVKK
>1b26a
SLYEMAVEQFNRAASLMDLESDLAEVLRRPKRVLIVEFPVRMDDGHVEVFTGYRVQHNVA
RGPAKGGIRYHPDVTLDEVKALAFWMTWKTAVMNLPFGGGKGGVRVDPKKLSRNELERLS
RRFFSEIQVIIGPYNDIPAPDVNTNADVIAWYMDTYSMNVGHTVLGIVTGKPVELGGSKG
REEATGRGVKVCAGLAMDVLGIDPKKATVAVQGFGNVGQFAALLISQELGSKVVAVSDSR
GGIYNPEGFDVEELIRYKKEHGTVVTYPKGERITNEELLELDVDILVPAALEGAIHAGNA
ERIKAKAVVEGANGPTTPEADEILSRRGILVVPDILANAGGVTVSYFEWVQDLQSFFWDL
DQVRNALEKMMKGAFNDVMKVKEKYNVDMRTAAYILAIDRVAYATKKRG
>1hwxa
ADREDDPNFFKMVEGFFDRGASIVEDKLVEDLKTRQTQEQKRNRVRGILRIIKPCNHVLS
LSFPIRRDDGSWEVIEGYRAQHSHQRTPCKGGIRYSTDVSVDEVKALASLMTYKCAVVDV
PFGGAKAGVKINPKNYTDEDLEKITRRFTMELAKKGFIGPGVDVPAPNMSTGEREMSWIA
DTYASTIGHYDINAHACVTGKPISQGGIHGRISATGRGVFHGIENFIENASYMSILGMTP
GFGDKTFAVQGFGNVGLHSMRYLHRFGAKCVAVGESDGSIWNPDGIDPKELEDFKLQHGT
ILGFPKAKIYEGSILEVDCDILIPAASEKQLTKSNAPRVKAKIIAEGANGPTTPQADKIF
LERNIMVIPDLYLNAGGVTVSYFQILKNLNHVSYGRLTFKYERDSNYHLLMSVQESLERK
FGKHGGTIPIVPTAEFQDRISGASEKDIVHSGLAYTMERSARQIMRTAMKYNLGLDLRTA
AYVNAIEKVFRVYNEAGVTFT
>1bgva
SKYVDRVIAEVEKKYADEPEFVQTVEEVLSSLGPVVDAHPEYEEVALLERMVIPERVIEF
RVPWEDDNGKVHVNTGYRVQFNGAIGPYKGGLRFAPSVNLSIMKFLGFEQAFKDSLTTLP
MGGAKGGSDFDPNGKSDREVMRFCQAFMTELYRHIGPDIDVPAGDLGVGAREIGYMYGQY
RKIVGGFYNGVLTGKARSFGGSLVRPEATGYGSVYYVEAVMKHENDTLVGKTVALAGFGN
VAWGAAKKLAELGAKAVTLSGPDGYIYDPEGITTEEKINYMLEMRASGRNKVQDYADKFG
VQFFPGEKPWGQKVDIIMPCATQNDVDLEQAKKIVANNVKYYIEVANMPTTNEALRFLMQ
QPNMVVAPSKAVNAGGVLVSGFEMSQNSERLSWTAEEVDSKLHQVMTDIHDGSAAAAERY
GLGYNLVAGANIVGFQKIADAMMAQGIAW
