>1ajsa
APPSVFAEVPQAQPVLVFKLIADFREDPDPRKVNLGVGAYRTDDCQPWVLPVVRKVEQRI
ANNSSLNHEYLPILGLAEFRTCASRLALGDDSPALQEKRVGGVQSLGGTGALRIGAEFLA
RWYNGTNNKDTPVYVSSPTWENHNGVFTTAGFKDIRSYRYWDTEKRGLDLQGFLSDLENA
PEFSIFVLHACAHNPTGTDPTPEQWKQIASVMKRRFLFPFFDSAYQGFASGNLEKDAWAI
RYFVSEGFELFCAQSFSKNFGLYNERVGNLTVVAKEPDSILRVLSQMQKIVRVTWSNPPA
QGARIVARTLSDPELFHEWTGNVKTMADRILSMRSELRARLEALKTPGTWNHITDQIGMF
SFTGLNPKQVEYLINQKHIYLLPSGRINMCGLTTKNLDYVATSIHEAVTKIQ
>2csta
AASIFAAVPRAPPVAVFKLTADFREDGDSRKVNLGVGAYRTDEGQPWVLPVVRKVEQLIA
GDGSLNHEYLPILGLPEFRANASRIALGDDSPAIAQKRVGSVQGLGGTGALRIGAEFLRR
WYNGNNNTATPVYVSSPTWENHNSVFMDAGFKDIRTYRYWDAAKRGLDLQGLLDDMEKAP
EFSIFILHACAHNPTGTDPTPDEWKQIAAVMKRRCLFPFFDSAYQGFASGSLDKDAWAVR
YFVSEGFELFCAQSFSKNFGLYNERVGNLSVVGKDEDNVQRVLSQMEKIVRTTWSNPPSQ
GARIVATTLTSPQLFAEWKDNVKTMADRVLLMRSELRSRLESLGTPGTWNHITDQIGMFS
FTGLNPKQVEYMIKEKHIYLMASGRINMCGLTTKNLDYVAKSIHEAVTKIQ
>1yaaa
SATLFNNIELLPPDALFGIKQRYGQDQRATKVDLGIGAYRDDNGKPWVLPSVKAAEKLIH
NDSSYNHEYLGITGLPSLTSNAAKIIFGTQSDALQEDRVISVQSLSGTGALHISAKFFSK
FFPDKLVYLSKPTWANHMAIFENQGLKTATYPYWANETKSLDLNGFLNAIQKAPEGSIFV
LHSCAHNPTGLDPTSEQWVQIVDAIASKNHIALFDTAYQGFATGDLDKDAYAVRLGVEKL
STVSPVFVCQSFAKNAGMYGERVGCFHLALTKQAQNKTIKPAVTSQLAKIIRSEVSNPPA
YGAKIVAKLLETPELTEQWHKDMVTMSSRITKMRHALRDHLVKLGTPGNWDHIVNQCGMF
SFTGLTPQMVKRLEETHAVYLVASGRASIAGLNQGNVEYVAKAIDEVVRFYA
>1ama
SSWWSHVEMGPPDPILGVTEAFKRDTNSKKMNLGVGAYRDDNGKPYVLNCVRKAEAMIAA
KKMDKEYLPIAGLADFTRASAELALGENSEAFKSGRYVTVQGISGTGSLRVGANFLQRFF
KFSRDVYLPKPSWGNHTPIFRDAGLQLQAYRYYDPKTCSLDFTGAMEDISKIPEKSIILL
HACAHNPTGVDPRQEQWKELASVVKKRNLLAYFDMAYQGFASGDINRDAWALRHFIEQGI
DVVLSQSYAKNMGLYGERAGAFTVICRDAEEAKRVESQLKILIRPMYSNPPMNGARIASL
ILNTPELRKEWLVEVKGMADRIISMRTQLVSNLKKEGSSHNWQHITDQIGMFCFTGLKPE
QVERLTKEFSIYMTKDGRISVAGVASSNVGYLAHAIHQVTK
>1ay8a
MLGNLKPQAPDKILALMGEFRADPRQGKIDLGVGVYKDATGHTPIMRAVHAAEQRMLETE
TTKTYAGLSGEPEFQKAMGELILGDGLKSETTATLATVGGTGALRQALELARMANPDLRV
FVSDPTWPNHVSIMNFMGLPVQTYRYFDAETRGVDFEGMKADLAAAKKGDMVLLHGCCHN
PTGANLTLDQWAEIASILEKTGALPLIDLAYQGFGDGLEEDAAGTRLIASRIPEVLIAAS
CSKNFGIYRERTGCLLALCADAATRELAQGAMAFLNRQTYSFPPFHGAKIVSTVLTTPEL
RADWMAELEAVRSGMLRLREQLAGELRDLSGSDRFGFVAEHRGMFSRLGATPEQVKRIKE
EFGIYMVGDSRINIAGLNDNTIPILARAIIEVGV
>1ars
MFENITAAPADPILGLADLFRADERPGKINLGIGVYKDETGKTPVLTSVKKAEQYLLENE
TTKNYLGIDGIPEFGRCTQELLFGKGSALINDKRARTAQTPGGTGALRVAADFLAKNTSV
KRVWVSNPSWPNHKSVFNSAGLEVREYAYYDAENHTLDFDALINSLNEAQAGDVVLFHGC
CHNPTGIDPTLEQWQTLAQLSVEKGWLPLFDFAYQGFARGLEEDAEGLRAFAAMHKELIV
ASSYSKNFGLYNERVGACTLVAADSETVDRAFSQMKAAIRANYSNPPAHGASVVATILSN
DALRAIWEQELTDMRQRIQRMRQLFVNTLQEKGANRDFSFIIKQNGMFSFSGLTKEQVLR
LREEFGVYAVASGRVNVAGMTPDNMAPLCEAIVAVL
>3tata
MFQKVDAYAGDPILTLMERFKEDPRSDKVNLSIGLYYNEDGIIPQLQAVAEAEARLNAQP
HGASLYLPMEGLNCYRHAIAPLLFGADHPVLKQQRVATIQTLGGSGALKVGADFLKRYFP
ESGVWVSDPTWENHVAIFAGAGFEVSTYPWYDEATNGVRFNDLLATLKTLPARSIVLLHP
CCHNPTGADLTNDQWDAVIEILKARELIPFLDIAYQGFGAGMEEDAYAIRAIASAGLPAL
VSNSFSKIFSLYGERVGGLSVMCEDAEAAGRVLGQLKATVRRNYSSPPNFGAQVVAAVLN
DEALKASWLAEVEEMRTRILAMRQELVKVLSTEMPERNFDYLLNQRGMFSYTGLSAAQVD
RLREEFGVYLIASGRMCVAGLNTANVQRVAKAFAAVM
>1b8ga
MLSRNATSSYFLGWQEYEKNPYHEVHNTNGIIQMGLAENQLCFDLLESWLAKNPEAAAFK
KNGESIFAELALFQDYHGLPAFKKAMVDFMAEIRGNKVTFDPNHLVLTAGATSANETFIF
CLADPGEAVLIPTPYYPGFDRDLKWRTGVEIVPIHCTSSNGFQITETALEEAYQEAEKRN
LRVKGVLVTNPSNPLGTTMTRNELYLLLSFVEDKGIHLISDEIYSGTAFSSPSFISVMEV
LKDRNCDENSEVWQRVHVVYSLSKDLGLPGFRVGAIYSNDDMVVAAATKMSSFGLVSSQT
QHLLSAMLSDKKLTKNYIAENHKRLKQRQKKLVSGLQKSGISCLNGNAGLFCWVDMRHLL
RSNTFEAEMELWKKIVYEVHLNISPGSSCHCTEPGWFRVCFANLPERTLDLAMQRLKAFV
G
>1bjwa
MRGLSRRVQAMKPSATVAVNAKALELRRQGVDLVALTAGEPDFDTPEHVKEAARRALAQG
KTKYAPPAGIPELREALAEKFRRENGLSVTPEETIVTVGGKQALFNLFQAILDPGDEVIV
LSPYWVSYPEMVRFAGGVVVEVETLPEEGFVPDPERVRRAITPRTKALVVNSPNNPTGAV
YPKEVLEALARLAVEHDFYLVSDEIYEHLLYEGEHFSPGRVAPEHTLTVNGAAAFAMTGW
RIGYACGPKEVIKAMASVSSQSTTSPDTIAQWATLEALTNQEASRAFVEMAREAYRRRRD
LLLEGLTALGLKAVRPSGAFYVLMDTSPIAPDEVRAAERLLEAGVAVVPGTDFAAFGHVR
LSYATSEENLRKALERFARVL
>1bw0a
WDVSMSNHAGLVFNPIRTVSDNAKPSPSPKPIIKLSVGDPTLDKNLLTSAAQIKKLKEAI
DSQECNGYFPTVGSPEAREAVATWWRNSFVHKEELKSTIVKDNVVLCSGGSHGILMAITA
ICDAGDYALVPQPGFPHYETVCKAYGIGMHFYNCRPENDWEADLDEIRRLKDDKTKLLIV
TNPSNPCGSNFSRKHVEDIVRLAEELRLPLFSDEIYAGMVFKGKDPNATFTSVADFETTV
PRVILGGTANLVVPGWRLGWLLYVDPHGNGPSFLEGLKRVGMLVCGPCTVVQAALGEALL
NTPQEHLDQIVAKIEESAMYLYNHIGECIGLAPTMPRGAMYLMSRIDLEKYRDIKTDVEF
FEKLLEEENVQVLPGTIFHAPGFTRLTTTRPVEVYREAVERIKAFCQRHAA
