>1maha
EDPQLLVRVRGGQLRGIRLKAPGGPVSAFLGIPFAEPPVGSRRFMPPEPKRPWSGVLDAT
TFQNVCYQYVDTLYPGFEGTEMWNPNRELSEDCLYLNVWTPYPRPASPTPVLIWIYGGGF
YSGAASLDVYDGRFLAQVEGAVLVSMNYRVGTFGFLALPGSREAPGNVGLLDQRLALQWV
QENIAAFGGDPMSVTLFGESAGAASVGMHILSLPSRSLFHRAVLQSGTPNGPWATVSAGE
ARRRATLLARLVGCNDTELIACLRTRPAQDLVDHEWHVLPQESIFRFSFVPVVDGDFLSD
TPEALINTGDFQDLQVLVGVVKDEGSYFLVYGVPGFSKDNESLISRAQFLAGVRIGVPQA
SDLAAEAVVLHYTDWLHPEDPTHLRDAMSAVVGDHNVVCPVAQLAGRLAAQGARVYAYIF
EHRASTLTWPLWMGVPHGYEIEFIFGLPLDPSLNYTTEERIFAQRLMKYWTNFARTGDPN
DPRDSKSPQWPPYTTAAQQYVSLNLKPLEVRRGLRAQTCAFWNRFLPKLLSAT
>2ace
SELLVNTKSGKVMGTRVPVLSSHISAFLGIPFAEPPVGNMRFRRPEPKKPWSGVWNASTY
PNNCQQYVDEQFPGFSGSEMWNPNREMSEDCLYLNIWVPSPRPKSTTVMVWIYGGGFYSG
SSTLDVYNGKYLAYTEEVVLVSLSYRVGAFGFLALHGSQEAPGNVGLLDQRMALQWVHDN
IQFFGGDPKTVTIFGESAGGASVGMHILSPGSRDLFRRAILQSGSPNCPWASVSVAEGRR
RAVELGRNLNCNLNSDEELIHCLREKKPQELIDVEWNVLPFDSIFRFSFVPVIDGEFFPT
SLESMLNSGNFKKTQILLGVNKDEGSFFLLYGAPGFSKDSESKISREDFMSGVKLSVPHA
NDLGLDAVTLQYTDWMDDNNGIKNRDGLDDIVGDHNVICPLMHFVNKYTKFGNGTYLYFF
NHRASNLVWPEWMGVIHGYEIEFVFGLPLVKELNYTAEEEALSRRIMHYWATFAKTGNPN
ESKWPLFTTKEQKFIDLNTEPMKVHQRLRVQMCVFWNQFLPKLLNAT
>1clea
APTAKLANGDTITGLNAIINEAFLGIPFAEPPVGNLRFKDPVPYSGSLNGQKFTSYGPSC
MQQNPEGTFEENLGKTALDLVMQSKVFQAVLPQSEDCLTINVVRPPGTKAGANLPVMLWI
FGGGFEIGSPTIFPPAQMVTKSVLMGKPIIHVAVNYRVASWGFLAGDDIKAEGSGNAGLK
DQRLGMQWVADNIAGFGGDPSKVTIFGESAGSMSVLCHLIWNDGDNTYKGKPLFRAGIMQ
SGAMVPSDPVDGTYGNEIYDLFVSSAGCGSASDKLACLRSASSDTLLDATNNTPGFLAYS
SLRLSYLPRPDGKNITDDMYKLVRDGKYASVPVIIGDQNDEGTVFGLSSLNVTTNAQARA
YFKQSFIHASDAEIDTLMAAYPQDITQGSPFDTGIFNAITPQFKRISAVLGDLAFIHARR
YFLNHFQGGTKYSFLSKQLSGLPIMGTFHANDIVWQDYLLGSGSVIYNNAFIAFATDLDP
NTAGLLVNWPKYTSSSQSGNNLMMINALGLYTGKDNFRTAGYDALMTNPSSFFV
>1trh
APTATLANGDTITGLNAIINEAFLGIPFAEPPVGNLRFKDPVPYSGSLDGQKFTSYGPSC
MQQNPEGTYEENLPKAALDLVMQSKVFEAVSPSSEDCLTINVVRPPGTKAGANLPVMLWI
FGGGFEVGGTSTFPPAQMITKSIAMGKPIIHVSVNYRVSSWGFLAGDEIKAEGSANAGLK
DQRLGMQWVADNIAAFGGDPTKVTIFGESAGSMSVMCHILWNDGDNTYKGKPLFRAGIMQ
SGAMVPSDAVDGIYGNEIFDLLASNAGCGSASDKLACLRGVSSDTLEDATNNTPGFLAYS
SLRLSYLPRPDGVNITDDMYALVREGKYANIPVIIGDQNDEGTFFGTSSLNVTTDAQARE
YFKQSFVHASDAEIDTLMTAYPGDITQGSPFDTGILNALTPQFKRISAVLGDLGFTLARR
YFLNHYTGGTKYSFLSKQLSGLPVLGTFHSNDIVFQDYLLGSGSLIYNNAFIAFATDLDP
NTAGLLVKWPEYTSSSQSGNNLMMINALGLYTGKDNFRTAGYDALFSNPPSFFV
>1thg
APTAVLNGNEVISGVLEGKVDTFKGIPFADPPLNDLRFKHPQPFTGSYQGLKANDFSPAC
MQLDPGNSLTLLDKALGLAKVIPEEFRGPLYDMAKGTVSMNEDCLYLNVFRPAGTKPDAK
LPVMVWIYGGAFVYGSSAAYPGNSYVKESINMGQPVVFVSINYRTGPFGFLGGDAITAEG
NTNAGLHDQRKGLEWVSDNIANFGGDPDKVMIFGESAGAMSVAHQLIAYGGDNTYNGKKL
FHSAILQSGGPLPYHDSSSVGPDISYNRFAQYAGCDTSASANDTLECLRSKSSSVLHDAQ
NSYDLKDLFGLLPQFLGFGPRPDGNIIPDAAYELFRSGRYAKVPYISGNQEDEGTAFAPV
ALNATTTPHVKKWLQYIFYDASEASIDRVLSLYPQTLSVGSPFRTGILNALTPQFKRVAA
ILSDMLFQSPRRVMLSATKDVNRWTYLSTHLHNLVPFLGTFHGNELIFQFNVNIGPANSY
LRYFISFANHHDPNVGTNLLQWDQYTDEGKEMLEIHMTDNVMRTDDYRIEGISNFETDVN
LYG
>2bce
AKLGSVYTEGGFVEGVNKKLSLFGDSVDIFKGIPFAAAPKALEKPERHPGWQGTLKAKSF
KKRCLQATLTQDSTYGNEDCLYLNIWVPQGRKEVSHDLPVMIWIYGGAFLMGLSNYLYDG
EEIATRGNVIVVTFNYRVGPLGFLSTGDSNLPGNYGLWDQHMAIAWVKRNIEAFGGDPDQ
ITLFGESAGGASVSLQTLSPYNKGLIKRAISQSGVGLCPWAIQQDPLFWAKRIAEKVGCP
VDDTSKMAGCLKITDPRALTLAYKLPLGSTEYPKLHYLSFVPVIDGDFIPDDPVNLYANA
ADVDYIAGTNDMDGHLFVGMDVPAINSNKQDVTEEDFYKLVSGLTVTKGLRGAQATYEVY
TEPWAQDSSQETRKKTMVDLETDILFLIPTKIAVAQHKSHAKSANTYTYLFSQPSRMPIY
PKWMGADHADDLQYVFGKPFATPLGYRAQDRTVSKAMIAYWTNFARTGDPNTGHSTVPAN
WDPYTLEDDNYLEINKQMDSNSMKLHLRTNYLQFWTQTYQALPTVTPVVIGF
