>1bo4a
GIIRTCRLGPDQVKSMRAALDLFGREFGDVATYSQHQPDSDYLGNLLRSKTFIALAAFDQ
EAVVGALAAYVLPKFEQPRSEIYIYDLAVSGEHRRQGIATALINLLKHEANALGAYVIYV
QADYGDDPAVALYTKL
>1cm0a
KVIEFHVVGNSLNQKPNKKILMWLVGLQNVFSHQLPRMPKEYITRLVFDPKHKTLALIKD
GRVIGGICFRMFPSQGFTEIVFCAVTSNEQVKGYGTHLMNHLKEYHIKHDILNFLTYADE
YAIGYFKKQGFSKEIKIPKTKYVGYIKDYEGATLMGCELNPR
>1ygha
KIEFRVVNNDNTKENMMVLTGLKNIFQKQLPKMPKEYIARLVYDRSHLSMAVIRKPLTVV
GGITYRPFDKREFAEIVFCAISSTEQVRGYGAHLMNHLKDYVRNTSNIKYFLTYADNYAI
GYFKKQGFTKEITLDKSIWMGYIKDYEGGTLMQCSMLPRIRYLD
>1qsta
LDFDILTNDGTHRNMKLLIDLKNIFSRQLPKMPKEYIVKLVFDRHHESMVILKNKQKVIG
GICFRQYKPQRFAEVAFLAVTANEQVRGYGTRLMNKFKDHMQKQNIEYLLTYADNFAIGY
FKKQGFTKEHRMPQEKWKGYIKDYDGGTLMECYIHPYVDY
>1b87a
MIISEFDRNNPVLKDQLSDLLRLTWPEEYGDSSAEEVEEMMNPERIAVAAVDQDELVGFI
GAIPQYGITGWELHPLVVESSRRKNQIGTRLVNYLEKEVASRGGITIYLGTDDLDHGTTL
SQTDLYEHTFDKVASIQNLREHPYEFYEKLGYKIVGVLPNANGWDKPDIWMAKTIIPRPD
S
>1cjwa
HTLPANEFRCLTPEDAAGVFEIEREAFISVSGNCPLNLDEVQHFLTLCPELSLGWFVEGR
LVAFIIGSLWDEERLTQESLALHRPRGHSAHLHALAVHRSFRQQGKGSVLLWRYLHHVGA
QPAVRRAVLMCEDALVPFYQRFGFHPAGPCAIVVGSLTFTEMHCSL
