>1dgja
EFGADAALRMPENTLHLALAQAKVSHALIKGIDTSEAEKMPGVYKVLTHKDVKGKNRITG
LITFPTNKGDGWERPILNDSKIFQYGDALAIVCADSEANARAAAEKVKFDLELLPEYMSA
PEAMAPDAIEIHPGTPNVYYDQLEEKGEDTVPFFNDPANVVAEGSYYTQRQPHLPIEPDV
GYGYINEQGQVVIHSKSVAIHLHALMIAPGLGLEFPKDLVLVQNTTGGTFGYKFSPTMEA
LVGVAVMATGRPCHLRYNYEQQQNYTGKRSPFWTTMRYAADRQGKILAMETDWSVDHGPY
SEFGDLLTLRGAQYIGAGYGIANIRGTGRTVATNHCWGAAFRGYGAPESEFPSEVLMDEL
AEKLGMDPFELRALNCYREGDTTSSGQIPEVMSLPEMFDKMRPYYEESKKRVKERSTAEI
KRGVGVALGVYGAGLDGPDTSEAWVELNDDGSVTLGNSWEDHGQGADAGSLGTAHEALRP
LGITPENIHLVMNDTSKTPNSGPAGGSRSQVVTGNAIRVACEMLIEGMRKPGGGFFTPAE
MKAEGRPMRYDGKWTAPAKDCDAKGQGSPFACYMYGLFLTEVAVEVATGKATVEKMVCVA
DIGKICNKLVVDGQIYGGLAQGVGLALSEDYEDLKKHSTMGGAGIPSIKMIPDDIEIVYV
ETPRKDGPFGASGVGEMPLTAPHAAIINGIYNACGARVRHLPARPEKVLEAMP
>1hlra
DYGADLGLKMPAGTLHLAMVQAKVSHANIKGIDTSEALTMPGVHSVITHKDVKGKNRITG
LITFPTNKGDGWDRPILCDEKVFQYGDCIALVCADSEANARAAAEKVKVDLEELPAYMSG
PAAAAEDAIEIHPGTPNVYFEQPIVKGEDTGPIFASADVTVEGDFYVGRQPHMPIEPDVA
FAYMGDDGKCYIHSKSIGVHLHLYMIAPGVGLEPDQLVLVANPMGGTFGYKFSPTSEALV
AVAAMATGRPVHLRYNYQQQQQYTGKRSPWEMNVKFAAKKDGTLLAMESDWLVDHGPYSE
FGDLLTLRGAQFIGAGYNIPNIRGLGRTVATNHVWGSAFRGYGAPQSMFASECLMDMLAE
KLGMDPLELRYKNAYRPGDTNPTGQEPEVFSLPDMIDQLRPKYQAALEKAQKESTATHKK
GVGISIGVYGSGLDGPDASEAWAELNADGTITVHTAWEDHGQGADIGCVGTAHEALRPMG
VAPEKIKFTWPNTATTPNSGPSGGSREQVMTGNAIRVACENLLKACEKPGGGYYTYDELK
AADKPTKITGNWTASGATHCDAVTGLGKPFVVYMYGVFMAEVTVDVATGQTTVDGMTLMA
DLGSLCNQLATDGQIYGGLAQGIGLALSEDFEDIKKHATLVGAGFPFIKQIPDKLDIVYV
NHPRPDGPFGASGVGELPLTSPHAAIINAIKSATGVRIYRLPAYPEKVLEALKA
>1fo4a
KLDPTYTSATLLFQKHPPANIQLFQEVPNGQSKEDTVGRPLPHLAAAMQASGEAVYCDDI
PRYENELFLRLVTSTRAHAKIKSIDVSEAQKVPGFVCFLSADDIPGSNETGLFNDETVFA
KDTVTCVGHIIGAVVADTPEHAERAAHVVKVTYEDLPAIITIEDAIKNNSFYGSELKIEK
GDLKKGFSEADNVVSGELYIGGQDHFYLETHCTIAIPKGEEGEMELFVSTQNAMKTQSFV
AKMLGVPVNRILVRVKRMGGGFGGKETRSTLVSVAVALAAYKTGHPVRCMLDRNEDMLIT
GGRHPFLARYKVGFMKTGTIVALEVDHYSNAGNSRDLSHSIMERALFHMDNCYKIPNIRG
TGRLCKTNLSSNTAFRGFGGPQALFIAENWMSEVAVTCGLPAEEVRWKNMYKEGDLTHFN
QRLEGFSVPRCWDECLKSSQYYARKSEVDKFNKENCWKKRGLCIIPTKFGISFTVPFLNQ
AGALIHVYTDGSVLVSHGGTEMGQGLHTKMVQVASKALKIPISKIYISETSTNTVPNSSP
TAASVSTDIYGQAVYEACQTILKRLEPFKKKNPDGSWEDWVMAAYQDRVSLSTTGFYRTP
NLGYSFETNSGNAFHYFTYGVACSEVEIDCLTGDHKNLRTDIVMDVGSSLNPAIDIGQVE
GAFVQGLGLFTLEELHYSPEGSLHTRGPSTYKIPAFGSIPTEFRVSLLRDCPNKKAIYAS
KAVGEPPLFLGASVFFAIKDAIRAARAQHTNNNTKELFRLDSPATPEKIRNACVDKFTTL
CVTGAPGNCKPWSLRV
>1jrob
SVGKPLPHDSARAHVTGQARYLDDLPCPANTLHLAFGLSTEASAAITGLDLEPVRESPGV
IAVFTAADLPHDNDASPAPSPEPVLATGEVHFVGQPIFLVAATSHRAARIAARKARITYA
PRPAILTLDQALAADSRFEGGPVIWARGDVETALAGAAHLAEGCFEIGGQEHFYLEGQAA
LALPAEGGVVIHCSSQHPSEIQHKVAHALGLAFHDVRVEMRRMGGGFGGKESQGNHLAIA
CAVAARATGRPCKMRYDRDDDMVITGKRHDFRIRYRIGADASGKLLGADFVHLARCGWSA
DLSLPVCDRAMLHADGSYFVPALRIESHRLRTNTQSNTAFRGFGGPQGALGMERAIEHLA
RGMGRDPAELRALNFYDPPKKTQTTHYGQEVADCVLGELVTRLQKSANFTTRRAEIAAWN
STNRTLARGIALSPVKFGISFTLTHLNQAGALVQIYTDGSVALNHGGTEMGQGLHAKMVQ
VAAAVLGIDPVQVRITATDTSKVPNTSATAASSGADMNGMAVKDACETLRGRLAGFVAAR
EGCAARDVIFDAGQVQASGKSWRFAEIVAAAYMARISLSATGFYATPKLSWDRLRGQGRP
FLYFAYGAAITEVVIDRLTGENRILRTDILHDAGASLNPALDIGQIEGAYVQGAGWLTTE
ELVWDHCGRLMTHAPSTYKIPAFSDRPRIFNVALWDQPNREETIFRSKAVGEPPFLLGIS
AFLALHDACAACGPHWPDLQAPATPEAVLAAVRRAEGRA
>1ffvb
DAEARELALAGMGASRLRKEDARFIQGKGNYVDDIKMPGMLHMDIVRAPIAHGRIKKIHK
DAALAMPGVHAVLTAEDLKPLKLHWMPTLAGDVAAVLADEKVHFQMQEVAIVIADDRYIA
ADAVEAVKVEYDELPVVIDPIDALKPDAPVLREDLAGKTSGAHGPREHHNHIFTWGAGDK
AATDAVFANAPVTVSQHMYYPRVHPCPLETCGCVASFDPIKGDLTTYITSQAPHVVRTVV
SMLSGIPESKVRIVSPDIGGGFGNKVGIYPGYVCAIVASIVLGRPVKWVEDRVENISTTA
FARDYHMDGELAATPDGKILGLRVNVVADHGAFDACADPTKFPAGLFHICSGSYDIPRAH
CSVKGVYTNKAPGGVAYSFRVTEAVYLIERMVDVLAQKLNMDKAEIRAKNFIRKEQFPYT
TQFGFEYDSGDYHTALKKVLDAVDYPALRAEQAARRADPNSPTLMGIGLVTFTEVVGAGP
SKMCDILGVGMFDSCEIRIHPTGSAIARMGTITQGQGHQTTYAQIIATELGIPSEVIQVE
EGDTSTAPYGLGTYGSRSTPVAGAAIALAARKIHAKARKIAAHMLEVNENDLDWEVDRFK
VKGDDSKFKTMADIAWQAYHQPPAGLEPGLEAVHYYDPPNFTYPFGIYLCVVDIDRATGE
TKVRRFYALDDCGTRINPMIIEGQIHGGLTEGYAVAMGQQMPFDAQGNLLGNTLMDYFLP
TAVETPHWETDHTVTPSPHHPIGAKGVAESPHVGSIPTFTAAVVDAFAHVGVTHLDMPHT
SYRVWKSLKEHNLAL
>1n62b
TVEPTSAERAEKLQGMGCKRKRVEDIRFTQGKGNYVDDVKLPGMLFGDFVRSSHAHARIK
SIDTSKAKALPGVFAVLTAADLKPLNLHYMPTLAGDVQAVLADEKVLFQNQEVAFVVAKD
RYVAADAIELVEVDYEPLPVLVDPFKAMEPDAPLLREDIKDKMTGAHGARKHHNHIFRWE
IGDKEGTDATFAKAEVVSKDMFTYHRVHPSPLETCQCVASMDKIKGELTLWGTFQAPHVI
RTVVSLISGLPEHKIHVIAPDIGGGFGNKVGAYSGYVCAVVASIVLGVPVKWVEDRMENL
STTSFARDYHMTTELAATKDGKILAMRCHVLADHGAFDACADPSKWPAGFMNICTGSYDM
PVAHLAVDGVYTNKASGGVAYRCSFRVTEAVYAIERAIETLAQRLEMDSADLRIKNFIQP
EQFPYMAPLGWEYDSGNYPLAMKKAMDTVGYHQLRAEQKAKQEAFKRGETREIMGIGISF
FTEIVGAGPSKNCDILGVSMFDSAEIRIHPTGSVIARMGTKSQGQGHETTYAQIIATELG
IPADDIMIEEGNTDTAPYGLGTYGSRSTPTAGAATAVAARKIKAKAQMIAAHMLEVHEGD
LEWDVDRFRVKGLPEKFKTMKELAWASYNSPPPNLEPGLEAVNYYDPPNMTYPFGAYFCI
MDIDVDTGVAKTRRFYALDDCGTRINPMIIEGQVHGGLTEAFAVAMGQEIRYDEQGNVLG
ASFMDFFLPTAVETPKWETDYTVTPSPHHPIGAKGVGESPHVGGVPCFSNAVNDAYAFLN
AGHIQMPHDAWRLWKVGEQLGLHV
