>1ah4
SHLVLYTGAKMPILGLGTWKSPPGKVTEAVKVAIDLGYRHIDCAHVYQNENEVGLGLQEK
LQGQVVKREDLFIVSKLWCTDHEKNLVKGACQTTLRDLKLDYLDLYLIHWPTGFKPGKDP
FPLDGDGNVVPDESDFVETWEAMEELVDEGLVKAIGVSNFNHLQVEKILNKPGLKYKPAV
NQIEVHPYLTQEKLIEYCKSKGIVVTAYSPLGSPDRPWAKPEDPSLLEDPRIKAIAAKYN
KTTAQVLIRFPMQRNLIVIPKSVTPERIAENFQVFDFELSPEDMNTLLSYNRNWRVCALM
SCASHKDYPFHEEY
>1ads
ASRLLLNNGAKMPILGLGTWKSPPGQVTEAVKVAIDVGYRHIDCAHVYQNENEVGVAIQE
KLREQVVKREELFIVSKLWCTYHEKGLVKGACQKTLSDLKLDYLDLYLIHWPTGFKPGKE
FFPLDESGNVVPSDTNILDTWAAMEELVDEGLVKAIGISNFNHLQVEMILNKPGLKYKPA
VNQIECHPYLTQEKLIQYCQSKGIVVTAYSPLGSPDRPWAKPEDPSLLEDPRIKAIAAKH
NKTTAQVLIRFPMQRNLVVIPKSVTPERIAENFKVFDFELSSQDMTTLLSYNRNWRVCAL
LSCTSHKDYPFHEEF
>1frb
ATFVELSTKAKMPIVGLGTWKSPPNQVKEAVKAAIDAGYRHIDCAYAYCNENEVGEAIQE
KIKEKAVQREDLFIVSKLWPTCFEKKLLKEAFQKTLTDLKLDYLDLYLIHWPQGLQPGKE
LFPKDDQGRILTSKTTFLEAWEGMEELVDQGLVKALGVSNFNHFQIERLLNKPGLKHKPV
TNQVECHPYLTQEKLIQYCHSKGISVTAYSPLGSPDRPSAKPEDPSLLEDPKIKEIAAKH
EKTSAQVLIRFHIQRNVVVIPKSVTPSRIQENIQVFDFQLSDEEMATILSFNRNWRACLL
PETVNMEEYPYDAE
>2alr
AASCVLLHTGQKMPLIGLGTWKSEPGQVKAAVKYALSVGYRHIDCAAIYGNEPEIGEALK
EDVGPGKAVPREELFVTSKLWNTKHHPEDVEPALRKTLADLQLEYLDLYLMHWPYAFERG
DNPFPKNADGTICYDSTHYKETWKALEALVAKGLVQALGLSNFNSRQIDDILSVASVRPA
VLQVECHPYLAQNELIAHCQARGLEVTAYSPLGVLLEEPVVLALAEKYGRSPAQILLRWQ
VQRKVICIPKSITPSRILQNIKVFDFTFSPEEMKQLNALNKNWRYIVPMLTVDGKRVPRD
AGHPLYPFNDPY
>1afsa
MDSISLRVALNDGNFIPVLGFGTTVPEKVAKDEVIKATKIAIDNGFRHFDSAYLYEVEEE
VGQAIRSKIEDGTVKREDIFYTSKLWSTFHRPELVRTCLEKTLKSTQLDYVDLYIIHFPM
ALQPGDIFFPRDEHGKLLFETVDICDTWEAMEKCKDAGLAKSIGVSNFNCRQLERILNKP
GLKYKPVCNQVECHLYLNQSKMLDYCKSKDIILVSYCTLGSSRDKTWVDQKSPVLLDDPV
LCAIAKKYKQTPALVALRYQLQRGVVPLIRSFNAKRIKELTQVFEFQLASEDMKALDGLN
RNFRYNNAKYFDDHPNHPF
>1a80
TVPSIVLNDGNSIPQLGYGVFKVPPADTQRAVEEALEVGYRHIDTAAIYGNEEGVGAAIA
ASGIARDDLFITTKLWNDRHDGDEPAAAIAESLAKLALDQVDLYLVHWPTPAADNYVHAW
EKMIELRAAGLTRSIGVSNHLVPHLERIVAATGVVPAVNQIELHPAYQQREITDWAAAHD
VKIESWGPLGQGKYDLFGAEPVTAAAAAHGKTPAQAVLRWHLQKGFVVFPKSVRRERLEE
NLDVFDFDLTDTEIAAIDAMDPGDGSGRVSAHPDEVD
>1qrqa
LQFYRNLGKSGLRVSCLGLGTWVTFGGQITDEMAEHLMTLAYDNGINLFDTAEVYAAGKA
EVVLGNIIKKKGWRRSSLVITTKIFWGGKAETERGLSRKHIIEGLKASLERLQLEYVDVV
FANRPDPNTPMEETVRAMTHVINQGMAMYWGTSRWSSMEIMEAYSVARQFNLIPPICEQA
EYHMFQREKVEVQLPELFHKIGVGAMTWSPLACGIVSGKYDSGIPPYSRASLKGYQWLKD
KILSEEGRRQQAKLKELQAIAERLGCTLPQLAIAWCLRNEGVSSVLLGASNAEQLMENIG
AIQVLPKLSSSIVHEIDSILGNKPY
