>1avha
QVLRGTVTDFPGFDERADAETLRKAMKGLGTDEESILTLLTSRSNAQRQEISAAFKTLFG
RDLLDDLKSELTGKFEKLIVALMKPSRLYDAYELKHALKGAGTNEKVLTEIIASRTPEEL
RAIKQVYEEEYGSSLEDDVVGDTSGYYQRMLVVLLQANRDPDAGIDEAQVEQDAQALFQA
GELKWGTDEEKFITIFGTRSVSHLRKVFDKYMTISGFQIEETIDRETSGNLEQLLLAVVK
SIRSIPAYLAETLYYAMKGAGTDDHTLIRVMVSRSEIDLFNIRKEFRKNFATSLYSMIKG
DTSGDYKKALLLLCGEDD
>2ran
ALRGTVTDFSGFDGRADAEVLRKAMKGLGTDEDSILNLLTARSNAQRQQIAEEFKTLFGR
DLVNDMKSELTGKFEKLIVALMKPSRLYDAYELKHALKGAGTDEKVLTEIIASRTPEELR
AIKQAYEEEYGSNLEDDVVGDTSGYYQRMLVVLLQANRDPDTAIDDAQVELDAQALFQAG
ELKWGTDEEKFITILGTRSVSHLRRVFDKYMTISGFQIEETIDRETSGNLENLLLAVVKS
IRSIPAYLAETLYYAMKGAGTDDHTLIRVIVSRSEIDLFNIRKEFRKNFATSLYSMIKGD
TSGDYKKALLLLCGGE
>1ala
KYTRGTVTAFSPFDARADAEALRKAMKGMGTDEETILKILTSRNNAQRQEIASAFKTLFG
RDLVDDLKSELTGKFETLMVSLMRPARIFDAHALKHAIKGAGTNEKVLTEILASRTPAEV
QNIKQVYMQEYEANLEDKITGETSGHFQRLLVVLLQANRDPDGRVEEALVEKDAQVLFRA
GELKWGTDEETFITILGTRSVSHLRRVFDKYMTISGFQIEETIDRETSGDLEKLLLAVVK
CIRSVPAYFAETLYYSMKGAGTDDDTLIRVMVSRSEIDLLDIRHEFRKNFAKSLYQMIQK
DTSGDYRKALLLLCGG
>1aeia
VVQGTVKPHASFNSREDAETLRKAMKGIGTDEKSITHILATRSNAQRQQIKTDYTTLFGK
HLEDELKSELSGNYEAAALALLRKPDEFLAEQLHAAMKGLGTDENALIDILCTQSNAQIH
AIKAAFKLLYKEDLEKEIISETSGNFQRLLVSMLQGGRKEDEPVNAAHAAEDAAAIYQAG
EGQIGTDESRFNAVLATRSYPQLHQIFHEYSKISNKTILQAIENEFSGDIKNGLLAIVKS
VENRFAYFAERLHHAMKGLGTSDKTLIRILVSRSEIDLANIKETFQAMYGKSLYEFIADD
CSGDYKDLLLQITGH
>1axn
SASIWVGHRGTVRDYPDFSPSVDAEAIQKAIRGIGTDEKMLISILTERSNAQRQLIVKEY
QAAYGKELKDDLKGDLSGHFEHLMVALVTPPAVFDAKQLKKSMKGAGTNEDALIEILTTR
TSRQMKDISQAYYTVYKKSLGDDISSETSGDFRKALLTLADGRRDESLKVDEHLAKQDAQ
ILYKAGENRWGTDEDKFTEILCLRSFPQLKLTFDEYRNISQKDIVDSIKGELSGHFEDLL
LAIVNCVRNTPAFLAERLHRALKGIGTDEFTLNRIMVSRSEIDLLDIRTEFKKHYGYSLY
SAIKSDTSGDYEITLLKICGGDD
>1ann
GGTVKAASGFNAAEDAQTLRKAMKGLGTDEDAIINVLAYRSTAQRQEIRTAYKTTIGRDL
MDDLKSELSGNFEQVILGMMTPTVLYDVQELRKAMKGAGTDEGCLIEILASRTPEEIRRI
NQTYQLQYGRSLEDDIRSDTSFMFQRVLVSLSAGGRDESNYLDDALMRQDAQDLYEAGEK
KWGTDEVKFLTVLCSRNRNHLLHVFDEYKRIAQKDIEQSIKSETSGSFEDALLAIVKCMR
NKSAYFAERLYKSMKGLGTDDDTLIRVMVSRAEIDMLDIRANFKRLYGKSLYSFIKGDTS
GDYRKVLLILCGGDD
