>3app
AASGVATNTPTANDEEYITPVTIGGTTLNLNFDTGSADLWVFSTELPASQQSGHSVYNPS
ATGKELSGYTWSISYGDGSSASGNVFTDSVTVGGVTAHGQAVQAAQQISAQFQQDTNNDG
LLGLAFSSINTVQPQSQTTFFDTVKSSLAQPLFAVALKHQQPGVYDFGFIDSSKYTGSLT
YTGVDNSQGFWSFNVDSYTAGSQSGDGFSGIADTGTTLLLLDDSVVSQYYSQVSGAQQDS
NAGGYVFDCSTNLPDFSVSISGYTATVPGSLINYGPSGDGSTCLGGIQSNSGIGFSIFGD
IFLKSQYVVFDSDGPQLGFAPQA
>4ape
STGSATTTPIDSLDDAYITPVQIGTPAQTLNLDFDTGSSDLWVFSSETTASEVDGQTIYT
PSKSTTAKLLSGATWSISYGDGSSSSGDVYTDTVSVGGLTVTGQAVESAKKVSSSFTEDS
TIDGLLGLAFSTLNTVSPTQQKTFFDNAKASLDSPVFTADLGYHAPGTYNFGFIDTTAYT
GSITYTAVSTKQGFWEWTSTGYAVGSGTFKSTSIDGIADTGTTLLYLPATVVSAYWAQVS
GAKSSSSVGGYVFPCSATLPSFTFGVGSARIVIPGDYIDFGPISTGSSSCFGGIQSSAGI
GINIFGDVALKAAFVVFNGATTPTLGFASK
>2apr
AGVGTVPMTDYGNDIEYYGQVTIGTPGKKFNLDFDTGSSDLWIASTLCTNCGSGQTKYDP
NQSSTYQADGRTWSISYGDGSSASGILAKDNVNLGGLLIKGQTIELAKREAASFASGPND
GLLGLGFDTITTVRGVKTPMDNLISQGLISRPIFGVYLGKAKNGGGGEYIFGGYDSTKFK
GSLTTVPIDNSRGWWGITVDRATVGTSTVASSFDGILDTGTTLLILPNNIAASVARAYGA
SDNGDGTYTISCDTSAFKPLVFSINGASFQVSPDSLVFEEFQGQCIAGFGYGNWGFAIIG
DTFLKNNYVVFNQGVPEVQIAPVAE
>5pep
IGDEPLENYLDTEYFGTIGIGTPAQDFTVIFDTGSSNLWVPSVYCSSLACSDHNQFNPDD
SSTFEATSQELSITYGTGSMTGILGYDTVQVGGISDTNQIFGLSETEPGSFLYYAPFDGI
LGLAYPSISASGATPVFDNLWDQGLVSQDLFSVYLSSNDDSGSVVLLGGIDSSYYTGSLN
WVPVSVEGYWQITLDSITMDGETIACSGGCQAIVDTGTSLLTGPTSAIANIQSDIGASEN
SDGEMVISCSSIASLPDIVFTINGVQYPLSPSAYILQDDDSCTSGFEGMDVPTSSGELWI
LGDVFIRQYYTVFDRANNKVGLAPVA
>1psn
VDEQPLENYLDMEYFGTIGIGTPAQDFTVVFDTGSSNLWVPSVYCSSLACTNHNRFNPED
SSTYQSTSETVSITYGTGSMTGILGYDTVQVGGISDTNQIFGLSETEPGSFLYYAPFDGI
LGLAYPSISSSGATPVFDNIWNQGLVSQDLFSVYLSADDQSGSVVIFGGIDSSYYTGSLN
WVPVTVEGYWQITVDSITMNGEAIACAEGCQAIVDTGTSLLTGPTSPIANIQSDIGASEN
SDGDMVVSCSAISSLPDIVFTINGVQYPVPPSAYILQSEGSCISGFQGMNLPTESGELWI
LGDVFIRQYFTVFDRANNQVGLAPVA
>4cms
GEVASVPLTNYLDSQYFGKIYLGTPPQEFTVLFDTGSSDFWVPSIYCKSNACKNHQRFDP
RKSSTFQNLGKPLSIHYGTGSMQGILGYDTVTVSNIVDIQQTVGLSTQEPGDVFTYAEFD
GILGMAYPSLASEYSIPVFDNMMNRHLVAQDLFSVYMDRNGQESMLTLGAIDPSYYTGSL
HWVPVTVQQYWQFTVDSVTISGVVVACEGGCQAILDTGTSKLVGPSSDILNIQQAIGATQ
NQYGEFDIDCDNLSYMPTVVFEINGKMYPLTPSAYTSQDQGFCTSGFQSEQKWILGDVFI
REYYSVFDRANNLVGLAKAI
>1lyaa
GPIPEVLKNYMDAQYYGEIGIGTPPQCFTVVFDTGSSNLWVPSIHCKLLDIACWIHHKYN
SDKSSTYVKNGTSFDIHYGSGSLSGYLSQDTVSVPCQGGVKVERQVFGEATKQPGITFIA
AKFDGILGMAYPRISVNNVLPVFDNLMQQKLVDQNIFSFYLSRDPDAQPGGELMLGGTDS
KYYKGSLSYLNVTRKAYWQVHLDQVEVASGLTLCKEGCEAIVDTGTSLMVGPVDEVRELQ
KAIGAVPLIQGEYMIPCEKVSTLPAITLKLGGKGYKLSPEDYTLKVSQAGKTLCLSGFMG
MDIPPPSGPLWILGDVFIGRYYTVFDRDNNRVGFAEAA
>1bbs
TTSSVILTNYMDTQYYGEIGIGTPPQTFKVVFDTGSSNVWVPSSKCSRLYTACVYHKLFD
ASDSSSYKHNGTELTLRYSTGTVSGFLSQDIITVGGITVTQMFGEVTEMPALPFMLAEFD
GVVGMGFIEQAIGRVTPIFDNIISQGVLKEDVFSFYYNRDSELGGQIVLGGSDPQHYEGN
FHYINLIKTGVWQIQMKGVSVGSSTLLCEDGCLALVDTGASYISGSTSSIEKLMEALGAK
KRLFDYVVKCNEGPTLPDISFHLGGKEYTLTSADYVFQESYSSKKLCTLAIHAMDIPPPT
GPTWALGATFIRKFYTEFDRRNNRIGFALAR
>1smra
TDLISPVVLTNYLNSQYYGEIGIGTPPQTFKVIFDTGSANLWVPSTKCSRLYLACGIHSL
YESSDSSSYMENGDDFTIHYGSGRVKGFLSQDSVTVGGITVTQTFGEVTQLPLIPFMLAQ
FDGVLGMGFPAQAVGGVTPVFDHILSQGVLKEKVFSVYYNRGPHLLGGEVVLGGSDPQHY
QGDFHYVSLSKTDSWQITMKGVSVGSSTLLCEEGCEVVVDTGSSFISAPTSSLKLIMQAL
GAKEKRLHEYVVSCSQVPTLPDISFNLGGRAYTLSSTDYVLQRDKLCTVALHAMDIPPPT
GPVWVLGATFIRKFYTEFDRHNNRIGFALAR
>2jxra
GGHDVPLTNYLNAQYYTDITLGTPPQNFKVILDTGSSNLWVPSNECGSLACFLHSKYDHE
ASSSYKANGTEFAIQYGTGSLEGYISQDTLSIGDLTIPKQDFAEATSEPGLTFAFGKFDG
ILGLGYDTISVDKVVPPFYNAIQQDLLDEKRFAFYLGDTSKDTENGGEATFGGIDESKFK
GDITWLPVRRKAYWEVKFEGIGLGDEYAELESHGAAIDTGTSLITLPSGLAEMINAEIGA
KKGWTGQYTLDCNTRDNLPDLIFNFNGYNFTIGPYDYTLEVSGSCISAITPMDFPEPVGP
LAIVGDAFLRKYYSIYDIGNNAVGLAKAIF
>1mpp
GSVDTPGLYDFDLEEYAIPVSIGTPGQDFYLLFDTGSSDTWVPHKGCDNSEGCVGKRFFD
PSSSSTFKETDYNLNITYGTGGANGIYFRDSITVGGATVKQQTLAYVDNVSGPTAEQSPD
SELFLDGIFGAAYPDNTAMEAEYGDTYNTVHVNLYKQGLISSPVFSVYMNTNDGGGQVVF
GGVNNTLLGGDIQYTDVLKSRGGYFFWDAPVTGVKIDGSDAVSFDGAQAFTIDTGTNFFI
APSSFAEKVVKAALPDATESQQGYTVPCSKYQDSKTTFSLVLQKSGSSSDTIDVSVPISK
MLLPVDKSGETCMFIVLPDGGNQFIVGNLFLRFFVNVYDFGKNRIGFAPLASGYEND
>2asi
GSVDTPGYYDFDLEEYAIPVSIGTPGQDFLLLFDTGSSDTWVPHKGCTKSEGCVGSRFFD
PSASSTFKATNYNLNITYGTGANGLYFEDSIAIGDITVTKQILAYVDNVRGPTAEQSPNA
DIFLDGLFGAAYPDNTAMEAEYGSTYNTVHVNLYKQGLISSPLFSVYMNTNSGTGEVVFG
GVNNTLLGGDIAYTDVMSRYGGYYFWDAPVTGITVDGSAAVRFSRPQAFTIDTGTNFFIM
PSSAASKIVKAALPDATETQQGWVVPCASYQNSKSTISIVMQKSGSSSDTIEISVPVSKM
LLPVDQSNETCMFIILPDGGNQYIVGNLFLRFFVNVYDFGNNRIGFAPLASAYENE
>1am5
RVTEQMKNEADTEYYGVISIGTPPESFKVIFDTGSSNLWVSSSHCSAQACSNHNKFKPRQ
SSTYVETGKTVDLTYGTGGMRGILGQDTVSVGGGSDPNQELGESQTEPGPFQAAAPFDGI
LGLAYPSIAAAGAVPVFDNMGSQSLVEKDLFSFYLSGGGANGSEVMLGGVDNSHYTGSIH
WIPVTAEKYWQVALDGITVNGQTAACEGCQAIVDTGTSKIVAPVSALANIMKDIGASENQ
GEMMGNCASVQSLPDITFTINGVKQPLPPSAYIEGDQAFCTSGLGSSGVPSNTSELWIFG
DVFLRNYYTIYDRTNNKVGFAPAA
