>2azaa
AQCEATIESNDAMQYDLKEMVVDKSCKQFTVHLKHVGKMAKSAMGHNWVLTKEADKEGVA
TDGMNAGLAQDYVKAGDTRVIAHTKVIGGGESDSVTFDVSKLTPGEAYAYFCSFPGHWAM
MKGTLKLSN
>1dz0a
AQCEATVESNDAMQYNVKEIVVDKSCKQFTMHLKHVGKMAKVAMGHNLVLTKDADKQAVA
TDGMGAGLAQDYVKAGDTRVIAHTKVIGGGESDSVTFDVSKIAAGENYAYFCSFPGHWAM
MKGTLKLGS
>1joi
AECKVTVDSTDQMSFNTKAIEIDKSCKTFTVELTHSGSLPKNVMGHNWVLSSAADMPGIA
SDGMAAGIDKNYLKEGDTRVIAHTKIIGAGEKDSVTFDVSKLAAGTDYAFFCSFPGHISM
MKGTVTVK
>1nwpa
AECKVTVDSTDQMSFNTKDIAIDKSCKTFTVELTHSGSLPKNVMGHNLVISKEADMQPIA
TDGLSAGIDKQYLKDGDARVIAHTKVIGAGEKDSVTFDVSKLAAGEKYGFFCSFPGHISM
MKGTVTLK
>1jzga
AECSVDIQGNDQMQFNTNAITVDKSCKQFTVNLSHPGNLPKNVMGHNWVLSTAADMQGVV
TDGMASGLDKDYLKPDDSRVIAHTKLIGSGEKDSVTFDVSKLKEGEQYMFFCTFPGHSAL
MKGTLTLK
>1rkra
AECSVDIAGNDGMQFDKKEITVSKSCKQFTVNLKHPGKLAKNVMGHNWVLTKQADMQGAV
NDGMAAGLDNNYVKKDDARVIAHTKVIGGGETDSVTFDVSKLAAGEDYAYFCSFPGHFAL
MKGVLKLVD
>1cuoa
ASCETTVTSGDTMTYSTRSISVPASCAEFTVNFEHKGHMPKTGMGHNWVLAKSADVGDVA
KEGAHAGADNNFVTPGDKRVIAFTPIIGGGEKTSVKFKVSALSKDEAYTYFCSYPGHFSM
MRGTLKLEE
>1adwa
ATHEVHMLNKGESGAMVFEPAFVRAEPGDVINFVPTDKSHNVEAIKEILPEGVESFKSKI
NESYTLTVTEPGLYGVKCTPHFGMGMVGLVQVGDAPENLDAAKTAKMPKKARERMDAELA
QVN
>1bqk
ADFEVHMLNKGKDGAMVFEPASLKVAPGDTVTFIPTDKGHNVETIKGMIPDGAEAFKSKI
NENYKVTFTAPGVYGVKCTPHYGMGMVGVVQVGDAPANLEAVKGAKNPKKAQERLDAALA
ALGN
>1paz
ENIEVHMLNKGAEGAMVFEPAYIKANPGDTVTFIPVDKGHNVESIKDMIPEGAEKFKSKI
NENYVLTVTQPGAYLVKCTPHYAMGMIALIAVGDSPANLDQIVSAKKPKIVQERLEKVIA
>1pmy
DEVAVKMLNSGPGGMMVFDPALVRLKPGDSIKFLPTDKGHNVETIKGMAPDGADYVKTTV
GQEAVVKFDKEGVYGFKCAPHYMMGMVALVVVGDKRDNLEAAKSVQHNKLTQKRLDPLFA
QIQ
>1iuz
AQIVKLGGDDGSLAFVPSKISVAAGEAIEFVNNAGFPHNIVFDEDAVPAGVDADAISYDD
YLNSKGETVVRKLSTPGVYGVYCEPHAGAGMKMTITVQ
>7pcy
AAIVKLGGDDGSLAFVPNNITVGAGESIEFINNAGFPHNIVFDEDAVPAGVDADAISAED
YLNSKGQTVVRKLTTPGTYGVYCDPHSGAGMKMTITVQ
>2plt
DATVKLGADSGALEFVPKTLTIKSGETVNFVNNAGFPHNIVFDEDAIPSGVNADAISRDD
YLNAPGETYSVKLTAAGEYGYYCEPHQGAGMVGKIIVQ
>9pcy
LEVLLGSGDGSLVFVPSEFSVPSGEKIVFKNNAGFPHNVVFDEDEIPAGVDAVKISMPEE
ELLNAPGETYVVTLDTKGTYSFYCSPHQGAGMVGKVTVN
>1ag6
VEVLLGGDDGSLAFLPGDFSVASGEEIVFKNNAGFPHNVVFDEDEIPSGVDAAKISMSEE
DLLNAPGETYKVTLTEKGTYKFYCSPHQGAGMVGKVTVN
>1plc
IDVLLGADDGSLAFVPSEFSISPGEKIVFKNNAGFPHNIVFDEDSIPSGVDASKISMSEE
DLLNAKGETFEVALSNKGEYSFYCSPHQGAGMVGKVTVN
>1byoa
AEVLLGSSDGGLAFVPSDLSIASGEKITFKNNAGFPHNDLFDEDEVPAGVDVTKISMPEE
DLLNAPGEEYSVTLTEKGTYKFYCAPHAGAGMVGKVTVN
>1plb
AEVKLGSDDGGLVFSPSSFTVAAGEKITFKNNAGFPHNIVFDEDEVPAGVNAEKISQPEY
LNGAGETYEVTLTEKGTYKFYCEPHAGAGMKGEVTVN
>1bawa
ETFTVKMGADSGLLQFEPANVTVHPGDTVKWVNNKLPPHNILFDDKQVPGASKELADKLS
HSQLMFSPGESYEITFSSDFPAGTYTYYCAPHRGAGMVGKITVEG
>1nin
ETYTVKLGSDKGLLVFEPAKLTIKPGDTVEFLNNKVPPHNVVFDAALNPAKSADLAKSLS
HKQLLMSPGQSTSTTFPADAPAGEYTFYCEPHRGAGMVGKITVAG
>1m9wa
ANATVKMGSDSGALVFEPSTVTIKAGEEVKWVNNKLSPHNIVFAADGVDADTAAKLSHKG
LAFAAGESFTSTFTEPGTYTYYCEPHRGAGMVGKVVVE
>1bxva
QTVAIKMGADNGMLAFEPSTIEIQAGDTVQWVNNKLAPHNVVVEGQPELSHKDLAFSPGE
TFEATFSEPGTYTYYCEPHRGAGMVGKIVVQ
>2b3ia
ASVQIKMGTDKYAPLYEPKALSISAGDTVEFVMNKVGPHNVIFDKVPAGESAPALSNTKL
AIAPGSFYSVTLGTPGTYSFYCTPHRGAGMVGTITVE
>1kdj
AKVEVGDEVGNFKFYPDSITVSAGEAVEFTLVGETGHNIVFDIPAGAPGTVASELKAASM
DENDLLSEDEPSFKAKVSTPGTYTFYCTPHKSANMKGTLTVK
>1qhqa
ANAPGGSNVVNETPAQTVEVRAAPDALAFAQTSLSLPANTVVRLDFVNQNNLGVQHNWVL
VNGGDDVAAAVNTAAQNNADALFVPPPDTPNALAWTAMLNAGESGSVTFRTPAPGTYLYI
CTFPGHYLAGMKGTLTVTP
>2raca
DKATIPSESPFAAAEVADGAIVVDIAKMKYETPELHVKVGDTVTWINREAMPHNVHFVAG
VLGEAALKGPMMKKEQAYSLTFTEAGTYDYHCTPHPFMRGKVVVE
>1id2a
QDKITVTSEKPVAAADVPADAVVVGIEKMKYLTPEVTIKAGETVYWVNGEVMPHNVAFKK
GIVGEDAFRGEMMTKDQAYAITFNEAGSYDYFCTPHPFMRGKVIVE
>1gy1a
TLDTTWKEATLPQVKAMLQKDTGKVSGDTVTYSGKTVHVVAAAVLPGFPFPSFEVHDKKN
PTLQIPAGATVDVTFINTNKGFGHDFDITKKGPPYAVMPVIDPIVAGTGFSPVPKDGKFG
YTNFTWHPTAGTYYYVCQIPGHAATGMFGKIVVK
