>1bdo
EISGHIVRSPMVGTFYRTPSPDAKAFIEVGQKVNVGDTLCIVEAMKMMNQIEADKSGTVK
AILVESGQPVEFDEPLVVIE
>1lac
AFEFKLPDIGEGIHEGEIVKWFVKPGDEVNEDDVLCEVQNDKAVVEIPSPVKGKVLEILV
PEGTVATVGQTLITLDAPGY
>1ghk
AIDIKAPTFPESIADGTVATWHKKPGEAVKRDELIVDIETDKVVMEVLAEADGVIAEIVK
NEGDTVLSGELLGKLTEGG
>1iyv
SEIIRVPDIGGDGEVIELLVKTGDLIEVEQGLVVLESAKASMEVPSPKAGVVKSVSVKLG
DKLKEGDAIIELEPAAGAR
>1pmr
SSVDILVPDLPESVADATVATWHKKPGDAVVRDEVLVEIETDKVVLEVPASADGILDAVL
EDEGTTVTSRQILGRLREGN
>1qjoa
MVKEVNVPDIGGDEVEVTEVMVKVGDKVAAEQSLITVEGDKASMEVPAPFAGVVKELKVN
VGDKVKTGSLIMIFEVEGAA
>1fyc
GSNMSYPPHMQVLLPALSPTMTMGTVQRWEKKVGEKLSEGDLLAEIETDKATIGFEVQEE
GYLAKILVPEGTRDVPLGTPLCIIVEKEADISAFADYRPTEVTDLK
