>4blma
DDFAKLEEQFDAKLGIFALDTGTNRTVAYRPDERFAFASTIKALTVGVLLQQKSIEDLNQ
RITYTRDDLVNYNPITEKHVDTGMTLKELADASLRYSDNAAQNLILKQIGGPESLKKELR
KIGDEVTNPERFEPELNEVNPGETQDTSTARALVTSLRAFALEDKLPSEKRELLIDWMKR
NTTGDALIRAGVPDGWEVADKTGAASYGTRNDIAIIWPPKGDPVVLAVLSSRDKKDAKYD
DKLIAEATKVVMKALN
>3blm
KELNDLEKKYNAHIGVYALDTKSGKEVKFNSDKRFAYASTSKAINSAILLEQVPYNKLNK
KVHINKDDIVAYSPILEKYVGKDITLKALIEASMTYSDNTANNKIIKEIGGIKKVKQRLK
ELGDKVTNPVRYEIELNYYSPKSKKDTSTPAAFGKTLNKLIANGKLSKENKKFLLDLMLN
NKSGDTLIKDGVPKDYKVADKSGQAITYASRNDVAFVYPKGQSEPIVLVIFTNKDNKSDK
PNDKLISETAKSVMKEF
>1btl
HPETLVKVKDAEDQLGARVGYIELDLNSGKILESFRPEERFPMMSTFKVLLCGAVLSRID
AGQEQLGRRIHYSQNDLVEYSPVTEKHLTDGMTVRELCSAAITMSDNTAANLLLTTIGGP
KELTAFLHNMGDHVTRLDRWEPELNEAIPNDERDTTMPVAMATTLRKLLTGELLTLASRQ
QLIDWMEADKVAGPLLRSALPAGWFIADKSGAGERGSRGIIAALGPDGKPSRIVVIYTTG
SQATMDERNRQIAEIGASLIKHW
>1mfo
APIDDQLAELERRDNVLIGLYAANLQSGRRITHRPDEMFAMCSTFKGYVAARVLQMAEHG
EISLDNRVFVDADALVPNSPVTEARAGAEMTLAELCQAALQRSDNTAANLLLKTIGGPAA
VTAFARSVGDERTRLDRWEVELNSAIPGDPRDTSTPAALAVGYRAILAGDALSPPQRGLL
EDWMRANQTSSMRAGLPEGWTTADKTGSGDYGSTNDAGIAFGPDGQRLLLVMMTRSQAHD
PKAENLRPLIGELTALVLPSLL
>1bul
NTKGIDEIKNLETDFNGRIGVYALDTGSGKSFSYRANERFPLCSSFKGFLAAAVLKGSQD
NRLNLNQIVNYNTRSLEFHSPITTKYKDNGMSLGDMAAAALQYSDNGATNIILERYIGGP
EGMTKFMRSIGDEDFRLDRWELDLNTAIPGDERDTSTPAAVAKSLKTLALGNILSEHEKE
TYQTWLKGNTTGAARIRASVPSDWVVGDKTGSCGAYGTANDYAVVWPKNRAPLIISVYTT
KNEKEAKHEDKVIAEASRIAIDNLK
>1bsg
SDAERRLAGLERASGARLGVYAYDTGSGRTVAYRADELFPMCSVFKTLSSAAVLRDLDRN
GEFLSRRILYTQDDVEQADGAPETGKPQNLANGMTVEELCEVSITASDNCAANLMLRELG
GPAAVTRFVRSLGDRVTRLDRWEPELNSAEPGRVTDTTSPRAITRTYGRLVLGDALNPRD
RRLLTSWLLANTTSGDRFRAGLPDDWTLGDKTGAGRYGTNNDAGVTWPPGRAPIVLTVLT
AKTEQDAARDDGLVADAARVLAETLG
>1bza
SVQQQLEALEKSSGGRLGVALINTADNSQILYRADERFAMCSTSKVMAAAAVLKQSESDK
HLLNQRVEIKKSDLVNYNPIAEKHVNGTMTLAELGAAALQYSDNTAMNKLIAHLGGPDKV
TAFARSLGDETFRLDRTAPTLNTAIPGDPRDTTTPLAMAQTLKNLTLGKALAETQRAQLV
TWLKGNTTGSASIRAGLPKSWVVGDKTGSGDYGTTNDIAVIWPENHAPLVLVTYFTQPEQ
KAERRRDILAAAAKIVT
>1shva
SPQPLEQIKLSESQLSGRVGMIEMDLASGRTLTAWRADERFPMMSTFKVVLCGAVLARVD
AGDEQLERKIHYRQQDLVDYSPVSEKHLADGMTVGELCAAAITMSDNSAANLLLATVGGP
AGLTAFLRQIGDNVTRLDRWETELNEALPGDARDTTTPASMAATLRKLLTSQRLSARSQR
QLLQWMVDDRVAGPLIRSVLPAGWFIADKTGAGERGARGIVALLGPNNKAERIVVIYLRD
TPASMAERNQQIAGIGAALIEHWQR
