>1smla
EVPLPQLRAYTVDASWLQPMAPLQIADHTWQIGTEDLTALLVQTPDGAVLLDGGMPQMAS
HLLDNMKARGVTPRDLRLILLSHAHADHAGPVAELKRRTGAKVAANAESAVLLARGGSDD
LHFGDGITYPPANADRIVMDGEVITVGGIVFTAHFMAGHTPGSTAWTWTDTRNGKPVRIA
YADSLSAPGYQLQGNPRYPHLIEDYRRSFATVRALPCDVLLTPHPGASNWDYAAGARAGA
KALTCKAYADAAEQKFDGQLAKETAG
>1k07a
YPMPNPFPPFRIAGNLYYVGTDDLASYLIVTPRGNILINSDLEANVPMIKASIKKLGFKF
SDTKILLISHAHFDHAAGSELIKQQTKAKYMVMDEDVSVILSGGKSDFHYANDSSTYFTQ
STVDKVLHDGERVELGGTVLTAHLTPGHTRGCTTWTMKLKDHGKQYQAVIIGSIGVNPGY
KLVDNITYPKIAEDYKHSIKVLESMRCDIFLGSHAGMFDLKNKYVLLSKGQNNPFVDPTG
CKNYIEQKANDFYTELKKQETG
>3bc2
VIKNETGTISISQLNKNVWVHTELGAVPSNGLVLNTSKGLVLVDSSWDDKLTKELIEMVE
KKFQKRVTDVIITHAHADRIGGIKTLKERGIKAHSTALTAELAKKNGYEEPLGDLQTVTN
LKFGNMKVETFYPGKGHTEDNIVVWLPQYNILVGGLVKSTSAKDLGNVADAYVNEWSTSI
ENVLKRYRNINAVVPGHGEVGDKGLLLHTLDLLK
>1jjta
SLPDLKIEKLDEGVYVHTSFEEVNGWGVVPKHGLVVLVNAEAYLIDTPFTAKDTEKLVTW
FVERGYKIKGSISSHFHSDSTGGIEWLNSRSIPTYASELTNELLKKDGKVQATNSFSGVN
YWLVKNKIEVFYPGPGHTPDNVVVWLPERKILFGGCFIKPYGLGNLGDANIEAWPKSAKL
LKSKYGKAKLVVPSHSEVGDASLLKLTLEQAVKGLNESKK
>1znba
KSVKISDDISITQLSDKVYTYVSLAEIEGMVPSNGMIVINNHQAALLDTPINDAQTETLV
NWVADSLHAKVTTFIPNHWHGDCIGGLGYLQKKGVQSYANQMTIDLAKEKGLPVPEHGFT
DSLTVSLDGMPLQCYYLGGGHATDNIVVWLPTENILFGGCMLKDNQATSIGNISDADVTA
WPKTLDKVKAKFPSARYVVPGHGDYGGTELIEHTKQIVNQYIESTSKP
>1qh5a
MKVEVLPALTDNYMYLVIDDETKEAAIVDPVQPQKVVDAARKHGVKLTTVLTTHHHWDHA
GGNEKLVKLESGLKVYGGDDRIGALTHKITHLSTLQVGSLNVKCLATPCHTSGHICYFVS
KPGGSEPPAVFTGDTLFVAGCGKFYEGTADEMCKALLEVLGRLPPDTRVYCGHEYTINNL
KFARHVEPGNAAIREKLAWAKEKYSIGEPTVPSTLAEEFTYNPFMRVREKTVQQHAGETD
PVTTMRAVRREKDQFKMPRD
