>1ca2
HWGYGKHNGPEHWHKDFPIAKGERQSPVDIDTHTAKYDPSLKPLSVSYDQATSLRILNNG
HAFNVEFDDSQDKAVLKGGPLDGTYRLIQFHFHWGSLDGQGSEHTVDKKKYAAELHLVHW
NTKYGDFGKAVQQPDGLAVLGIFLKVGSAKPGLQKVVDVLDSIKTKGKSADFTNFDPRGL
LPESLDYWTYPGSLTTPPLLECVTWIVLKEPISVSSEQVLKFRKLNFNGEGEPEELMVDN
WRPAQPLKNRQIKASF
>2cab
WGYDDKNGPEQWSKLYPIANGNNQSPVDIKTSETKHDTSLKPISVSYNPATAKEIINVGH
SFHVNFEDNQDRSVLKGGPFSDSYRLFQFHFHWGSTNEHGSEHTVDGVKYSAELHVAHWN
SAKYSSLAEAASKADGLAVIGVLMKVGEANPKLQKVLDALQAIKTKGKRAPFTNFDPSTL
LPSSLDFWTYPGSLTHPPLYESVTWIICKESISVSSEQLAQFRSLLSNVEGDNAVPMQHN
NRPTQPLKGRTVRASF
>1koqa
THWGYTGHDSPESWGNLSEEFRLCSTGKNQSPVNITETVSGKLPAIKVNYKPSMVDVENN
GHTIQVNYPEGGNTLTVNGRTYTLKQFHFHVPSENQIKGRTFPMEAHFVHLDENKQPLVL
AVLYEAGKTNGRLSSIWNVMPMTAGKVKLNQPFDASTLLPKRLKYYRFAGSLTTPPCTEG
VSWLVLKTYDHIDQAQAEKFTRAVGSENNRPVQPLNARVVIE
>3znc
WCYEIQTEDPRSSCLGPEKWPGACKENQQSPINIVTARTKVNPRLTPFILVGYDQKQQWP
IKNNQHTVEMTLGGGACIIGGDLPARYEAVQLHLHWSNGNDNGSEHSIDGRHFAMEMHIV
HKKLDKFAVLAFMIEVGDKVNKGFQPLVEALPSISKPHSTSTVRESSLQDMLPPSTKMYT
YFRYNGSLTTPNCDETVIWTVYKQPIKIHKNQFLEFSKNLYYDEDQKLNMKDNVRPLQPL
GKRQVFKSHA
>1znca
WCYEVQAESSNYPCLVPVKWGGNCQKDRQSPINIVTTKAKVDKKLGRFFFSGYDKKQTWT
VQNNGHSVMMLLENKASISGGGLPAPYQAKQLHLHWSDLPYKGSEHSLDGEHFAMEMHIV
HEKEKGTSRNVKEAQDPEDEIAVLAFLVEAGTQVNEGFQPLVEALSNIPKPEMSTTMAES
SLLDLLPKEEKLRHYFRYLGSLTTPTCDEKVVWTVFREPIQLHREQILAFSQKLYYDKEQ
TVSMKDNVRPLQQLGQRTVIKS
