>1elpa
GKITFYEDRGFQGRHYECSSDHSNLQPYLGRCNSVRVDSGCWMIYEQPNYLGPQYFLRRG
DYPDYQQWMGLNDSIRSCRLIPHAGSHRLRLYEREDYRGQMIEITEDCSSLQDRFHFNEI
HSLNVLEGSWVLYELPNYRGRQYLLRPGEYRRYHDWGAMNAKVGSLRRVIDIY
>1a45
GKITFYEDRGFQGRHYECSSDHSNLQPYFSRCNSIRVDSGCWMLYEQPNFQGPQYFLRRG
DYPDYQQWMGLNDSIRSCRLIPHTGSHRLRIYEREDYRGQMVEITEDCSSLHDRFHFSEI
HSFNVLEGWWVLYEMTNYRGRQYLLRPGDYRRYHDWGATNARVGSLRRAVDFY
>1a5da
GKITFYEDRGFQGRHYECSTDHSNLQPYFSRCNSVRVDSGCWMLYEQPNFTGCQYFLRRG
DYPDYQQWMGFSDSVRSCRLIPHSSSHRIRIYEREDYRGQMVEITDDCPHLQDRFHFSDF
HSFHVMEGYWVLYEMPNYRGRQYLLRPGEYRRYHDWGAMNARVGSLRRIMDFY
>4gcr
GKITFYEDRGFQGHCYECSSDCPNLQPYFSRCNSIRVDSGCWMLYERPNYQGHQYFLRRG
DYPDYQQWMGFNDSIRSCRLIPQHTGTFRMRIYERDDFRGQMSEITDDCPSLQDRFHLTE
VHSLNVLEGSWVLYEMPSYRGRQYLLRPGEYRRYLDWGAMNAKVGSLRRVMDFY
>2bb2
LNPKIIIFEQENFQGHSHELNGPCPNLKETGVEKAGSVLVQAGPWVGYEQANCKGEQFVF
EKGEYPRWDSWTSSRRTDSLSSLRPIKVDSQEHKITLYENPNFTGKKMEVIDDDVPSFHA
HGYQEKVSSVRVQSGTWVGYQYPGYRGLQYLLEKGDYKDSGDFGAPQPQVQSVRRIRDMQ
W
>1prs
MANITVFYNEDFQGKQVDLPPGNYTRAQLAALGIENNTISSVKVPPGVKAILYQNDGFAG
DQIEVVANAEELGPLNNNVSSIRVISVPVQPRARFFYKEQFDGKEVDLPPGQYTQAELER
YGIDNNTISSVKPQGLAVVLFKNDNFSGDTLPVNSDAPTLGAMNNNTSSIRIS
>1bd7a
EHKIILYENPNFTGKKMEIVDDDVPSFHAHGYQEKVSSVRVQSGTWVGYQYPGYRGLQYL
LEKGDYKDNSDFGAPHPQVQSVRRIRDMQGNPKIIIFEQENFQGHSHELSGPCPNLKETG
MEKAGSVLVQAGPWVGYEQANCKGEQFVFEKGEYPRWDSWTSSRRTDSLSSLRPIK
