>2cyha
VNPTVFFDIAVDGEPLGRVSFELFADKVPKTAENFRALSTGEKGFGYKGSCFHRIIPGFM
CQGGDFTRHNGTGGKSIYGEKFEDENFILKHTGPGILSMANAGPNTNGSQFFICTAKTEW
LDGKHVVFGKVKEGMNIVEAMERFGSRNGKTSKKITIADCGQLE
>1cyna
GPKVTVKVYFDLRIGDEDVGRVIFGLFGKTVPKTVDNFVALATGEKGFGYKNSKFHRVIK
DFMIQGGDFTRGDGTGGKSIYGERFPDENFKLKHYGPGWVSMANAGKDTNGSQFFITTVK
TAWLDGKHVVFGKVLEGMEVVRKVESTKTDSRDKPLKDVIIADCGKIEVEKPFAIAKE
>2rmca
KRGPSVTDKVFFDVRIGDKDVGRIVIGLFGNVVPKTVENFVALATGEKGYGYKGSIFHRV
IKDFMIQGGDFTARDGTGGMSIYGETFPDENFKLKHYGIGWVSMANAGPDTNGSQFFITL
TKPTWLDGKHVVFGKVLDGMTVVHSIELQATDGHDRPLTDCTIVNSGKIDVKTPFVVEVP
DW
>1clh
AKGDPHVLLTTSAGNIELELDKQKAPVSVQNFVDYVNSGFYNNTTFHRVIPGFMIQGGGF
TEQMQQKKPNPPIKNEADNGLRNTRGTIAMARTADKDSATSQFFINVADNAFLDHGQRDF
GYAVFGKVVKGMDVADKISQVPTHDVGPYQNVPSKPVVILSAKVLP
>1lopa
MVTFHTNHGDIVIKTFDDKAPETVKNFLDYCREGFYNNTIFHRVINGFMIQGGGFEPGMK
QKATKEPIKNEANNGLKNTRGTLAMARTQAPHSATAQFFINVVDNDFLNFSGESLQGWGY
CVFAEVVDGMDEVDKIKGVATGRSGMHQDVPKEDVIIESVTVSE
>1a58
MSKKDRRRVFLDVTIDGNLAGRIVMELYNDIAPRTCNNFLMLCTGMAGTGKISGKPLHYK
GSTFHRVIKNFMIQGGDFTKGDGTGGESIYGGMFDDEEFVMKHDEPFVVSMANKGPNTNG
SQFFITTTPAPHLNNIHVVFGKVVSGQEVVTKIEYLKTNSKNRPLADVVILNCGELV
