>1mema
APDSVDYRKKGYVTPVKNQGQCGSCWAFSSVGALEGQLKKKTGKLLNLSPQNLVDCVSEN
DGCGGGYMTNAFQYVQKNRGIDSEDAYPYVGQEESCMYNPTGKAAKCRGYREIPEGNEKA
LKRAVARVGPVSVAIDASLTSFQFYSKGVYYDESCNSDNLNHAVLAVGYGIQKGNKHWII
KNSWGENWGNKGYILMARNKNNACGIANLASFPKM
>1icfa1
APRSVDWREKGYVTPVKNQGQCGSCWAFSATGALEGQMFRKTGRLISLSEQNLVDCSGPQ
GNEGCNGGLMDYAFQYVQDNGGLDSEESYPYEATEESCKYNPKYSVANDTGFVDIPKQEK
ALMKAVATVGPISVAIDAGHESFLFYKEGIYFEPDCSSEDMDHGVLVVGYGFESTNNKYW
LVKNSWGEEWGMGGYVKMAKDRRNHCGIASAASYPTV
>8pcha
YPPSMDWRKKGNFVSPVKNQGSCGSCWTFSTTGALESAVAIATGKMLSLAEQQLVDCAQN
FNNHGCQGGLPSQAFEYIRYNKGIMGEDTYPYKGQDDHCKFQPDKAIAFVKDVANITMND
EEAMVEAVALYNPVSFAFEVTNDFLMYRKGIYSSTSCHKTPDKVNHAVLAVGYGEENGIP
YWIVKNSWGPQWGMNGYFLIERGKNMCGLAACASYPIPLV
>1gece
LPESVDWRAKGAVTPVKHQGYCESCWAFSTVATVEGINKIKTGNLVELSEQELVDCDLQS
YGCNRGYQSTSLQYVAQNGIHLRAKYPYIAKQQTCRANQVGGPKVKTNGVGRVQSNNEGS
LLNAIAHQPVSVVVESAGRDFQNYKGGIFEGSCGTKVDHAVTAVGYGKSGGKGYILIKNS
WGPGWGENGYIRIRRASGNSPGVCGVYRSSYYPIKN
>1ppo
LPENVDWRKKGAVTPVRHQGSCGSCWAFSAVATVEGINKIRTGKLVELSEQELVDCERRS
HGCKGGYPPYALEYVAKNGIHLRSKYPYKAKQGTCRAKQVGGPIVKTSGVGRVQPNNEGN
LLNAIAKQPVSVVVESKGRPFQLYKGGIFEGPCGTKVDHAVTAVGYGKSGGKGYILIKNS
WGTAWGEKGYIRIKRAPGNSPGVCGLYKSSYYPTKN
>1ppn
IPEYVDWRQKGAVTPVKNQGSCGSCWAFSAVVTIEGIIKIRTGNLNEYSEQELLDCDRRS
YGCNGGYPWSALQLVAQYGIHYRNTYPYEGVQRYCRSREKGPYAAKTDGVRQVQPYNEGA
LLYSIANQPVSVVLEAAGKDFQLYRGGIFVGPCGNKVDHAVAAVGYGPNYILIKNSWGTG
WGENGYIRIKRGTGNSYGVCGLYTSSFYPVKN
>1yal
YPQSIDWRAKGAVTPVKNQGACGSWAFSTIATVEGINKIVTGNLLELSEQELVDCDKHSY
GCKGGYQTTSLQYVANNGVHTSKVYPYQAKQYKCRATDKPGPKVKITGYKRVPSNETSFL
GALANQPLSVLVEAGGKPFQLYKSGVFDGPCGTKLDHAVTAVGYGTSDGKNYIIIKNSWG
PNWGEKGYMRLKRQSGNSQGTCGVYKSSYYPFKGFA
>1cqda
LPDSIDWRENGAVVPVKNQGGCGSCWAFSTVAAVEGINQIVTGDLISLSEQQLVDCTTAN
HGCRGGWMNPAFQFIVNNGGINSEETYPYRGQDGICNSTVNAPVVSIDSYENVPSHNEQS
LQKAVANQPVSVTMDAAGRDFQLYRSGIFTGSCNISANHALTVVGYGTENDKDFWIVKNS
WGKNWGESGYIRAERNIENPDGKCGITRFASYPVKK
>2act
LPSYVDWRSAGAVVDIKSQGECGGCWAFSAIATVEGINKITSGSLISLSEQELIDCGRTQ
NTRGCDGGYITDGFQFIINDGGINTEENYPYTAQDGDCDVALQDQKYVTIDTYENVPYNN
EWALQTAVTYQPVSVALDAAGDAFKQYASGIFTGPCGTAVDHAIVIVGYGTEGGVDYWIV
KNSWDTTWGEEGYMRILRNVGGAGTCGIATMPSYPVKY
>1aim
APAAVDWRARGAVTAVKDQGQCGSCWAFSAIGNVECQWFLAGHPLTNLSEQMLVSCDKTD
SGCSGGLMNNAFEWIVQENNGAVYTEDSYPYASGEGISPPCTTSGHTVGATITGHVELPQ
DEAQIAAWLAVNGPVAVAVDASSWMTYTGGVMTSCVSEALDHGVLLVGYNDSAAVPYWII
KNSWTTQWGEEGYIRIAKGSNQCLVKEEASSAVVG
>1thea
LPESFDAREQWSNCPTIAQIRDQGSCGSCWAFGAVEAMSDRICIHTNGRVNVEVSAEDLL
TCCGIQCGDGCNGGYPSGAWNFWTRKGLVSGGVYNSHIGCLPYTIPPCEHHVNGARPPCT
GEGDTPKCNKMCEAGYSTSYKEDKHYGYTSYSVSDSEKEIMAEIYKNGPVEGAFTVFSDF
LTYKSGVYKHEAGDVMGGHAIRILGWGIENGVPYWLVANSWNADWGDNGFFKILRGENHC
GIESEIVAGIPRT
>1huca
LPASFDAREQWPQCPTIKEIRDQGSCGSCWAFGAVEAISDRICIHTNVSVEVSAEDLLTC
CGSMCGDGCNGGYPAEAWNFWTRKGLVSGGLYESHVGCRPYSIPPCEHHVNGSRPPCTGE
GDTPKCSKICEPGYSPTYKQDKHYGYNSYSVSNSEKDIMAEIYKNGPVEGAFSVYSDFLL
YKSGVYQHVTGEMMGGHAIRILGWGVENGTPYWLVANSWNTDWGDNGFFKILRGQDHCGI
ESEVVAGIPRTD
>1deua
LPKSWDWRNVDGVNYASITRNQHIPQYCGSCWAHASTSAMADRINIKRKGAWPSTLLSVQ
NVIDCGNAGSCEGGNDLSVWDYAHQHGIPDETCNNYQAKDQECDKFNQCGTCNEFKECHA
IRNYTLWRVGDYGSLSGREKMMAEIYANGPISCGIMATERLANYTGGIYAEYQDTTYINH
VVSVAGWGISDGTEYWIVRNSWGEPWGERGWLRIVTSTYKDGKGARYNLAIEEHCTFGDP
IV
