>2cdv
APKAPADGLKMDKTKQPVVFNHSTHKAVKCGDCHHPVNGKENYQKCATAGCHDNMDKKDK
SAKGYYHAMHDKGTKFKSCVGCHLETAGADAAKKKELTGCKGSKCHS
>2cym
APKAPADGLKMEATKQPVVFNHSTHKSVKCGDCHHPVNGKEDYRKCGTAGCHDSMDKKDK
SAKGYYHVMHDKNTKFKSCVGCHVEVAGADAAKKKDLTGCKKSKCHE
>1wad
VDVPADGAKIDFIAGGEKNLTVVFNHSTHKDVKCDDCHHDPGDKQYAGCTTDGCHNILDK
ADKSVNSWYKVVHDAKGGAKPTCISCHKDKAGDDKELKKKLTGCKGSACHP
>3cyr
APAVPNKPVEVKGSQKTVMFPHAPHEKVECVTCHHLVDGKESYAKCGSSGCHDDLTAKKG
EKSLYYVVHAKGELKHTSCLACHSKVVAEKPELKKDLTGCAKSKCHP
>2cy3
ADAPGDDYVISAPEGMKAKPKGDKPGALQKTVPFPHTKHATVECVQCHHTLEADGGAVKK
CTTSGCHDSLEFRDKANAKDIKLVENAFHTQCIDCHKALKKDKKPTGPTACGKCHTTN
>1aqe
TFEIPESVTMSPKQFEGYTPKKGDVTFNHASHMDIACQQCHHTVPDTYTIESCMTEGCHD
NIKERTEISSVERTFHTTKDSEKSCVGCHRELKRQGPSDAPLACNSCHVQ
