>1mj4a
STHIYTKEVSSHTSPETGIWVTLGSEVFDVTEFVDLHPGGPSKLMLAAGGPLEPFWALYA
VHNQSHVRELLAQYKIGEL
>1soxa
SYPEYTREEVGRHRSPEERVWVTHGTDVFDVTDFVELHPGGPDKILLAAGGALEPFWALY
AVHGEPHVLELLQQYKVGELSPDEAPAPDA
>1euea
DPAVTYYRLEEVAKRNTAEETWMVIHGRVYDITRFLSEHPGGEEILLEQAGADATESFED
IGHSPDAREMLKQYYIGDVHPNDLKP
>1cyo
SKAVKYYTLEEIQKHNNSKSTWLILHYKVYDLTKFLEEHPGGEEVLREQAGGDATENFED
VGHSTDARELSKTFIIGELHPDDRSKIT
>1cxya
TLPVFTLEQVAEHHSPDDCWMAIHGKVYDLTPYVPNHPGPAGMMLVWCGQESTEAWETKS
YGEPHSSLAARLLQRYLIGTL
>1kbia
EPKLDMNKQKISPAEVAKHNKPDDCWVVINGYVYDLTRFLPNHPGGQDVIKFNAGKDVTA
IFEPLHAPNVIDKYIAPEKKLGPLQGSMPPEL
