>1fada
AAPPGEAYLQVAFDIVCDNVGRDWKRLARELKVSEAKMDGIEEKYPRSLSERVRESLKVW
KNAEKKNASVAGLVKALRTCRLNLVADLVEEAQES
>1e41a
GSHMGEEDLCAAFNVICDNVGKDWRRLARQLKVSDTKIDSIEDRYPRNLTERVRESLRIW
KNTEKENATVAHLVGALRSCQMNLVADLVQEVQQARDLQNRSGA
>1icha
PATLYAVVENVPPLRWKEFVKRLGLSDHEIDRLELQNGRCLREAQYSMLATWRRRTPRRE
ATLELLGRVLRDMDLLGCLEDIEEALC
>1ngr
GNLYSSLPLTKREEVEKLLNGDTWRHLAGELGYQPEHIDSFTHEACPVRALLASWGAQDS
ATLDALLAALRRIQRADIVESLCSE
>1ddf
METVAINLSDVDLSKYITTIAGVMTLSQVKGFVRKNGVNEAKIDEIKNDNVQDTAEQKVQ
LLRNWHQLHGKKEAYDTLIKDLKKANLCTLAEKIQTIILKDITSDSENSNFRNEIQSLVL
EHHHHHH
>1d2za
LDNTMAIRLLPLPVRAQLCAHLDALDVWQQLATAVKLYPDQVEQISSQKQRGRSASNEFL
NIWGGQYNHTVQTLFALFKKLKLHNAMRLIKDYVSEDLHKYI
>1d2zb
LSSKYSRNTELRRVEDNDIYRLAKILDENSCWRKLMSIIPKGMDVQACSGAGCLNFPAEI
KKGFKYTAQDVFQIDEAANRLPPDQSKSQMMIDEWKTSGKLNERPTVGVLLQLLVQAELF
SAADFVALDFLNESTPARPVDGPGALISLE
