>1rvva
MNIIQGNLVGTGLKIGIVVGRFNDFITSKLLSGAEDALLRHGVDTNDIDVAWVPGAFEIP
FAAKKMAETKKYDAIITLGTVIRGATTHYDYVCNEAAKGIAQAANTTGVPVIFGIVTTEN
IEQAIERAGTKAGNKGVDCAVSAIEMANLNRSFE
>1c2ya
MNELEGYVTKAQSFRFAIVVARFNEFVTRRLMEGALDTFKKYSVNEDIDVVWVPGAYELG
VTAQALGKSGKYHAIVCLGAVVKGDTSHYDAVVNSASSGVLSAGLNSGVPCVFGVLTCDN
MDQAINRAGGKAGNKGAESALTAIEMASLFEHHLK
>1ejba
AVKGLGKPDQVYDGSKIRVGIIHARWNRVIIDALVKGAIERMASLGVEENNIIIETVPGS
YELPWGTKRFVDRQAKLGKPLDVVIPIGVLIKGSTMHFEYISDSTTHALMNLQEKVDMPV
IFGLLTCMTEEQALARAGIDEAHSMHNHGEDWGAAAVEMAVKFGKNAF
>1c41a
GPTPQQHDGSALRIGIVHARWNETIIEPLLAGTKAKLLACGVKESNIVVQSVPGSWELPI
AVQRLYSASQLQSTGPFDALIAIGVLIKGETMHFEYIADSVSHGLMRVQLDTGVPVIFGV
LTVLTDDQAKARAGVIEGSHNHGEDWGLAAVEMGVRRRDWAAGKT
>1di0a
TSFKIAFIQARWHADIVDEARKSFVAELAAKTGGSVEVEIFDVPGAYEIPLHAKTLARTG
RYAAIVGAAFVIDGGIYDHDFVATAVINGMMQVQLETEVPVLSVVLTPHHFHESKEHHDF
FHAHFKVKGVEAAHAALQIVSERSRIAA
