>1ixa
VDGDQCESNPCLNGGSCKDDINSYECWCPFGFEGKNCEL
>1apo
KDGDQCEGHPCLNQGHCKDGIGDYTCTCAEGFEGKNCEFSTR
>1urk
QVPSNCDCLNGGTCVSNKYFSNIHWCNCPKKFGGQHCEIDK
>1fsb
TASCQDMSCSKQGECLETIGNYTCSCYPGFYGPECEYVRE
>1esl
ACTNTSCSGHGECVETINNYTCKCDPGFSGLKCEQIV
>1hre
GTSHLVKCAEKEKTFCVNGGECFMVKDLSNPSRYLCKCQPGFTGARCTENVPMKVQNQEK
AEELYQK
>1epi
NSYPGCPSSYDGYCLNGGVCMHIESLDSYTCNCVIGYSGDRCQTRDLRWWELR
>4tgf
VVSHFNDCPDSHTQFCFHGTCRFLVQEDKPACVCHSGYVGARCEHADLLA
>1hcgb
CSLDNGDCDQFCHEEQNSVVCSCARGYTLADNGKACIPTGPYPCGKQTLER
>1dan1
GDQCASSPCQNGGSCKDQLQSYICFCLPAFEGRNCETHKD
>1dan2
DQLICVNENGGCEQYCSDHTGTKRSCRCHEGYSLLADGVSCTPTVEYPCGKIPILE
>1rfnb
MTCNIKNGRCEQFCKNSADNKVVCSCTEGYRLAENQKSCEPAVPFPCGRVSVSQTSK
