>1flv
KKIGLFYGTQTGKTESVAEIIRDEFGNDVVTLHDVSQAEVTDLNDYQYLIIGCPTWNIGE
LQSDWEGLYSELDDVDFNGKLVAYFGTGDQIGYADNFQDAIGILEEKISQRGGKTVGYWS
TDGYDFNDSKALRNGKFVGLALDEDNQSDLTDDRIKSWVAQLKSEFGL
>1ofv
AKIGLFYGTQTGVTQTIAESIQQEFGGESIVDLNDIANADASDLNAYDYLIIGCPTWNVG
ELQSDWEGIYDDLDSVNFQGKKVAYFGAGDQVGYSDNFQDAMGILEEKISSLGSQTVGYW
PIEGYDFNESKAVRNNQFVGLAIDEDNQPDLTKNRIKTWVSQLKSEFGL
>1ag9a
AITGIFFGSDTGNTENIAKMIQKQLGKDVADVHDIAKSSKEDLEAYDILLLGIPTWYYGE
AQCDWDDFFPTLEEIDFNGKLVALFGCGDQEDYAEYFCDALGTIRDIIEPRGATIVGHWP
TAGYHFEASKGLADDDHFVGLAIDEDRQPELTAERVEKWVKQISEELHLDEILNA
>2fcr
KIGIFFSTSTGNTTEVADFIGKTLGAKADAPIDVDDVTDPQALKDYDLLFLGAPTWNTGA
DTERSGTSWDEFLYDKLPEVDMKDLPVAIFGLGDAEGYPDNFCDAIEEIHDCFAKQGAKP
VGFSNPDDYDYEESKSVRDGKFLGLPLDMVNDQIPMEKRVAGWVEAVVSETGV
>1akr
PKALIVYGSTTGNTEYTAETIARELADAGYEVDSRDAASVEAGGLFEGFDLVLLGCSTWA
DDSIELQDDFIPLFDSLEETGAQGRKVACFGCGDSSYEYFCGAVDAIEEKLKNLGAEIVQ
DGLRIDGDPRAARDDIVGWAHDVRGAI
>5nll
MKIVYWSGTGNTEKMAELIAKGIIESGKDVNTINVSDVNIDELLNEDILILGCSAMGDEV
LEESEFEPFIEEISTKISGKKVALFGSYGWGDGKWMRDFEERMNGYGCVVVETPLIVQNE
PDEAEQDCIEFGKKIANI
