>1d0na2
RLKDKKMDAHPPRLFACSNKIGRFVIEEVPGEFMQEDLATDDVMLLDTWDQVFVWVGKDS
QDEEKTEALTSAKRYIDTDPAHRDRRTPITVVKQGFEPPSFVGWFLGWDDSYWSVDPLDR
ALAELAA
>1d0na1
EDAANRKLAKLYKVSNGAGPMVVSLVADENPFAQGALRSEDCFILDHGKDGKIFVWKGKQ
ANMEERKAALKTASDFISKMDYPKQTQVSVLPEGGETPLFRQFFKNWRDPDQTEGLGLAY
L
>1svr
EYKPRLLHISGDKNAKVAEVPLATSSLNSGDCFLLDAGLTIYQFNGSKSSPQEKNKAAEV
ARAIDAERKGLPKVEVFCETDSDIPAEFWKLLGG
>1yagg
MVVEHPEFLKAGKEPGLQIWRVEKFDLVPVPTNLYGDFFTGDAYVILKTVQLRNGNLQYD
LHYWLGNECSQDESGAAAIFTVQLDDYLNGRAVQHREVQGFESATFLGYFKSGLKYKKGG
VASGF
>2vil
VELSKKVTGKLDKTTPGIQIWRIENMEMVPVPTKSYGNFYEGDCYVLLSTRKTGSGFSYN
IHYWLGKNSSQDEQGAAAIYTTQMDEYLGSVAVQHREVQGHESETFRAYFKQGLIYKQGG
VASGMK
