>1cbg
FKPLPISFDDFSDLNRSCFAPGFVFGTASSAFQYEGAAFEDGKGPSIWDTFTHKYPEKIK
DRTNGDVAIDEYHRYKEDIGIMKDMNLDAYRFSISWPRVLPKGKLSGGVNREGINYYNNL
INEVLANGMQPYVTLFHWDVPQALEDEYRGFLGRNIVDDFRDYAELCFKEFGDRVKHWIT
LNEPWGVSMNAYAYGTFAPGRCSDWLKLNCTGGDSGREPYLAAHYQLLAHAAAARLYKTK
YQASQNGIIGITLVSHWFEPASKEKADVDAAKRGLDFMLGWFMHPLTKGRYPESMRYLVR
KRLPKFSTEESKELTGSFDFLGLNYYSSYYAAKAPRIPNARPAIQTDSLINATFEHNGKP
LGPMAASSWLCIYPQGIRKLLLYVKNHYNNPVIYITENGRNEFNDPTLSLQESLLDTPRI
DYYYRHLYYVLTAIGDGVNVKGYFAWSLFDNMEWDSGYTVRFGLVFVDFKNNLKRHPKLS
AHWFKSFLKK
>1e73m
EITCQENLPFTCGNTDALNSSSFSSDFIFGVASSAYQIEGTIGRGLNIWDGFTHRYPNKS
GPDHGNGDTTCDSFSYWQKDIDVLDELNATGYRFSIAWSRIIPRGKRSRGVNEKGIDYYH
GLISGLIKKGITPFVTLFHWDLPQTLQDEYEGFLDPQIIDDFKDYADLCFEEFGDSVKYW
LTINQLYSVPTRGYGSALDAPGRCSPTVDPSCYAGNSSTEPYIVAHHQLLAHAKVVDLYR
KNYTHQGGKIGPTMITRWFLPYNDTDRHSIAATERMKEFFLGWFMGPLTNGTYPQIMIDT
VGERLPSFSPEESNLVKGSYDFLGLNYYFTQ
>1hxja
QMLSPSEIPQRDWFPSDFTFGAATSAYQIEGAWNEDGKGESNWDHFCHNHPERILDGSNS
DIGANSYHMYKTDVRLLKEMGMDAYRFSISWPRILPKGTKEGGINPDGIKYYRNLINLLL
ENGIEPYVTIFHWDVPQALEEKYGGFLDKSHKSIVEDYTYFAKVCFDNFGDKVKNWLTFN
EPQTFTSFSYGTGVFAPGRCSPGLDCAYPTGNSLVEPYTAGHNILLAHAEAVDLYNKHYK
RDDTRIGLAFDVMGRVPYGTSFLDKQAEERSWDINLGWFLEPVVRGDYPFSMRSLARERL
PFFKDEQKEKLAGSYNMLGLNYYTSRFSKNIDISPNYSPVLNTDDAYASQEVNGPDGKPI
GPPMGNPWIYMYPEGLKDLLMIMKNKYGNPPIYITENGIGDVDTKETPLPMEAALNDYKR
LDYIQRHIATLKESIDLGSNVQGYFAWSLLDNFEWFAGFTERYGIVYVDRNNNCTRYMKE
SAKWLKEFNT
>1ug6a
NAEKFLWGVATSAYQIEGATQEDGRGPSIWDAFAQRPGAIRDGSTGEPACDHYRRYEEDI
ALMQSLGVRAYRFSVAWPRILPEGRGRINPKGLAFYDRLVDRLLASGITPFLTLYHWDLP
LALEERGGWRSRETAFAFAEYAEAVARALADRVPFFATLNEPWCSAFLGHWTGEHAPGLR
NLEAALRAAHHLLLGHGLAVEALRAAGARRVGIVLNFAPAYGEDPEAVDVADRYHNRFFL
DPILGKGYPESPFRDPPPVPILSRDLELVARPLDFLGVNYYAPVRVAPGTGTLPVRYLPP
EGPATAMGWEVYPEGLYHLLKRLGREVPWPLYVTENGAAYPDLWTGEAVVEDPERVAYLE
AHVEAALRAREEGVDLRGYFVWSLMDNFEWAFGYTRRFGLYYVDFPSQRRIPKRSALWYR
ERIARA
>1gnxa
ALTFPEGFLWGSATASYQIEGAAAEDGRTPSIWDTYARTPGRVRNGDTGDVATDHYHRWR
EDVALMAELGLGAYRFSLAWPRIQPTGRGPALQKGLDFYRRLADELLAKGIQPVATLYHW
DLPQELENAGGWPERATAERFAEYAAIAADALGDRVKTWTTLNEPWCSAFLGYGSGVHAP
GRTDPVAALRAAHHLNLGHGLAVQALRDRLPADAQCSVTLNIHHVRPLTDSDADADAVRR
IDALANRVFTGPMLQGAYPEDLVKDTAGLTDWSFVRDGDLRLAHQKLDFLGVNYYSPTLV
SAHSPWPGADRVAFHQPPGETTAMGWAVDPSGLYELLRRLSSDFPALPLVITENGAAFHD
YADPEGNVNDPERIAYVRDHLAAVHRAIKDGSDVRGYFLWSLLDNFEWAHGYSKRFGAVY
VDYPTGTRIPKASARWYAEVARTGVLP
>1e4ia
TIFQFPQDFMWGTATAAYQIEGAYQEDGRGLSIWDTFAHTPGKVFNGDNGNVACDSYHRY
EEDIRLMKELGIRTYRFSVSWPRIFPNGDGEVNQKGLDYYHRVVDLLNDNGIEPFCTLYH
WDLPQALQDAGGWGNRRTIQAFVQFAETMFREFHGKIQHWLTFNEPWCIAFLSNMLGVHA
PGLTNLQTAIDVGHHLLVAHGLSVRRFRELGTSGQIGIAPNVSWAVPYSTSEEDKAACAR
TISLHSDWFLQPIYQGSYPQFLVDWFAEQGATVPIQDGDMDIIGEPIDMIGINYYSMSVN
RFNPEAGFLQSEEINMGLPVTDIGWPVESRGLYEVLHYLQKYGNIDIYITENGACINDEV
VNGKVQDDRRISYMQQHLVQVHRTIHDGLHVKGYMAWSLLDNFEWAEGYNMRFGMIHVDF
RTQVRTPKQSYYWYRNVVSNNWLETRR
>1qoxa
SIHMFPSDFKWGVATAAYQIEGAYNEDGRGMSIWDTFAHTPGKVKNGDNGNVACDSYHRV
EEDVQLLKDLGVKVYRFSISWPRVLPQGTGEVNRAGLDYYHRLVDELLANGIEPFCTLYH
WDLPQALQDQGGWGSRITIDAFAEYAELMFKELGGKIKQWITFNEPWCMAFLSNYLGVHA
PGNKDLQLAIDVSHHLLVAHGRAVTLFRELGISGEIGIAPNTSWAVPYRRTKEDMEACLR
VNGWSGDWYLDPIYFGEYPKFMLDWYENLGYKPPIVDGDMELIHQPIDFIGINYYTSSMN
RYNPGEAGGMLSSEAISMGAPKTDIGWEIYAEGLYDLLRYTADKYGNPTLYITENGACYN
DGLSLDGRIHDQRRIDYLAMHLIQASRAIEDGINLKGYMEWSLMDNFEWAEGYGMRFGLV
HVDYDTLVRTPKDSFYWYKGVISRGWLDL
>1qvba
MKFPKDFMIGYSSSPFQFEAGIPGSEDPNSDWWVWVHDPENTAAGLVSGDFPENGPGYWN
LNQNDHDLAEKLGVNTIRVGVEWSRIFPKPTFNVKVPVERDENGSIVHVDVDDKAVERLD
ELANKEAVNHYVEMYKDWVERGRKLILNLYHWPLPLWLHNPIMVRRMGPDRAPSGWLNEE
SVVEFAKYAAYIAWKMGELPVMWSTMNEPNVVYEQGYMFVKGGFPPGYLSLEAADKARRN
MIQAHARAYDNIKRFSKKPVGLIYAFQWFELLEGPAEVFDKFKSSKLYYFTDIVSKGSSI
INVEYRRDLANRLDWLGVNYYSRLVYKIVDDKPIILHGYGFLCTPGGISPAENPCSDFGW
EVYPEGLYLLLKELYNRYGVDLIVTENGVSDSRDALRPAYLVSHVYSVWKAANEGIPVKG
YLHWSLTDNYEWAQGFRQKFGLVMVDFKTKKRYLRPSALVFREIATHNGIPDELQHLTLI
Q
