>6taa
ATPADWRSQSIYFLLTDRFARTDGSTTATCNTADQKYCGGTWQGIIDKLDYIQGMGFTAI
WITPVTAQLPQTTAYGDAYHGYWQQDIYSLNENYGTADDLKALSSALHERGMYLMVDVVA
NHMGYDGAGSSVDYSVFKPFSSQDYFHPFCFIQNYEDQTQVEDCWLGDNTVSLPDLDTTK
DVVKNEWYDWVGSLVSNYSIDGLRIDTVKHVQKDFWPGYNKAAGVYCIGEVLDGDPAYTC
PYQNVMDGVLNYPIYYPLLNAFKSTSGSMDDLYNMINTVKSDCPDSTLLGTFVENHDNPR
FASYTNDIALAKNVAAFIILNDGIPIIYAGQEQHYAGGNDPANREATWLSGYPTDSELYK
LIASANAIRNYAISKDTGFVTYKNWPIYKDDTTIAMRKGTDGSQIVTILSNKGASGDSYT
LSLSGAGYTAGQQLTEVIGCTTVTVGSDGNVPVPMAGGLPRVLYPTEKLAGSKICS
>2aaa
LSAASWRTQSIYFLLTDRFGRTDNSTTATCNTGNEIYCGGSWQGIIDHLDYIEGMGFTAI
WISPITEQLPQDTADGEAYHGYWQQKIYDVNSNFGTADNLKSLSDALHARGMYLMVDVVP
DHMGYAGNGNDVDYSVFDPFDSSSYFHPYCLITDWDNLTMVEDCWEGDTIVSLPDLDTTE
TAVRTIWYDWVADLVSNYSVDGLRIDSVLEVQPDFFPGYNKASGVYCVGEIDNGNPASDC
PYQKVLDGVLNYPIYWQLLYAFESSSGSISNLYNMIKSVASDCSDPTLLGNFIENHDNPR
FAKYTSDYSQAKNVLSYIFLSDGIPIVYAGEEQHYAGGKVPYNREATWLSGYDTSAELYT
WIATTNAIRKLAIAADSAYITYANDAFYTDSNTIAMAKGTSGSQVITVLSNKGSSGSSYT
LTLSGSGYTSGTKLIEAYTCTSVTVDSSGDIPVPMASGLPRVLLPASVVDSSSLCG
>1cgt
DPDTAVTNKQSFSTDVIYQVFTDRFLDGNPSNNPTGAAYDATCSNLKLYCGGDWQGLINK
INDNYFSDLGVTALWISQPVENIFATINYSGVTNTAYHGYWARDFKKTNPYFGTMADFQN
LITTAHAKGIKIVIDFAPNHTSPAMETDTSFAENGRLYDNGTLVGGYTNDTNGYFHHNGG
SDFSSLENGIYKNLYDLADFNHNNATIDKYFKDAIKLWLDMGVDGIRVDAVKHMPLGWQK
SWMSSIYAHKPVFTFGEWFLGSAASDADNTDFANKSGMSLLDFRFNSAVRNVFRDNTSNM
YALDSMINSTATDYNQVNDQVTFIDNHDMDRFKTSAVNNRRLEQALAFTLTSRGVPAIYY
GTEQYLTGNGDPDNRAKMPSFSKSTTAFNVISKLAPLRKSNPAIAYGSTQQRWINNDVYV
YERKFGKSVAVVAVNRNLSTSASITGLSTSLPTGSYTDVLGGVLNGNNITSTNGSINNFT
LAAGATAVWQYTTAETTPTIGH
>1cdg
APDTSVSNKQNFSTDVIYQIFTDRFSDGNPANNPTGAAFDGTCTNLRLYCGGDWQGIINK
INDGYLTGMGVTAIWISQPVENIYSIINYSGVNNTAYHGYWARDFKKTNPAYGTIADFQN
LIAAAHAKNIKVIIDFAPNHTSPASSDQPSFAENGRLYDNGTLLGGYTNDTQNLFHHNGG
TDFSTTENGIYKNLYDLADLNHNNSTVDVYLKDAIKMWLDLGIDGIRMDAVKHMPFGWQK
SFMAAVNNYKPVFTFGEWFLGVNEVSPENHKFANESGMSLLDFRFAQKVRQVFRDNTDNM
YGLKAMLEGSAADYAQVDDQVTFIDNHDMERFHASNANRRKLEQALAFTLTSRGVPAIYY
GTEQYMSGGTDPDNRARIPSFSTSTTAYQVIQKLAPLRKCNPAIAYGSTQERWINNDVLI
YERKFGSNVAVVAVNRNLNAPASISGLVTSLPQGSYNDVLGGLLNGNTLSVGSGGAASNF
TLAAGGTAVWQYTAATATPTIGH
>1cyg
AGNLNKVNFTSDVVYQIVVDRFVDGNTSNNPSGALFSSGCTNLRKYCGGDWQGIINKIND
GYLTDMGVTAIWISQPVENVFSVMNDASGSASYHGYWARDFKKPNPFFGTLSDFQRLVDA
AHAKGIKVIIDFAPNHTSPASETNPSYMENGRLYDNGTLLGGYTNDANMYFHHNGGTTFS
SLEDGIYRNLFDLADLNHQNPVIDRYLKDAVKMWIDMGIDGIRMDAVKHMPFGWQKSLMD
EIDNYRPVFTFGEWFLSENEVDANNHYFANESGMSLLDFRFGQKLRQVLRNNSDNWYGFN
QMIQDTASAYDEVLDQVTFIDNHDMDRFMIDGGDPRKVDMALAVLLTSRGVPNIYYGTEQ
YMTGNGDPNNRKMMSSFNKNTRAYQVIQKLSSLRRNNPALAYGDTEQRWINGDVYVYERQ
FGKDVVLVAVNRSSSSNYSITGLFTALPAGTYTDQLGGLLDGNTIQVGSNGSVNAFDLGP
GEVGVWAYSATESTPIIGH
>1bvnp
QYAPQTQSGRTDIVHLFEWRWVDIALECERYLGPKGFGGVQVSPPNENVVVTNPSRPWWE
RYQPVSYKLCTRSGNENEFRDMVTRCNNVGVRIYVDAVINHMCGSGAAAGTGTTCGSYCN
PGSREFPAVPYSAWDFNDGKCKTASGGIESYNDPYQVRDCQLVGLLDLALEKDYVRSMIA
DYLNKLIDIGVAGFRLDASKHMWPGDIKAVLDKLHNLNTNWFPAGSRPFIFQEVIDLGGE
AISSSEYFGNGRVTEFKYGAKLGTVVRKWSGEKMSYLKNWGEGWGFMPSDRALVFVDNHD
NQRGHGAGGSSILTFWDARLYKVAVGFMLAHPYGFTRVMSSYRWARNFVNGEDVNDWIGP
PNNNGVIKEVTINADTTCGNDWVCEHRWREIRNMVWFRNVVDGQPFANWWDNGSNQVAFG
RGNRGFIVFNNDDWQLSSTLQTGLPGGTYCNVISGDKVGNSCTGIKVYVSSDGTAQFSIS
NSAQDPFIAIHAESKL
>1jae
KDANFASGRNSIVHLFEWKWNDIADECERFLQPQGFGGVQISPPNEYLVADGRPWWERYQ
PVSYIINTRSGDESAFTDMTRRCNDAGVRIYVDAVINHMTGMNGVGTSGSSADHDGMNYP
AVPYGSGDFHSPCEVNNYQDADNVRNCELVGLRDLNQGSDYVRGVLIDYMNHMIDLGVAG
FRVDAAKHMSPGDLSVIFSGLKNLNTDYGFADGARPFIYQEVIDLGGEAISKNEYTGFGC
VLEFQFGVSLGNAFQGGNQLKNLANWGPEWGLLEGLDAVVFVDNHDNQRTGGSQILTYKN
PKPYKMAIAFMLAHPYGTTRIMSSFDFTDNDQGPPQDGSGNLISPGINDDNTCSNGYVCE
HRWRQVYGMVGFRNAVEGTQVENWWSNDDNQIAFSRGSQGFVAFTNGGDLNQNLNTGLPA
GTYCDVISGELSGGSCTGKSVTVGDNGSADISLGSAEDDGVLAIHVNAKL
>1aqm
TPTTFVHLFEWNWQDVAQECEQYLGPKGYAAVQVSPPNEHITGSQWWTRYQPVSYELQSR
GGNRAQFIDMVNRCSAAGVDIYVDTLINHMAAGSGTGTAGNSFGNKSFPIYSPQDFHESC
TINNSDYGNDRYRVQNCELVGLADLDTASNYVQNTIAAYINDLQAIGVKGFRFDASKHVA
ASDIQSLMAKVNGSPVVFQEVIDQGGEAVGASEYLSTGLVTEFKYSTELGNTFRNGSLAW
LSNFGEGWGFMPSSSAVVFVDNHDNQRGHGGAGNVITFEDGRLYDLANVFMLAYPYGYPK
VMSSYDFHGDTDAGGPNVPVHNNGNLECFASNWKCEHRWSYIAGGVDFRNNTADNWAVTN
WWDNTNNQISFGRGSSGHMAINKEDSTLTATVQTDMASGQYCNVLKGELSADAKSCSGEV
ITVNSDGTINLNIGAWDAMAIHKNAKLN
>1bag
LTAPSIKSGTILHAWNWSFNTLKHNMKDIHDAGYTAIQTSPINQVKEGNQGDKSMSNWYW
LYQPTSYQIGNRYLGTEQEFKEMCAAAEEYGIKVIVDAVINHTTFDYAAISNEVKSIPNW
THGNTQIKNWSDRWDVTQNSLLGLYDWNTQNTQVQSYLKRFLERALNDGADGFRFDAAKH
IELPDDGSYGSQFWPNITNTSAEFQYGQILQDSASRDAAYANYMDVTASNYGHSIRSALK
NRNLGVSNISHYASDVSADKLVTWVESHDTYANDDEESTWMSDDDIRLGWAVIASRSGST
PLFFSRPEGGGNGVRFPGKSQIGDRGSALFEDQAITAVNRFHNVMAGQPEELSNPNGNNQ
IFMNQRGSHGVVLANAGSSSVSINTATKLPDGRYDNKAGAGSFQVNDGKLTGTINARSVA
VLYPD
>1avaa
QVLFQGFNWESWKHNGGWYNFLMGKVDDIAAAGITHVWLPPASQSVAEQGYMPGRLYDLD
ASKYGNKAQLKSLIGALHGKGVKAIADIVINHRTAEHKDGRGIYCIFEGGTPDARLDWGP
HMICRDDRPYADGTGNPDTGADFGAAPDIDHLNLRVQKELVEWLNWLKADIGFDGWRFDF
AKGYSADVAKIYIDRSEPSFAVAEIWTSLAYGGDGKPNLNQDQHRQELVNWVDKVGGKGP
ATTFDFTTKGILNVAVEGELWRLRGTDGKAPGMIGWWPAKAVTFVDNHDTGSTQHMWPFP
SDRVMQGYAYILTHPGTPCIFYDHFFDWGLKEEIDRLVSVRTRHGIHNESKLQIIEADAD
LYLAEIDGKVIVKLGPRYDVGNLIPGGFKVAAHGNDYAVWEKI
