>1exp
ATTLKEAADGAGRDFGFALDPNRLSEAQYKAIADSEFNLVVAENAMKWDATEPSQNSFSF
GAGDRVASYAADTGKELYGHTLVWHSQLPDWAKNLNGSAFESAMVNHVTKVADHFEGKVA
SWDVVNEAFADGGGRRQDSAFQQKLGNGYIETAFRAARAADPTAKLCINDYNVEGINAKS
NSLYDLVKDFKARGVPLDCVGFQSHLIVGQVPGDFRQNLQRFADLGVDVRITELDIRMRT
PSDATKLATQAADYKKVVQACMQVTRCQGVTVWGITDKYSWVPDVFPGEGAALVWDASYA
KKPAYAAVMEAF
>1clxa
GLASLADFPIGVAVAASGGNADIFTSSARQNIVRAEFNQITAENIMKMSYMYSGSNFSFT
NSDRLVSWAAQNGQTVHGHALVWHPSYQLPNWASDSNANFRQDFARHIDTVAAHFAGQVK
SWDVVNEALFDSADDPDGRGSANGYRQSVFYRQFGGPEYIDEAFRRARAADPTAELYYND
FNTEENGAKTTALVNLVQRLLNNGVPIDGVGFQMHVMNDYPSIANIRQAMQKIVALSPTL
KIKITELDVRLNNPYDGNSSNDYTNRNDCAVSCAGLDRQKARYKEIVQAYLEVVPPGRRG
GITVWGIADPDSWLYTHQNLPDWPLLFNDNLQPKPAYQGVVEALS
>1xyza
NALRDYAEARGIKIGTCVNYPFYNNSDPTYNSILQREFSMVVCENEMKFDALQPRQNVFD
FSKGDQLLAFAERNGMQMRGHTLIWHNQNPSWLTNGNWNRDSLLAVMKNHITTVMTHYKG
KIVEWDVANECMDDSGNGLRSSIWRNVIGQDYLDYAFRYAREADPDALLFYNDYNIEDLG
PKSNAVFNMIKSMKERGVPIDGVGFQCHFINGMSPEYLASIDQNIKRYAEIGVIVSFTEI
DIRIPQSENPATAFQVQANNYKELMKICLANPNCNTFVMWGFTDKYTWIPGTFPGYGNPL
IYDSNYNPKPAYNAIKEALM
>1bg4
ASVSIDAKFKAHGKKYLGTIGDQYTLTKNTKNPAIIKADFGQLTPENSMKWDATEPNRGQ
FTFSGSDYLVNFAQSNGKLIRGHTLVWHSQLPGWVSSITDKNTLISVLKNHITTVMTRYK
GKIYAWDVLNEIFNEDGSLRNSVFYNVIGEDYVRIAFETARSVDPNAKLYINDYNLDSAG
YSKVNGMVSHVKKWLAAGIPIDGIGSQTHLGAGAGSAVAGALNALASAGTKEIAITELDI
AGASSTDYVNVVNACLNQAKCVGITVWGVADPDSWRSSSSPLLFDGNYNPKAAYNAIANA
L
>1taxa
ASAQSVDQLIKARGKVYFGVATDQNRLTTGKNAAIIQANFGQVTPENSMKWDATEPSQGN
FNFAGADYLVNWAQQNGKLIRGHTLVWHSQLPSWVTSITDKNTLTNVMKNHITTLMTRYK
GKIRAWDVVNEAFNQNGSLRSTVFLNVIGEDYIPIAFQTARAADPNAKLYINDYNLDSAT
YPKTQAIVNRVKQWRAAGVPIDGIGSQTHLSAGQGAGVLNALPLLASAGTPEVAITELDV
AGASPTDYVNVVNACLNVSSCVGITVWGVADPDSWRASTTPLLFDGNFNPKPAYNAIVQN
LQ
