>1hml
KQFTKCELSQLLKDIDGYGGIALPELICTMFHTSGYDTQAIVENNESTEYGLFQISNKLW
CKSSQVPQSRNICDISCDKFLDDDITDDIMCAKKILDIKGIDYWLAHKALCTEKLEQWLC
EKL
>1alc
KQFTKCELSQNLYDIDGYGRIALPELICTMFHTSGYDTQAIVENDESTEYGLFQISNALW
CKSSQSPQSRNICDITCDKFLDDDITDDIMCAKKILDIKGIDYWIAHKALCTEKLEQWLC
EK
>1hfya
EQLTKCEVFQKLKDLKDYGGVSLPEWVCTAFHTSGYDTQAIVQNNDSTEYGLFQINNKIW
CKDDQNPHSRNICNISCDKFLDDDLTDDIVCAKKILDKVGINYWLAHKALCSEKLDQWLC
>1hfx
KQLTKCALSHELNDLAGYRDITLPEWLCIIFHISGYDTQAIVKNSDHKEYGLFQINDKDF
CESSTTVQSRNICDISCDKLLDDDLTDDIMCVKKILDIKGIDYWLAHKPLCSDKLEQWYC
EAQ
>1ghla
GKVYGRCELAAAMKRMGLDNYRGYSLGNWVCAAKFESNFNTGATNRNTDGSTDYGILQIN
SRWWCNDGRTPGSKNLCHIPCSALLSSDITASVNCAKKIVSDGNGMNAWVAWRKHCKGTD
VNVWIRGCRL
>1lzt
KVFGRCELAAAMKRHGLDNYRGYSLGNWVCAAKFESNFNTQATNRNTDGSTDYGILQINS
RWWCNDGRTPGSRNLCNIPCSALLSSDITASVNCAKKIVSDGNGMNAWVAWRNRCKGTDV
QAWIRGCRL
>1lz3
KVYGRCELAAAMKRLGLDNYRGYSLGNWVCAAKFESNFDTHATNRNTDGSTDYGILQINS
RWWCNDGRTPGSKNLCNIPCSALLSSDITASVNCAKKIASGGDGMNAWVAWRNRCKGTDV
HAWIRGCRL
>1hhl
KVFGRCELAAAMKRHGLDNYRGYSLGNWVCAAKFESNFNSQATNRNTDGSTDYGVLQINS
RWWCNDGRTPGSRNLCNIPCSALQSSDITATANCAKKIVSDGDGMNAWVAWRKHCKGTDV
RVWIKGCRL
>1lmn
KVYDRCELARALKASGMDGYAGNSLPNWVCLSKWESSYNTQATNRNTDGSTDYGIFQINS
RYWCDDGRTPGAKNVCGIRCSQLLTDDLTVAIRCAKRVVLDPNGIGAWVAWRLHCQNQDL
RSYVAGCGV
>1lz1
KVFERCELARTLKRLGMDGYRGISLANWMCLAKWESGYNTRATNYNAGDRSTDYGIFQIN
SRYWCNDGKTPGAVNACHLSCSALLQDNIADAVACAKRVVRDPQGIRAWVAWRNRCQNRD
VRQYVQGCGV
>1jug
KILKKQELCKNLVAQGMNGYQHITLPNWVCTAFHESSYNTRATNHNTDGSTDYGILQINS
RYWCHDGKTPGSKNACNISCSKLLDDDITDDLKCAKKIAGEAKGLTPWVAWKSKCRGHDL
SKFKC
>2eql
KVFSKCELAHKLKAQEMDGFGGYSLANWVCMAEYESNFNTRAFNGKNANGSSDYGLFQLN
NKWWCKDNKRSSSNACNIMCSKLLDENIDDDISCAKRVVRDPKGMSAWKAWVKHCKDKDL
SEYLASCNL
