>1a3h
SVVEEHGQLSISNGELVNERGEQVQLKGMSSHGLQWYGQFVNYESMKWLRDDWGINVFRA
AMYTSSGGYIDDPSVKEKVKEAVEAAIDLDIYVIIDWHILSDNDPNIYKEEAKDFFDEMS
ELYGDYPNVIYEIANEPNGSDVTWGNQIKPYAEEVIPIIRNNDPNNIIIVGTGTWSQDVH
HAADNQLADPNVMYAFHFYAGTHGQNLRDQVDYALDQGAAIFVSEWGTSAATGDGGVFLD
EAQVWIDFMDERNLSWANWSLTHKDESSAALMPGANPTGGWTEAELSPSGTFVREKIRES
>1egza
SVEPLSVNGNKIYAGEKAKSFAGNSLFWSNNGWGGEKFYTADTVASLKKDWKSSIVRAAM
GVQESGGYLQDPAGNKAKVERVVDAAIANDMYAIIGWHSHSAENNRSEAIRFFQEMARKY
GNKPNVIYEIYNEPLQVSWSNTIKPYAEAVISAIRAIDPDNLIIVGTPSWSQNVDEASRD
PINAKNIAYTLHFYAGTHGESLRNKARQALNNGIALFVTEWGTVNADGNGGVNQTETDAW
VTFMRDNNISNANWALNDKNEGASTYYPDSKNLTESGKKVKSIIQSWPYKA
>1bqca
ATGLHVKNGRLYEANGQEFIIRGVSHPHNWYPQHTQAFADIKSHGANTVRVVLSNGVRWS
KNGPSDVANVISLCKQNRLICMLEVHDTTGYGEQSGASTLDQAVDYWIELKSVLQGEEDY
VLINIGNEPYGNDSATVAAWATDTSAAIQRLRAAGFEHTLVVDAPNWGQDWTNTMRNNAD
QVYASDPTGNTVFSIHMYGVYSQASTITSYLEHFVNAGLPLIIGEFGHDHSDGNPDEDTI
MAEAERLKLGYIGWSWSGNGGGVEYLDMVYNFDGDNLSPWGERIFYGPNGIASTAKEAVI
FG
>1edg
MYDASLIPNLQIPQKNIPNNDGMNFVKGLRLGWNLGNTFDAFNGTNITNELDYETSWSGI
KTTKQMIDAIKQKGFNTVRIPVSWHPHVSGSDYKISDVWMNRVQEVVNYCIDNKMYVILN
THHDVDKVKGYFPSSQYMASSKKYITSVWAQIAARFANYDEHLIFEGMNEPRLVGHANEW
WPELTNSDVVDSINCINQLNQDFVNTVRATGGKNASRYLMCPGYVASPDGATNDYFRMPN
DISGNNNKIIVSVHAYCPWNFAGLAMADGGTNAWNINDSKDQSEVTWFMDNIYNKYTSRG
IPVIIGECGAVDKNNLKTRVEYMSYYVAQAKARGILCILWDNNNFSGTGELFGFFDRRSC
QFKFPEIIDGMVKYAFGLIN
>1ceo
MVSFKAGINLGGWISQYQVFSKEHFDTFITEKDIETIAEAGFDHVRLPFDYPIIESDDNV
GEYKEDGLSYIDRCLEWCKKYNLGLVLDMHHAPGSTLFEDPNQQKRFVDIWRFLAKRYIN
EREHIAFELLNQVVEPDSTRWNKLMLECIKAIREIDSTMWLYIGGNNYNSPDELKNLADI
DDDYIVYNFHFYNPFFFTHQKAHWSESAMAYNRTVKYPGQYEGIEEFVKNNPKYSFMMEL
NNLKLNKELLRKDLKPAIEFREKKKCKLYCGEFGVIAIADLESRIKWHEDYISLLEEYDI
GGAVWNYKKMDFEIYNEDRKPVSQELVNILAR
>1ecea
AGGGYWHTSGREILDANNVPVRIAGINWFGFETCNYVVHGLWSRDYRSMLDQIKSLGYNT
IRLPYSDDILKPGTMPNSINFYQMNQDLQGLTSLQVMDKIVAYAGQIGLRIILDRHRPDC
SGQSALWYTSSVSEATWISDLQALAQRYKGNPTVVGFDLHNEPHDPACWGCGDPSIDWRL
AAERAGNAVLSVNPNLLIFVEGVQSYNGDSYWWGGNLQGAGQYPVVLNVPNRLVYSAHDY
ATSVYPQTWFSDPTFPNNMPGIWNKNWGYLFNQNIAPVWLGEFGTTLQSTTDQTWLKTLV
QYLRPTAQYGADSFQWTFWSWNPDSGDTGGILKDDWQTVDTVKDGYLAPIKSSIFDPV
