>1bina
VAFTEKQDALVSSSFEAFKANIPQYSVVFYTSILEKAPAAKDLFSFLANGVDPTNPKLTG
HAEKLFALVRDSAGQLKASGTVVADAALGSVHAQKAVTDPQFVVVKEALLKTIKAAVGDK
WSDELSRAWEVAYDELAAAIKKA
>1lh1
GALTESQAALVKSSWEEFNANIPKHTHRFFILVLEIAPAAKDLFSFLKGTSEVPQNNPEL
QAHAGKVFKLVYEAAIQLEVTGVVVTDATLKNLGSVHVSKGVADAHFPVVKEAILKTIKE
VVGAKWSEELNSAWTIAYDELAIVIKKEMDDAA
>1hlm
GATQSFQSVGDLTPAEKDLIRSTWDQLMTHRTGFVADVFIRIFHNDPTAQRKFPQMAGLS
PAELRTSRQMHAHAIRVSALMTTYIDEMDTEVLPELLATLTRTHDKNHVGKKNYDLFGKV
LMEAIKAELGVGFTKQVHDAWAKTFAIVQGVLITKHAS
>1hlb
GGTLAIQAQGDLTLAQKKIVRKTWHQLMRNKTSFVTDVFIRIFAYDPSAQNKFPQMAGMS
ASQLRSSRQMQAHAIRVSSIMSEYVEELDSDILPELLATLARTHDLNKVGADHYNLFAKV
LMEALQAELGSDFNEKTRDAWAKAFSVVQAVLLVKHG
>2mm1
GLSDGEWQLVLNVWGKVEADIPGHGQEVLIRLFKGHPETLEKFDRFKHLKSEDEMKASED
LKKHGATVLTALGGILKKKGHHEAEIKPLAQSHATKHKIPVKYLEFISEAIIQVLQSKHP
GDFGADAQGAMNKALELFRKDMASNYKELGFQG
>1pmba
GLSDGEWQLVLNVWGKVEADVAGHGQEVLIRLFKGHPETLEKFDKFKHLKSEDEMKASED
LKKHGNTVLTALGGILKKKGHHEAELTPLAQSHATKHKIPVKYLEFISEAIIQVLQSKHP
GDFGADAQGAMSKALELFRNDMAAKYKELGFQG
>1ymb
GLSDGEWQQVLNVWGKVEADIAGHGQEVLIRLFTGHPETLEKFDKFKHLKTEAEMKASED
LKKHGTVVLTALGGILKKKGHHEAELKPLAQSHATKHKIPIKYLEFISDAIIHVLHSKHP
GDFGADAQGAMTKALELFRNDIAAKYKELGFQG
>1mbs
GLSDGEWHLVLNVWGKVETDLAGHGQEVLIRLFKSHPETLEKFDKFKHLKSEDDMRRSED
LRKHGNTVLTALGGILKKKGHHEAELKPLAQSHATKHKIPIKYLEFISEAIIHVLHSKHP
AEFGADAQAAMKKALELFRNDIAAKYKELGFHG
>1emy
GLSDGEWELVLKTWGKVEADIPGHGETVFVRLFTGHPETLEKFDKFKHLKTEGEMKASED
LKKQGVTVLTALGGILKKKGHHEAEIQPLAQSHATKHKIPIKYLEFISDAIIHVLQSKHP
AEFGADAQGAMKKALELFRNDIAAKYKELGFQG
>1lht
GLSDDEWNHVLGIWAKVEPDLSAHGQEVIIRLFQLHPETQERFAKFKNLTTIDALKSSEE
VKKHGTTVLTALGRILKQKNNHEQELKPLAESHATKHKIPVKYLEFICEIIVKVIAEKHP
SDFGADSQAAMKKALELFRNDMASKYKEFGFQG
>1myt
ADFDAVLKCWGPVEADYTTMGGLVLTRLFKEHPETQKLFPKFAGIAQADIAGNAAISAHG
ATVLKKLGELLKAKGSHAAILKPLANSHATKHKIPINNFKLISEVLVKVMHEKAGLDAGG
QTALRNVMGIIIADLEANYKELGFSG
>2pghb
VHLSAEEKEAVLGLWGKVNVDEVGGEALGRLLVVYPWTQRFFESFGDLSNADAVMGNPKV
KAHGKKVLQSFSDGLKHLDNLKGTFAKLSELHCDQLHVDPENFRLLGNVIVVVLARRLGH
DFNPDVQAAFQKVVAGVANALAHKYH
>2hhbb
VHLTPEEKSAVTALWGKVNVDEVGGEALGRLLVVYPWTQRFFESFGDLSTPDAVMGNPKV
KAHGKKVLGAFSDGLAHLDNLKGTFATLSELHCDKLHVDPENFRLLGNVLVCVLAHHFGK
EFTPPVQAAYQKVVAGVANALAHKYH
>1hdab
MLTAEEKAAVTAFWGKVKVDEVGGEALGRLLVVYPWTQRFFESFGDLSTADAVMNNPKVK
AHGKKVLDSFSNGMKHLDDLKGTFAALSELHCDKLHVDPENFKLLGNVLVVVLARNFGKE
FTPVLQADFQKVVAGVANALAHRYH
>2mhbb
VQLSGEEKAAVLALWDKVNEEEVGGEALGRLLVVYPWTQRFFDSFGDLSNPGAVMGNPKV
KAHGKKVLHSFGEGVHHLDNLKGTFAALSELHCDKLHVDPENFRLLGNVLVVVLARHFGK
DFTPELQASYQKVVAGVANALAHKYH
>1hdsb
MLTAEEKAAVTGFWGKVDVDVVGAQALGRLLVVYPWTQRFFQHFGNLSSAGAVMNNPKVK
AHGKRVLDAFTQGLKHLDDLKGAFAQLSGLHCNKLHVNPQNFRLLGNVLALVVARNFGGQ
FTPNVQALFQKVVAGVANALAHKYH
>1fdhg
GHFTEEDKATITSLWGKVNVEDAGGETLGRLLVVYPWTQRFFDSFGNLSSASAIMGNPKV
KAHGKKVLTSLGDAIKHLDDLKGTFAQLSELHCDKLHVDPENFKLLGNVLVTVLAIHFGK
EFTPEVQASWQKMVTGVASALSSRYH
>1spgb
VDWTDAERAAIKALWGKIDVGEIGPQALSRLLIVYPWTQRHFKGFGNISTNAAILGNAKV
AEHGKTVMGGLDRAVQNMDNIKNVYKQLSIKHSEKIHVDPDNFRLLGEIITMCVGAKFGP
SAFTPEIHEAWQKFLAVVVSALGRQYH
>1hbhb
VEWTDKERSIISDIFSHMDYDDIGPKALSRCLIVYPWTQRHFSGFGNLYNAEAIIGNANV
AAHGIKVLHGLDRGVKNMDNIAATYADLSTLHSEKLHVDPDNFKLLSDCITIVLAAKMGH
AFTAETQGAFQKFLAVVVSALGKQYH
>1outb
VEWTDAEKSTISAVWGKVNIDEIGPLALARVLIVYPWTQRYFGSFGNVSTPAAIMGNPKV
AAHGKVVCGALDKAVKNMGNILATYKSLSETHANKLFVDPDNFRVLADVLTIVIAAKFGA
SFTPEIQATWQKFMKVVVAAMGSRYF
>1spga
SLSATDKARVKALWDKIEGKSAELGAEALGRMLVSFPQTKIYFSEWGQDLGPQTPQVRNH
GAVIMAAVGKAVKSIDNLVGGLSQLSELHAFKLRVDPANFKILAHNIILVISMYFPGDFT
PEVHLSVDKFLACLALALSEKYR
>1pbxa
SLSDKDKAAVRALWSKIGKSADAIGNDALSRMIVVYPQTKTYFSHWPDVTPGSPHIKAHG
KKVMGGIALAVSKIDDLKTGLMELSEQHAYKLRVDPANFKILNHCILVVISTMFPKEFTP
EAHVSLDKFLSGVALALAERYR
>1hdaa
VLSAADKGNVKAAWGKVGGHAAEYGAEALERMFLSFPTTKTYFPHFDLSHGSAQVKGHGA
KVAAALTKAVEHLDDLPGALSELSDLHAHKLRVDPVNFKLLSHSLLVTLASHLPSDFTPA
VHASLDKFLANVSTVLTSKYR
>2hhba
VLSPADKTNVKAAWGKVGAHAGEYGAEALERMFLSFPTTKTYFPHFDLSHGSAQVKGHGK
KVADALTNAVAHVDDMPNALSALSDLHAHKLRVDPVNFKLLSHCLLVTLAAHLPAEFTPA
VHASLDKFLASVSTVLTSKYR
>2mhba
VLSAADKTNVKAAWSKVGGHAGEYGAEALERMFLGFPTTKTYFPHFDLSHGSAQVKAHGK
KVGDALTLAVGHLDDLPGALSDLSNLHAHKLRVDPVNFKLLSHCLLSTLAVHLPNDFTPA
VHASLDKFLSSVSTVLTSKYR
>2pgha
VLSAADKANVKAAWGKVGGQAGAHGAEALERMFLGFPTTKTYFPHFNLSHGSDQVKAHGQ
KVADALTKAVGHLDDLPGALSALSDLHAHKLRVDPVNFKLLSHCLLVTLAAHHPDDFNPS
VHASLDKFLANVSTVLTSKYR
>1hdsa
VLSAANKSNVKAAWGKVGGNAPAYGAQALQRMFLSFPTTKTYFPHFDLSHGSAQQKAHGQ
KVANALTKAQGHLNDLPGTLSNLSNLHAHKLRVNPVNFKLLSHSLLVTLASHLPTNFTPA
VHANLNKFLANDSTVLTSKYR
>1outa
SLTAKDKSVVKAFWGKISGKADVVGAEALGRMLTAYPQTKTYFSHWADLSPGSGPVKKHG
GIIMGAIGKAVGLMDDLVGGMSALSDLHAFKLRVDPGNFKILSHNILVTLAIHFPSDFTP
EVHIAVDKFLAAVSAALADKYR
>2lhb
PIVDTGSVAPLSAAEKTKIRSAWAPVYSTYETSGVDILVKFFTSTPAAQEFFPKFKGLTT
ADELKKSADVRWHAERIINAVDDAVASMDDTEKMSMKLRNLSGKHAKSFQVDPEYFKVLA
AVIADTVAAGDAGFEKLMSMICILLRSAY
>2hbg
GLSAAQRQVIAATWKDIAGADNGAGVGKKCLIKFLSAHPQMAAVFGFSGASDPGVAALGA
KVLAQIGVAVSHLGDEGKMVAQMKAVGVRHKGYGNKHIKAQYFEPLGASLLSAMEHRIGG
KMNAAAKDAWAAAYADISGALISGLQS
>3sdha
SVYDAAAQLTADVKKDLRDSWKVIGSDKKGNGVALMTTLFADNQETIGYFKRLGNVSQGM
ANDKLRGHSITLMYALQNFIDQLDNPDDLVCVVEKFAVNHITRKISAAEFGKINGPIKKV
LASKNFGDKYANAWAKLVAVVQAAL
>1mba
SLSAAEADLAGKSWAPVFANKNANGLDFLVALFEKFPDSANFFADFKGKSVADIKASPKL
RDVSSRIFTRLNEFVNNAANAGKMSAMLSQFAKEHVGFGVGSAQFENVRSMFPGFVASVA
APPAGADAAWTKLFGLIIDALKAAGA
>1itha
GLTAAQIKAIQDHWFLNIKGCLQAAADSIFFKYLTAYPGDLAFFHKFSSVPLYGLRSNPA
YKAQTLTVINYLDKVVDALGGNAGALMKAKVPSHDAMGITPKHFGQLLKLVGGVFQEEFS
ADPTTVAAWGDAAGVLVAAMK
>1ecd
LSADQISTVQASFDKVKGDPVGILYAVFKADPSIMAKFTQFAGKDLESIKGTAPFETHAN
RIVGFFSKIIGELPNIEADVNTFVASHKPRGVTHDQLNNFRAGFVSYMKAHTDFAGAEAA
WGATLDTFFGMIFSKM
>1a4fa
VLSAADKTNVKGVFSKISGHAEEYGAETLERMFTAYPQTKTYFPHFDLQHGSAQIKAHGK
KVVAALVEAVNHIDDIAGALSKLSDLHAQKLRVDPVNFKFLGHCFLVVVAIHHPSALTAE
VHASLDKFLCAVGTVLTAKYR
>1a4fb
VHWSAEEKQLITGLWGKVNVADCGAEALARLLIVYPWTQRFFSSFGNLSSPTAILGNPMV
RAHGKKVLTSFGDAVKNLDNIKNTFAQLSELHCDKLHVDPENFRLLGDILIIVLAAHFAK
EFTPDCQAAWQKLVRVVAHALARKYH
>1a9we
VHFTAEEKAAVTSLWSKMNVEEAGGEALGRLLVVYPWTQRFFDSFGNLSSPSAILGNPKV
KAHGKKVLTSFGDAIKNMDNLKPAFAKLSELHCDKLHVDPENFKLLGNVMVIILATHFGK
EFTPEVQAAWQKLVSAVAIALAHKY
>1hbra
MLTAEDKKLIQQAWEKAASHQEEFGAEALTRMFTTYPQTKTYFPHFDLSPGSDQVRGHGK
KVLGALGNAVKNVDNLSQAMAELSNLHAYNLRVDPVNFKLLSQCIQVVLAVHMGKDYTPE
VHAAFDKFLSAVSAVLAEKYR
>1a6m
VLSEGEWQLVLHVWAKVEADVAGHGQDILIRLFKSHPETLEKFDRFKHLKTEAEMKASED
LKKHGVTVLTALGAILKKKGHHEAELKPLAQSHATKHKIPIKYLEFISEAIIHVLHSRHP
GDFGADAQGAMNKALELFRKDIAAKYKELGY
>1cg5a
VLSSQNKKAIEELGNLIKANAEAWGADALARLFELHPQTKTYFSKFSGFEACNEQVKKHG
KRVMNALADATHHLDNLHLHLEDLARKHGENLLVDPHNFHLFADCIVVTLAVNLQAFTPV
THCAVDKFLELVAYELSSCYR
>1cg5b
VKLSEDQEHYIKGVWKDVDHKQITAKALERVFVVYPWTTRLFSKLQGLFSANDIGVQQHA
DKVQRALGEAIDDLKKVEINFQNLSGKHQEIGVDTQNFKLLGQTFMVELALHYKKTFRPK
EHAAAYKFFRLVAEALSSNYH
