>1hna
PMTLGYWNIRGLAHSIRLLLEYTDSSYEEKKYTMGDAPDYDRSQWLNEKFKLGLDFPNLP
YLIDGTHKITQSNAILRYIARKHNLCGESEKEQIREDILENQFMDSRMQLAKLCYDPDFE
KLKPEYLQALPEMLKLYSQFLGKQPWFLGDKITFVDFIAYDVLERNQVFEPSCLDAFPNL
KDFISRFEGLEKISAYMKSSRFLPRPVFTKMAVFGNK
>5gsta
PMILGYWNVRGLTHPIRLLLEYTDSSYEEKRYAMGDAPDYDRSQWLNEKFKLGLDFPNLP
YLIDGSRKITQSNAIMRYLARKHHLCGETEEERIRADIVENQVMDNRMQLIMLCYNPDFE
KQKPEFLKTIPEKMKLYSEFLGKRPWFAGDKVTYVDFLAYDILDQYHIFEPKCLDAFPNL
KDFLARFEGLKKISAYMKSSRYLSTPIFSKLAQWSNK
>1gsua
VVTLGYWDIRGLAHAIRLLLEYTETPYQERRYKAGPAPDFDPSDWTNEKEKLGLDFPNLP
YLIDGDVKLTQSNAILRYIARKHNMCGETEVEKQRVDVLENHLMDLRMAFARLCYSPDFE
KLKPAYLEQLPGKLRQLSRFLGSRSWFVGDKLTFVDFLAYDVLDQQRMFVPDCPELQGNL
SQFLQRFEALEKISAYMRSGRFMKAPIFWYTALWNNK
>1gta
MSPILGYWKIKGLVQPTRLLLEYLEEKYEEHLYERDEGDKWRNKKFELGLEFPNLPYYID
GDVKLTQSMAIIRYIADKHNMLGGCPKERAEISMLEGAVLDIRYGVSRIAYSKDFETLKV
DFLSKLPEMLKMFEDRLCHKTYLNGDHVTHPDFMLYDALDVVLYMDPMCLDAFPKLVCFK
KRIEAIPQIDKYLKSSKYIAWPLQGWQATFGGGDHPPK
>2fhea
PAKLGYWKIRGLQQPVRLLLEYLGEKYEEQIYERDDGEKWFSKKFELGLDLPNLPYYIDD
KCKLTQSLAILRYIADKHGMIGTTSEERARVSMIEGAAVDLRQGISRISYQPKFEQLKEG
YLKDLPTTMKMWSDFLGKNPYLRGTSVSHVDFMVYEALDAIRYLEPHCLDHFPNLQQFMS
RIEALPSIKAYMESNRFIKWPLNGWHAQFGGGDAPP
>1fhe
PAKLGYWKLRGLAQPVRLFLEYLGEEYEEHLYGRDDREKWMSEKFNMGLDLPNLPYYIDD
KCKLTQSVAIMRYIADKHGMLGTTPEERARISMIEGAAMDLRIGFGRVCYNPKFEEVKEE
YVKELPKTLKMWSDFLGDRHYLTGSSVSHVDFMLYETLDSIRYLAPHCLDEFPKLKEFKS
RIEALPKIKAYMESKRFIKWPLNGWAASFGAGDA
>2gsra
PPYTITYFPVRGRCEAMRMLLADQDQSWKEEVVTMETWPPLKPSCLFRQLPKFQDGDLTL
YQSNAILRHLGRSFGLYGKDQKEAALVDMVNDGVEDLRCKYATLIYTNYEAGKEKYVKEL
PEHLKPFETLLSQNQGGQAFVVGSQISFADYNLLDLLRIHQVLNPSCLDAFPLLSAYVAR
LSARPKIKAFLASPEHVNRPINGNGKQ
>1glpa
PPYTIVYFPVRGRCEAMRMLLADQGQSWKEEVVTIDTWMQGLLKPTCLYGQLPKFEDGDL
TLYQSNAILRHLGRSLGLYGKNQREAAQMDMVNDGVEDLRGKYVTLIYTNYENGKNDYVK
ALPGHLKPFETLLSQNQGGKAFIVGDQISFADYNLLDLLLIHQVLAPGCLDNFPLLSAYV
ARLSARPKIKAFLSSPEHVNRPINGNGKQ
>17gsa
MPPYTVVYFPVRGRCAALRMLLADQGQSWKEEVVTVETWQEGSLKASCLYGQLPAFQDGD
LTLYQSNTILRHLGRTLGLYGKDQQEAALVDMVNDGVEDLRCKYISLIYTNYEAGKDDYV
KALPGQLKPFETLLSQNQGGKTFIVGDQISFADYNLLDLLLIHEVLAPGCLDAFPLLSAY
VGRLSARPKLKAFLASPEYVNLPINGNGKQ
>1guha
AEKPKLHYFNARGRMESTRWLLAAAGVEFEEKFIKSAEDLDKLRNDGYLMFQQVPMVEID
GMKLVQTRAILNYIASKYNLYGKDIKERALIDMYIEGIADLGEMILLLPVCPPEEKDAKL
ALIKEKIKNRYFPAFEKVLKSHGQDYLVGNKLSRADIHLVELLYYVEELDSSLISSFPLL
KALKTRISNLPTVKKFLQPGSPRKPPMDEKSLEEARKIFRF
>1guka
PKLYYFNGRGRMESIRWLLAAAGVEFEEEFLETREQYEKMQKDGHLLFGQVPLVEIDGMM
LTQTRAILSYLAAKYNLYGKDLKERVRIDMYADGTQDLMMMIAVAPFKTPKEKEESYDLI
LSRAKTRYFPVFEKILKDHGEAFLVGNQLSWADIQLLEAILMVEELSAPVLSDFPLLQAF
KTRISNIPTIKKFLQPGSQRKPPPDGPYVEVVRIV
>1gula
RPKLHYPNGRGRMESVRWVLAAAGVEFDEEFLETKEQLYKLQDGNHLLFQQVPMVEIDGM
KLVQTRSILHYIADKHNLFGKNLKERTLIDMYVEGTLDLLELLIMHPFLKPDDQQKEVVN
MAQKAIIRYFPVFEKILRGHGQSFLVGNQLSLADVILLQTILALEEKIPNILSAFPFLQE
YTVKLSNIPTIKRFLEPGSKKKPPPDEIYVRTVYNIF
>1gtua
PMILGYWDIRGLAHAIRLLLEYTDSSYEEKKYTMGDAPDYDRSQWLNEKFKLGLDFPNLP
YLIDGAHKITQSNAILCYIARKHNLCGETEEEKIRVDILENQTMDNHMQLGMICYNPEFE
KLKPKYLEELPEKLKLYSEFLGKRPWFAGNKITFVDFLVYDVLDLHRIFEPKCLDAFPNL
KDFISRFEGLEKISAYMKSSRFLPRPVFSKMAVWGNK
>3gtub
SCESSMVLGYWDIRGLAHAIRLLLEFTDTSYEEKRYTCGEAPDYDRSQWLDVKFKLDLDF
PNLPYLLDGKNKITQSNAILRYIARKHNMCGETEEEKIRVDIIENQVMDFRTQLIRLCYS
SDHEKLKPQYLEELPGQLKQFSMFLGKFSWFAGEKLTFVDFLTYDILDQNRIFDPKCLDE
FPNLKAFMCRFEALEKIAAYLQSDQFCKMPINNKMAQWGNKPVC
