>1hdgo
ARVAINGFGRIGRLVYRIIYERKNPDIEVVAINDLTDTKTLAHLLKYDSVHKKFPGKVEY
TENSLIVDGKEIKVFAEPDPSKLPWKDLGVDFVIESTGVFRNREKAELHLQAGAKKVIIT
APAKGEDITVVIGCNEDQLKPEHTIISCASCTTNSIAPIVKVLHEKFGIVSGMLTTVHSY
TNDQRVLDLPHKDLRRARAAAVNIIPTTTGAAKAVALVVPEVKGKLDGMAIRVPTPDGSI
TDLTVLVEKETTVEEVNAVMKEATEGRLKGIIGYNDEPIVSSDIIGTTFSGIFDATITNV
IGGKLVKVASWYDNEYGYSNRVVDTLELLLKM
>1gd1o
AVKVGINGFGRIGRNVFRAALKNPDIEVVAVNDLTDANTLAHLLKYDSVHGRLDAEVSVN
GNNLVVNGKEIIVKAERDPENLAWGEIGVDIVVESTGRFTKREDAAKHLEAGAKKVIISA
PAKNEDITIVMGVNQDKYDPKAHHVISNASCTTNCLAPFAKVLHEQFGIVRGMMTTVHSY
TNDQRILDLPHKDLRRARAAAESIIPTTTGAAKAVALVLPELKGKLNGMAMRVPTPNVSV
VDLVAELEKEVTVEEVNAALKAAAEGELKGILAYSEEPLVSRDYNGSTVSSTIDALSTMV
IDGKMVKVVSWYDNETGYSHRVVDLAAYIASKGL
>1cero
MKVGINGFGRIGRQVFRILHSRGVEVALINDLTDNKTLAHLLKYDSIYHRFPGEVAYDDQ
YLYVDGKAIRATAVKDPKEIPWAEAGVGVVIESTGVFTDADKAKAHLEGGAKKVIITAPA
KGEDITIVMGVNHEAYDPSRHHIISNASCTTNSLAPVMKVLEEAFGVEKALMTTVHSYTN
DQRLLDLPHKDLRRARAAAINIIPTTTGAAKATALVLPSLKGRFDGMALRVPTATGSISD
ITALLKREVTAEEVNAALKAAAEGPLKGILAYTEDEIVLQDIVMDPHSSIVDAKLTKALG
NMVKVFAWYDNEWGYANRVADLVELVLRKGV
>1gypa
APIKVGINGFGRIGRMVFQAICDQGLIGTEIDVVAVVDMSTNAEYFAYQMKHDTVHGRPK
YTVEAVKSSPSVETADVLVVNGHRIKCVKAQRNPADLPWGKLGVDYVIESTGLFTDKLKA
EGHIKGGAKKVVISAPASGGAKTIVMGVNQHEYSPASHHVVSNASCTTNCLAPIVHVLTK
ENFGIETGLMTTIHSYTATQKTVDGVSLKDWRGGRAAAVNIIPSTTGAAKAVGMVIPSTK
GKLTGMSFRVPTPDVSVVDLTFRATRDTSIQEIDKAIKKAAQTYMKGILGFTDEELVSAD
FINDNRSSVYDSKATLQNNLPGEKRFFKVVSWYDNEWAYSHRVVDLVRYMAAKDAASS
>1ggao
TIKVGINGFGRIGRMVFQALCDDGLLGNEIDVVAVVDMNTDARYFAYQMKYDSVHGKFKH
SVSTTKSKPSVAKDDTLVVNGHRILCVKAQRNPADLPWGKLGVEYVIESTGLFTVKSAAE
GHLRGGARKVVISAPASGGAKTFVMGVNHNNYNPREQHVVSNASCTTNCLAPLVHVLVKE
GFGISTGLMTTVHSYTATQKTVDGVSVKDWRGGRAAALNIIPSTTGAAKAVGMVIPSTQG
KLTGMAFRVPTADVSVVDLTFIATRDTSIKEIDAALKRASKTYMKNILGYTDEELVSADF
ISDSRSSIYDSKATLQNNLPNERRFFKIVSWYDNEWGYSHRVVDLVRHMAARDRAAKL
>3gpdr
GKVKVGVDGFGRIGRLVTRAAFNSGKVDIVAINDPFIDLHYMVYMFQYDSTHGKFHGTVK
AEDGKLVIDGKAITIFQERDPENIKWGDAGTAYVVESTGVFTTMEKAGAHLKGGAKRIVI
SAPSADAPMFVMGVNHFKYANSLKIISNASCTTNCLAPLAKVIHDHFGIVEGLMTTVHAI
TATQKTVDSPSGKLWRGGRGAAQNLIPASTGAAKAVGKVIPELDGKLTGMAFRVPTANVS
VLDLTCRLEKPAKYDDIKKVVKEASEGPLKGILGYTEDEVVSDDFNGSNHSSIFDAGAGI
ELNDTFVKLVSWYDNEFGYSERVVDLMAHMASKE
>1gpdg
SKIGINGFGRIGRLVLRAALSCGAQVVAVNDPFIALEYMVYMFKYDSTHGVFKGEVKMED
GALVVDGKKITVFNEMKPENIPWSKAGAEYIVESTGVFTTIEKASAHFKGGAKKVVISAP
SADAPMFVCGVNLEKYSKDMTVVSNASCTTNCLAPVAKVLHENFEIVEGLMTTVHAVTAT
QKTVDGPSAKDWRGGRGAAQNIIPSSTGAAKAVGKVIPELDGKLTGMAFRVPTPDVSVVD
LTVRLGKECSYDDIKAAMKTASEGPLQGFLGYTEDDVVSSDFIGDNRSSIFDAKAGIQLS
KTFVKVVSWYDNEFGYSQRVIDLLKHMQKVDSA
>1gado
TIKVGINGFGRIGRIVFRAAQKRSDIEIVAINDLLDADYMAYMLKYDSTHGRFDGTVEVK
DGHLIVNGKKIRVTAERDPANLKWDEVGVDVVAEATGLFLTDETARKHITAGAKKVVMTG
PSKDNTPMFVKGANFDKYAGQDIVSNASCTTNCLAPLAKVINDNFGIIEGLMTTVHATTA
TQKTVDGPSHKDWRGGRGASQNIIPSSTGAAKAVGKVLPELNGKLTGMAFRVPTPNVSVV
DLTVRLEKAATYEQIKAAVKAAAEGEMKGVLGYTEDDVVSTDFNGEVCTSVFDAKAGIAL
NDNFVKLVSWYDNETGYSNKVLDLIAHISK
