>1hpi
MERLSEDDPAAQALEYRHDASSVQHPAYEEGQTCLNCLLYTDASAQDWGPCSVFPGKLVS
ANGWCTAWVAR
>2hipa
EPRAEDGHAHDYVNEAADASGHPRYQEGQLCENCAFWGEAVQDGWGRCTHPDFDEVLVKA
EGWCSVYAPAS
>1ckua
SAPANAVAADDATAIALKYNQDATKSERVAAARPGLPPEEQHCANCQFMQADAAGATDEW
KGCQLFPGKLINVNGWCASWTLKAG
>1isua
GTNAAMRKAFNYQDTAKNGKKCSGCAQFVPGASPTAAGGCKVIPGDNQIAPGGYCDAFIV
KK
>3hipa
VPANAVTESDPAAVALKYHRDAASSERVAAARPGLPPEEQHCENCQFMNPDSAAADWKGC
QLFPGKLINLSGWCASWTLRAG
