>1mdya
MELKRKTTNADRRKAATMRERRRLSKVNEAFETLKRSTSSNPNQRLPKVEILRNAIRYIE
GLQALLRD
>1an4a
MDEKRRAQHNEVERRRRDKINNWIVQLSKIIPDSSMESTKSGQSKGGILSKASDYIQELR
QSNHR
>1hloa
NDDIEVESDADKRAHHNALERKRRDHIKDSFHSLRDSVPSLQGEKASRAQILDKATEYIQ
YMRRKNHTHQQDIDDLKRQN
>1am9a
QSRGEKRTAHNAIEKRYRSSINDKIIELKDLVVGTEAKLNKSAVLRKAIDYIRFLQHSNQ
KLKQENLSLRTAVHKSKSLK
>1a0aa
MKRESHKHAEQARRNRLAVALHELASLIPAEWKQQNVSAAPSKATTVEAACRYIRHLQQN
GST
