>1hrza
DRVKRPMNAFIVWSRDQRRKMALENPRMRNSEISKQLGYQWKMLTEAEKWPFFQEAQKLQ
AMHREKYPNYKYR
>1nhn
NAPKRPPSAFFLFCSEYRPKIKGEHPGLSIGDVAKKLGEMWNNTAADDKQPYEKKAAKLK
EKYEKDIAAYRAKGKPDAA
>1ckta
KPRGKMSSYAFFVQTCREEHKKKHPDASVNFSEFSKKCSERWKTMSAKEKGKFEDMAKAD
KARYEREMKTY
>1hma
SDKPKRPLSAYMLWLNSARESIKRENPGIKVTEVAKRGGELWRAMKDKSEWEAKAAKAKD
DYDRAVKEFEANG
>2lefa
MHIKKPLNAFMLYMKEMRANVVAESTLKESAAINQILGRRWHALSREEQAKYYELARKER
QLHMQLYPGWSARDNYGKKKKRKREK
