>1ftz
MDSKRTRQTYTRYQTLELEKEFHFNRYITRRRRIDIANALSLSERQIKIWFQNRRMKSKK
DRTLDSSPEH
>1hom
MRKRGRQTYTRYQTLELEKEFHFNRYLTRRRRIEIAHALCLTERQIKIWFQNRRMKWKKE
NKTKGEPG
>2hdda
RTAFSSEQLARLKREFNENRYLTERRRQQLSSELGLNEAQIKIWFKNKRAKIKKS
>1ftt
MRRKRRVLFSQAQVYELERRFKQQKYLSAPEREHLASMIHLTPTQVKIWFQNHRYKMKRQ
AKDKAAQQ
>1nk3p
KKRKRRVLFTKAQTYELERRFRQQRYLSAPEREHLASLIRLTPTQVKIWFQNHRYKTKRA
QNE
>1akha
ISPQARAFLEEVFRRKQSLNSKEKEEVAKKCGITPLQVRVWFINKRMRS
>1b8ib
RRNFSKQASEILNEYFYSHLSNPYPSEEAKEELARKCGITVSQVSNWFGNKRIRYKKN
>1lfb
RFKWGPASQQILFQAYERQKNPSKEERETLVEECNRAECIQRGVSPSQAQGLGSNLVTEV
RVYNWFANRRKEEAFRH
