>1ptf
MEKKEFHIVAETGIHARPATLLVQTASKFNSDINLEYKGKSVNLKSIMGVMSLGVGQGSD
VTITVDGADEAEGMAAIVETLQKEGLA
>2hid
AQKTFKVTADSGIHARPATVLVQTASKYDADVNLEYNGKTVNLKSIMGVVSLGIAKGAEI
TISASGADENDALNALEETMKSEGLGE
>1poh
MFQQEVTITAPNGLHTRPAAQFVKEAKGFTSEITVTSNGKSASAKSLFKLQTLGLTQGTV
VTISAEGEDEQKAVEHLVKLMAELE
>1pch
AKFSAIITDKVGLHARPASVLAKEASKFSSNITIIANEKQGNLKSIMNVMAMAIKTGTEI
TIQADGNDADQAIQAIKQTMIDTALIQG
>1ka5a
MEQNSYVIIDETGIHARPATMLVQTASKFDSDIQLEYNGKKVNLKSIMGVMSLGVGKDAE
ITIYADGSDESDAIQAISDVLSKEGLTK
