>2nlla
CAICGDRSSGKHYGVYSCEGCKGFFKRTVRKDLTYTCRDNKDCLIDKRQRNRCQYCRYQK
CLAMGM
>1hra
MPRVYKPCFVCQDKSSGYHYGVSACEGCKGFFRRSIQKNMIYTCHRDKNCVINKVTRNRC
QYCRLQKCFEVGMSKESVRN
>2nllb
DELCVVCGDKATGYHYRCITCEGCKGFFRRTIQKNLHPSYSCKYEGKCVIDKVTRNQCQE
CRFKKCIYVGMATDLVLD
>1hcp
MKETRYCAVCNDYASGYHYGVWSCEGCKAFFKRSIQGHNDYMCPATNQCTIDKNRRKSCQ
ACRLRKCYEVGMMKG
>1lata
RPCLVCSDEASGCHYGVLTCEGCKAFFKRAVEGQHNYLCKYEGKCIIDKIRRKNCPACRY
RKCLQAGMNLE
