>1ipd
MKVAVLPGDGIGPEVTEAALKVLRALDEAEGLGLAYEVFPFGGAAIDAFGEPFPEPTRKG
VEEAEAVLLGSVGGPKWDGLPRKISPETGLLSLRKSQDLFANLRPAKVFPGLERLSPLKE
EIARGVDVLIVRELTGGIYFGEPRGMSEAEAWNTERYSKPEVERVARVAFEAARKRRKHV
VSVDKANVLEVGEFWRKTVEEVGRGYPDVALEHQYVDAMAMHLVRSPARFDVVVTGNIFG
DILSDLASVLPGSLGLLPSASLGRGTPVFEPVHGSAPDIAGKGIANPTAAILSAAMMLEH
AFGLVELARKVEDAVAKALLETPPPDLGGSAGTEAFTATVLRHLA
>1a05a
MKKIAIFAGDGIGPEIVAAARQVLDAVDQAAHLGLRCTEGLVGGAALDASDDPLPAASLQ
LAMAADAVILGAVGGPRWDAYPPAKRPEQGLLRLRKGLDLYANLRPAQIFPQLLDASPLR
PELVRDVDILVVRELTGDIYFGQPRGLEVIDGKRRGFNTMVYDEDEIRRIAHVAFRAAQG
RRKQLCSVDKANVLETTRLWREVVTEVARDYPDVRLSHMYVDNAAMQLIRAPAQFDVLLT
GNMFGDILSDEASQLTGSIGMLPSASLGEGRAMYEPIHGSAPDIAGQDKANPLATILSVA
MMLRHSLNAEPWAQRVEAAVQRVLDQGLRTADIAAPGTPVIGTKAMGAAVVNALNLK
>2ayqa
MKMKLAVLPGDGIGPEVMDAAIRVLKTVLDNDGHEAVFENALIGGAAIDEAGTPLPEETL
DICRRSDAILLGAVGGPKWDHNPASLRPEKGLLGLRKEMGLFANLRPVKAYATLLNASPL
KRERVENVDLVIVRELTGGLYFGRPSERRGPGENEVVDTLAYTREEIERIIEKAFQLAQI
RRKKLASVDKANVLESSRMWREIAEETAKKYPDVELSHMLVDSTSMQLIANPGQFDVIVT
ENMFGDILSDEASVITGSLGMLPSASLRSDRFGMYEPVHGSAPDIAGQGKANPLGTVLSA
ALMLRYSFGLEKEAAAIEKAVDDVLQDGYCTGDLQVANGKVVSTIELTDRLIEKLN
>1cnza
MSKNYHIAVLPGDGIGPEVMAQALKVMDAVRSRFDMRITTSHYDVGGIAIDNHGHPLPKA
TVEGCEQADAILFGSVGGPKWENLPPESQPERGALLPLRKHFKLFSNLRPAKLYQGLEAF
CPLRADIAANGFDILCVRELTGGIYFGQPKGREGSGQYEKAFDTEVYHRFEIERIARIAF
ESARKRRRKVTSIDKANVLQSSILWREIVNDVAKTYPDVELAHMYIDNATMQLIKDPSQF
DVLLCSNLFGDILSDECAMITGSMGMLPSASLNEQGFGLYEPAGGSAPDIAGKNIANPIA
QILSLALLLRYSLDANDAATAIEQAINRALEEGVRTGDLARGAAAVSTDEMGDIIARYVA
EGV
>3icd
SKVVVPAQGKKITLQNGKLNVPENPIIPYIEGDGIGVDVTPAMLKVVDAAVEKAYKGERK
ISWMEIYTGEKSTQVYGQDVWLPAETLDLIREYRVAIKGPLTTPVGGGIRSLNVALRQEL
DLYICLRPVRYYQGTPSPVKHPELTDMVIFRENSEDIYAGIEWKADSADAEKVIKFLREE
MGVKKIRFPEHCGIGIKPCSEEGTKRLVRAAIEYAIANDRDSVTLVHKGNIMKFTEGAFK
DWGYQLAREEFGGELIDGGPWLKVKNPNTGKEIVIKDVIADAFLQQILLRPAEYDVIACM
NLNGDYISDALAAQVGGIGIAPGANIGDECALFEATHGTAPKYAGQDKVNPGSIILSAEM
MLRHMGWTEAADLIVKGMEGAINAKTVTYDFERLMDGAKLLKCSEFGDAIIENM
