>1huma
APMGSDPPTACCFSYTARKLPRNFVVDYYETSSLCSQPAVVFQTKRSKQVCADPSESWVQ
EYVYDLELN
>1b3aa
PYSSDTTPCCFAYIARPLPRAHIKEYFYTSGKCSNPAVVFVTRKNRQVCANPEKKWVREY
INSLEMS
>2eot
GPASVPTTCCFNLANRKIPLQRLESYRRITSGKCPQKAVIFKTKLAKDICADPKKKWVQD
SMKYLDQKSPTPKP
>1plfa
LQCVCLKTTSGINPRHISSLEVIGAGLHCPSPQLIATLKTGRKICLDQQNPLYKKIIKRL
LKS
>1rhpa
DLQCLCVKTTSQVRPRHITSLEVIKAGPHCPTAQLIATLKNGRKICLDLQAPLYKKIIKK
LLES
>1tvxa
LRCLCIKTTSGIHPKNIQSLEVIGKGTHCNQVEVIATLKDGRKICLDPDAPRIKKIVQKK
LAGD
>1mgsa
ASVATELRCQCLQTLQGIHPKNIQSVNVKSPGPHCAQTEVIATLKNGRKACLNPASPIVK
KIIEKMLNSDKSN
>1mi2a
AVVASELRCQCLKTLPRVDFKNIQSLSVTPPGPHCAQTEVIATLKGGQKVCLDPEAPLVQ
KIIQKILNKGKAN
>1roda
SAKELRCQCIKTYSKPFHPKFIKELRVIESGPHCANTEIIVKLSDGRELCLDPASPIVKK
IIEKMLNSDKSN
>1il8a
AKELRCQCIKTYSKPFHPKFIKELRVIESGPHCANTEIIVKLSDGRELCLDPKENWVQRV
VEKFLKRAENS
>1sdf
KPVSLSYRCPCRFFESHVARANVKHLKILNTPNCALQIVARLKNNNRQVCIDPKLKWIQE
YLEKALN
