>2ins
VNQHLCGSHLVEALYLVCGERGFFYTPKAGIVEQCCASVCSLYQLENYCN
>4ins
FVNQHLCGSHLVEALYLVCGERGFFYTPKAGIVEQCCTSICSLYQLENYCN
>2gf1
GPETLCGAELVDALQFVCGDRGFYFNKPTGYGSSSRRAPQTGIVDECCFRSCDLRRLEMY
CAPLKPAKSA
>1igl
AYRPSETLCGGELVDTLQFVCGDRGFYFSRPASRVSRRSRGIVEECCFRSCDLALLETYC
ATPAKSE
>1bom
QPQAVHTYCGRHLARTLADLCWEAGVDGIVDECCLRPCSVDVLLSYC
>6rlx
SWMEEVIKLCGRELVRAQIAICGMSTWLYSALANKCCHVGCTKRSLARFC
