>1lfaa
GNVDLVFLFDGSMSLQPDEFQKILDFMKDVMKKLSNTSYQFAAVQFSTSYKTEFDFSDYV
KRKDPDALLKHVKHMLLLTNTFGAINYVATEVFREELGARPDATKVLIIITDGEATDSGN
IDAAKDIIRYIIGIGKHFQTKESQETLHKFASKPASEFVKILDTFEKLKDLFTELQKKIY
VIE
>1ido
DSDIAFLIDGSGSIIPHDFRRMKEFVSTVMEQLKKSKTLFSLMQYSEEFRIHFTFKEFQN
NPNPRSLVKPITQLLGRTHTATGIRKVVRELFNITNGARKNAFKILVVITDGEKFGDPLG
YEDVIPEADREGVIRYVIGVGDAFRSEKSRQELNTIASKPPRDHVFQVNNFEALKTIQNQ
LREK
>1atza
QPLDVILLLDGSSSFPASYFDEMKSFAKAFISKANIGPRLTQVSVLQYGSITTIDVPWNV
VPEKAHLLSLVDVMQREGGPSQIGDALGFAVRYLTSEMHGARPGASKAVVILVTDVSVDS
VDAAADAARSNRVTVFPIGIGDRYDAAQLRILAGPAGDSNVVKLQRIEDLPTMVTLGNSF
LHKL
>1auq
DISEPPLHDFYCSRLLDLVFLLDGSSRLSEAEFEVLKAFVVDMMERLRISQKWVRVAVVE
YHDGSHAYIGLKDRKRPSELRRIASQVKYAGSQVASTSEVLKYTLFQIFSKIDRPEASRI
ALLLMASQEPQRMSRNFVRYVQGLKKKKVIVIPVGIGPHANLKQIRLIEKQAPENKAFVL
SSVDELEQQRDEIVSYLCDLAPEAPPPT
>1aoxa
SCPSLIDVVVVCDESNSIYPWDAVKNFLEKFVQGLDIGPTKTQVGLIQYANNPRVVFNLN
TYKTKEEMIVATSQTSQYGGDLTNTFGAIQYARKYAYSAASGGRRSATKVMVVVTDGESH
DGSMLKAVIDQCNHDNILRFGIAVLGYLNRNALDTKNLIKEIKAIASIPTERYFFNVSDE
AALLEKAGTLGEQIFSIEGGT
