>1ee0a
GLATILAIGTATPPNCVAQADYADYYFRVTKSEHMVDLKEKFKRICEKTAIKKRYLALTE
DYLQENPTMCEFMAPSLNARQDLVVTGVPMLGKEAAVKAIDEWGLPKSKITHLIFCTTAG
VDMPGADYQLVKLLGLSPSVKRYMLYQQGAAGGTVLRLAKDLAENNKGSRVLIVCSEITA
ILFHGPNENHLDSLVAQALFGDGAAALIVGSGPHLAVERPIFEIVSTDQTILPDTEKAMK
LHLREGGLTFQLHRDVPLMVAKNIENAAEKALSPLGITDWNSVFWMVHPGGRAILDQVER
KLNLKEDKLRASRHVLSEYGNLISACVLFIIDEVRKRSMAEGKSTTGEGLDCGVLFGFGP
GMTVETVVLRSVRVT
>1i88a
MVSVSEIRKAQRAEGPATILAIGTANPANCVEQSTYPDFYFKITNSEHKTELKEKFQRMC
DKSMIKRRYMYLTEEILKENPNVCEYMAPSLDARQDMVVVEVPRLGKEAAVKAIKEWGQP
KSKITHLIVCTTSGVDMPGADYQLTKLLGLRPYVKRYMMYQQGFAGGTVLRLAKDLAENN
KGARVLVVCSEVTAVTFRGPSDTHLDSLVGQALFGDGAAALIVGSDPVPEIEKPIFEMVW
TAQTIAPDSEGAIDVHLREAGLTFHLLKDVPGIVSKNITKALVEAFEPLGISDYNSIFWI
AHPGGPAILDQVEQKLALKPEKMNATREVLSEYGNMSSACVLFILDEMRKKSTQNGLKTT
GEGLEWGVLFGFGPGLTIETVVLRSVAI
>1mzja
GLRVPERRFSRVLGVGSYRPRREVSNKEVCTWIDSTEEWIETRTGIRSRRIAEPDETIQV
MGVAASRRALEHAGVDPAEIDLVVVSTMTNFVHTPPLSVAIAHELGADNAGGFDLSAACA
GFCHALSIAADAVESGGSRHVLVVATERMTDVIDLADRSLSFLFGDGAGAAVVGPSDVPG
IGPVVRGIDGTGLGSLHMSSSWDQYVEDPSVGRPALVMDGKRVFRWAVADVVPAAREALE
VAGLTVGDLVAFVPHQANLRIIDVLVDRLGVPEHVVVSRDAEDTGNTSSASVALALDRLV
RSGAVPGGGPALMIGFGAGLSYAGQALLLPDPPS
>1hzpa
MTEIATTSGARSVGLLSVGAYRPERVVTNDEICQHIDSSDEWIYTRTGIKTRRFAADDES
AASMATEACRRALSNAGLSAADIDGVIVTTNTHFLQTPPAAPMVAASLGAKGILGFDLSA
GCAGFGYALGAAADMIRGGGAATMLVVGTEKLSPTIDMYDRGNCFIFADGAAAVVVGETP
FQGIGPTVAGSDGEQADAIRQDIDWITFAQNPSGPRPFVRLEGPAVFRWAAFKMGDVGRR
AMDAAGVRPDQIDVFVPHQANSRINELLVKNLQLRPDAVVANDIEHTGNTSAASIPLAMA
ELLTTGAAKPGDLALLIGYGAGLSYAAQVVRMPK
>1ub7a
SGILALGAYVPERVMTNADFEAYLDTSDEWIVTRTGIKERRVAAEDEYTSDLAFKAVEDL
LRRHPGALEGVDAVIVATNTPDALFPDTAALVQARFGLKAFAYDLLAGPGWIYALAQAHA
LVEAGLAQKVLAVGAEALSKIIDWNDRATAVLFGDGGGAAVVGKVREGYGFRSFVLGADG
TGAKELYHACVAPRLPDGTSMKNRLYMNGREVFKFAVRVMNTATLEAIEKAGLTPEDIRL
FVPHQANLRIIDAARERLGLPWERVAVNVDRYGNTSTASIPLALKEAVDAGRIREGDHVL
LVSFGAGLTWAAAVLTWGGA
>1hnja
MYTKIIGTGSYLPEQVRTNADLEKMVDTSDEWIVTRTGIRERHIAAPNETVSTMGFEAAT
RAIEMAGIEKDQIGLIVVATTSATHAFPSAACQIQSMLGIKGCPAFDVAAACAGFTYALS
VADQYVKSGAVKYALVVGSDVLARTCDPTDRGTIIIFGDGAGAAVLAASEEPGIISTHLH
ADGSYGELLTLPNADRVNPENSIHLTMAGNEVFKVAVTELAHIVDETLAANNLDRSQLDW
LVPHQANLRIISATAKKLGMSMDNVVVTLDRHGNTSAASVPCALDEAVRDGRIKPGQLVL
LEAFGGGFTWGSALVRF
