>2hppp
CVPDRGREYRGRLAVTTSGSRCLAWSSEQAKALSKDQDFNPAVPLAENFCRNPDGDEEGA
WCYVADQPGDFEYCNLNYC
>2hpqp
CVPDRGQQYQGRLAVTTHGLPCLAWASAQAKALSKHQDFNSAVQLVENFCRNPDGDEEGV
WCYVAGKPGDFGYCDLNYC
>1tpka
GNSDCYFGNGSAYRGTHSLTESGASCLPWNSMILIGKVYTAQNPSAQALGLGKHNYCRNP
DGDAKPWCHVLKNRRLTWEYCDVPSCST
>1kdu
TCYEGNGHFYRGKASTDTMGRPCLPWNSATVLQQTYHAHRSDALQLGLGKHNYCRNPDNR
RRPWCYVQVGLKPLVQECMVHDCAD
>1pkr
ECKTGNGKNYRGTMSKTKNGITCQKWSSTSPHRPRFSPATHPSEGLEENYCRNPDNDPQG
PWCYTTDPEKRYDYCDILEC
>1pk4
GCYHGDGQSYRGASSTTTTGKKCQSWSSMTPHRHQKTPANYPNAGLTMNYCRNPDADKGP
WCFTTDPSVRWEYCNLGAC
>2pf1
GNCAEGVGMNYRGNVSVTRSGIECQLWRSRYPHKPEINSTTHPGADLRENFCRNPDGSIT
GPWCYTTSPTLRREECSVPVCGQDRVTVEVIPR
>5hpga
DCMFGNGKGYRGKRVTTVTGTPCQDWAAQEPHRHSIFTPETNPRAGLEKNYCRNPDGDVG
GPWCYTTNPRKLYDYCDVPQCAAP
>3kiv
QCYHGNGQSYRGTFSTTVTGRTCQSWSSMTPHRHQRTPENYPNDGLTMNYCRNPDADTGP
WCFTTDPSIRWEYCNLTRC
