>1mlda
AKVAVLGASGGIGQPLSLLLKNSPLVSRLTLYDIAHTPGVAADLSHIETRATVKGYLGPE
QLPDCLKGCDVVVIPAGVPRKPGMTRDDLFNTNATIVATLTAACAQHCPDAMICIISNPV
NSTIPITAEVFKKHGVYNPNKIFGVTTLDIVRANAFVAELKGLDPARVSVPVIGGHAGKT
IIPLISQCTPKVDFPQDQLSTLTGRIQEAGTEVVKAKAGAGSATLSMAYAGARFVFSLVD
AMNGKEGVVECSFVKSQETDCPYFSTPLLLGKKGIEKNLGIGKISPFEEKMIAEAIPELK
ASIKKGEEFVKNM
>2cmd
MKVAVLGAAGGIGQALALLLKTQLPSGSELSLYDIAPVTPGVAVDLSHIPTAVKIKGFSG
EDATPALEGADVVLISAGVRRKPGMDRSDLFNVNAGIVKNLVQQVAKTCPKACIGIITNP
VNTTVAIAAEVLKKAGVYDKNKLFGVTTLDIIRSNTFVAELKGKQPGEVEVPVIGGHSGV
TILPLLSQVPGVSFTEQEVADLTKRIQNAGTEVVEAKAGGGSATLSMGQAAARFGLSLVR
ALQGEQGVVECAYVEGDGQYARFFSQPLLLGKNGVEERKSIGTLSAFEQNALEGMLDTLK
KDIALGQEFVNK
>1ldna
MKNNGGARVVVIGAGFVGASYVFALMNQGIADEIVLIDANESKAIGDAMDFNHGKVFAPK
PVDIWHGDYDDCRDADLVVICAGANQKPGETRLDLVDKNIAIFRSIVESVMASGFQGLFL
VATNPVDILTYATWKFSGLPHERVIGSGTILDTARFRFLLGEYFSVAPQNVHAYIIGEHG
DTELPVWSQAYIGVMPIRKLVESKGEEAQKDLERIFVNVRDAAYQIIEKKGATYYGIAMG
LARVTRAILHNENAILTVSAYLDGLYGERDVYIGVPAVINRNGIREVIEIELNDDEKNRF
HHSAATLKSVLARAFT
>1llc
ASITDKDHQKVILVGDGAVGSSYAFAMVLQGIAQEIGIVDIFKDKTKGDAIDLSNALPFT
SPKKIYSAEYSDAKDADLVVITAGAPKQPGETRLDLVNKNLKILKSIVDPIVDSGFNLIF
LVAANPVDILTYATWKLSGFPKNRVVGSGTSLDTARFRQSIAEMVNVDARSVHAYIMGEH
GDTEFPVWSHANIGGVTIAEWVKAHPEIKEDKLVKMFEDVRDAAYEIIKLKGATFYGIAT
ALARISKAILNDENAVLPLSVYMDGQYGINDLYIGTPAVINRNGIQNILEIPLTDHEEES
MQKSASQLKKVLTDAFAKND
>1llda
PTKLAVIGAGAVGSTLAFAAAQRGIAREIVLEDIAKERVEAEVLDMQHGSSFYPTVSIDG
SDDPEICRDADMVVITAGPRQKPGQSRLELVGATVNILKAIMPNLVKVAPNAIYMLITNP
VDIATHVAQKLTGLPENQIFGSGTNLDSARLRFLIAQQTGVNVKNVHAYIAGEHGDSEVP
LWESATIGGVPMSDWTPLPGHDPLDADKREEIHQEVKNAAYKIINGKGATNYAIGMSGVD
IIEAVLHDTNRILPVSSMLKDFHGISDICMSVPTLLNRQGVNNTINTPVSDKELAALKRS
AETLKETAAQFGF
>9ldba
ATLKDQLIHNLLKEEHVPHNKITVVGVGAVGMACAISILMKELADEIALVDVMEDKLKGE
MMDLQHGSLFLRTPKIVSGKDYNVTANSRLVVITAGARQQEGESRLNLVQRNVNIFKFII
PNIVKYSPNCKLLVVSNPVDILTYVAWKISGFPKNRVIGSGCNLDSARFRYLMGERLGVH
PLSCHGWILGEHGDSSVPVWSGVNVAGVSLKNLHPELGTDADKEHWKAVHKEVVDSAYEV
IKLKGYTSWAIGLSVADLAESIMKNLRRVHPISTMIKGLYGIKENVFLSVPCILGQNGIS
DVVKVTLTPEEEAHLKKSADTLWGIQKELQF
>1ldm
ATLKDKLIGHLATSQEPRSYNKITVVGVGAVGMACAISILMKDLADEVALVDVMEDKLKG
EMMDLQHGSLFLHTAKIVSGKDYSVSAGSKLVVITAGARQQEGESRLNLVQRNVNIFKFI
IPNIVKHSPDCIILVVSNPVDVLTYVAWKLSGLPMHRIIGSGCNLDSARFRYLMGERLGV
HSCSCHGWVIGEHGDSVPSVWSGMNVASIKLHPLDGTNKDKQDWKKLHKDVVDSAYEVIK
LKGYTSWAIGLSVADLAETIMKNLCRVHPVSTMVKDFYGIKDNVFLSLPCVLNDHGISNI
VKMKLKPNEEQQLQKSATTLWDIQKDLKF
>5ldh
ATLKEKLIAPVAQQETTIPDNKITVVGVGQVGMACAISILGKSLTDELALVDVLEDKLKG
EMMDLQHGSLFLQTPKIVANKDYSVTANSKIVVVTAGVRQQEGESRLNLVQRNVNVFKFI
IPQIVKYSPNCIIIVVSNPVDILTYVAWKLSGLPKHRVIGSGCNLDSARFRYLMGEKLGV
HPSSCHGWILGEHGDSSVAVWSGVNVAGVVLQQLNPEMGTDNDSENWKEVHKMVVESAYE
VIKLKGYTNWAIGLSVADLIESMLKNLSRIHPVSTMVQGMYGIENEVFLSLPCVLNARGL
TSVINQKLKDDEVAQLKNSADTLWGIQKDLKDL
>2ldx
STVKEQLIQNLVPEDKLSRCKITVVGVGDVGMACAISILLKGLADELALVDADTDKLRGE
ALDLQHGSLFLSTPKIVFGKDYNVSANSKLVIITAGARMVSGQTRLDLLQRNVAIMKAIV
PGVIQNSPDCKIIVVTNPVDILTYVVWKISGFPVGRVIGSGCNLDSARFRYLIGEKLGVN
PTSCHGWVLGEHGDSSVPIWSGVNVAGVTLKSLNPAIGTDKNKQHWKNVHKQVVEGGYEV
LDMKGYTSWAIGLSVTDLARSILKNLKRVHPVTTLVKGFHGIKEEVFLSIPCVLGESGIT
DFVKVNMTAEEEGLLKKSADTLWNMQKNLEL
>1hlpa
TKVSVVGAAGTVGAAAGYNIALRDIADEVVFVDIPDKEDDTVGQAADTNHGIAYDSNTRV
RQGGYEDTAGSDVVVITAGIPRQPGQTRIDLAGDNAPIMEDIQSSLDEHNDDYISLTTSN
PVDLLNRHLYEAGDRSREQVIGFGGRLDSARFRYVLSEEFDAPVQNVEGTILGEHGDAQV
PVFSKVRVDGTDPEFSGDEKEQLLGDLQESAMDVIERKGATEWGPARGVAHMVEAILHDT
GEVLPASVKLEGEFGHEDTAFGVPVRLGSNGVEEIVEWDLDDYEQDLMADAAEKLSDQYD
KIS
>4mdha
SEPIRVLVTGAAGQIAYSLLYSIGNGSVFGKDQPIILVLLDITPMMGVLDGVLMELQDCA
LPLLKDVIATDKEEIAFKDLDVAILVGSMPRRDGMERKDLLKANVKIFKCQGAALDKYAK
KSVKVIVVGNPANTNCLTASKSAPSIPKENFSCLTRLDHNRAKAQIALKLGVTSDDVKNV
IIWGNHSSTQYPDVNHAKVKLQAKEVGVYEAVKDDSWLKGEFITTVQQRGAAVIKARKLS
SAMSAAKAICDHVRDIWFGTPEGEFVSMGIISDGNSYGVPDDLLYSFPVTIKDKTWKIVE
GLPINDFSREKMDLTAKELAEEKETAFEFLSSA
>1bdma
MKAPVRVAVTGAAGQIGYSLLFRIAAGEMLGKDQPVILQLLEIPQAMKALEGVVMELEDC
AFPLLAGLEATDDPDVAFKDADYALLVGAAPLQVNGKIFTEQGRALAEVAKKDVKVLVVG
NPANTNALIAYKNAPGLNPRNFTAMTRLDHNRAKAQLAKKTGTGVDRIRRMTVWGNHSSI
MFPDLFHAEVDGRPALELVDMEWYEKVFIPTVAQRGAAIIQARGASSAASAANAAIEHIR
DWALGTPEGDWVSMAVPSQGEYGIPEGIVYSFPVTAKDGAYRVVEGLEINEFARKRMEIT
AQELLDEMEQVKALGLI
>1ceqa
PKAKIVLVGSGMIGGVMATLIVQKNLGDVVLFDIVKNMPHGKALDTSHTNVMAYSNCKVS
GSNTYDDLAGSDVVIVTAGFTNRDDLLPLNNKIMIEIGGHIKKNCPNAFIIVVTNPVDVM
VQLLHQHSGVPKNKIIGLGGVLDTSRLKYYISQKLNVCPRDVNAHIVGAHGNKMVLLKRY
ITVGGIPLQEFINNKLISDAELEAIFDRTVNTALEIVNLHASPYVAPAAAIIEMAESYLK
DLKKVLICSTLLEGQYGHSDIFGGTPVVLGANGVEQVIELQLNSEEKAKFDEAIAETKRM
KALA
>1a5z
MKIGIVGLGRVGSSTAFALLMKGFAREMVLIDVDKKRAEGDALDLIHGTPFTRRANIYAG
DYADLKGSDVVIVAAGVPQKPGETRLQLLGRNARVMKEIARNVSKYAPDSIVIVVTNPVD
VLTYFFLKESGMDPRKVFGSGTVLDTARLRTLIAQHCGFSPRSVHVYVIGEHGDSEVPVW
SGAMIGGIPLQNMCQVCQKCDSKILENFAEKTKRAAYEIIERKGATHYAIALAVADIVES
IFFDEKRVLTLSVYLEDYLGVKDLCISVPVTLGKHGVERILELNLNEEELEAFRKSASIL
KNAINEITAEEN
