>1ctl
MAQKVGGSDGCPRCGQAVYAAEKVIGAGKSWHKSCFRCAKCGKSLESTTLADKDGEIYCK
GCYAKNFGPKGFGFGQGAGALIHSQ
>1qli
AEKCSRCGDSVYAAEKVIGAGKPWHKNCFRCAKCGKSLESTTLTEKEGEIYCKGCYAKN
>1a7i
NKCGACGRTVYHAEEVQCDGRSFHRCCFLCMVCRKNLDSTTVAIHDAEVYCKSCYGKKYG
>1b8ta1
MPNWGGGKKCGVCQKAVYFAEEVQCEGSSFHKSCFLCMVCKKNLDSTTVAVHGDEIYCKS
CYGKKYGPK
>1iml
PKCPKCDKEVYFAERVTSLGKDWHRPCLKCEKCGKTLTSGGHAEHEGKPYCNHPCYSAMF
GPKGFGRGGAESHTFK
