>2ltn
TETTSFLITKFSPDQQNLIFQGDGYTTKEKLTLTKAVKNTVGRALYSSPIHIWDRETGNV
ANFVTSFTFVINAPNSYNVADGFTFFIAPVDTKPQTGGGYLGVFNSAEYDKTTQTVAVEF
DTFYNAAWDPSNRDRHIGIDVNSIKSVNTKSWKLQNGEEANVVIAFNAATNVLTVSLTYP
NVTSYTLSDVVSLKDVVPEWVRIGFSATTGAEYAAHEVLSWSFHSELS
>1len
TETTSFSITKFSPDQQNLIFQGDGYTTKGKLTLTKAVKSTVGRALYSTPIHIWDRDTGNV
ANFVTSFTFVIDAPSSYNVADGFTFFIAPVDTKPQTGGGYLGVFNSKEYDKTSQTVAVEF
DTFYNAAWDPSNKERHIGIDVNSIKSVNTKSWNLQNGERANVVIAFNAATNVLTVTLTYP
NVTSYTLNEVVPLKDVVPEWVRIGFSATTGAEFAAQEVHSWSFNSQLG
>1lgc
TETTSFSITKFGPDQPNLIFQGDGYTTKERLTLTKAVRNTVGRALYSSPIHIWDSKTGNV
ANFVTSFTFVIDAPNSYNVADGFTFFIAPVDTKPQTGGGYLGVFNSKDYDKTSQTVAVEF
DTFYNTAWDPSNGDRHIGIDVNSIKSINTKSWKLQNGKEANVVIAFNGATNVLTVSLTYP
NETSYTLNEVVPLKEFVPEWVRIGFSATTGAEFAAHEVLSWYFNSELSVTS
>1loe
TETTSFSITKFGPDQQNLIFQGDGYTTKERLTLTKAVRNTVGRALYSSPIHIWDSKTGNV
ANFVTSFTFVIDAPNSYNVADGFTFFIAPVDTKPQTGGGYLGVFNSKDYDKTSQTVAVEF
DTFYNTAWDPSNGDRHIGIDVNSIKSINTKSWALQNGKEANVVIAFNAATNVLTVSLTYP
TSYTLNEVVPLKEFVPEWVRIGFSATTGAEFAAHEVLSWYFHSELA
>1lte
VETISFSFSEFEPGNDNLTLQGASLITQSGVLQLTKINQNGMPAWDSTGRTLYAKPVHIW
DMTTGTVASFETRFSFSIEQPYTRPLPADGLVFFMGPTKSKPAQGYGYLGIFNQSKQDNS
YQTLGVEFDTFSNPWDPPQVPHIGIDVNSIRSIKTQPFQLDNGQVANVVIKYDASSKLLH
AVLVYPSSGAIYTIAEIVDVKQVLPEWVDVGLSGATGAQRDAAETHDVYSWSFQASLPE
>2pela
AETVSFNFNSFSEGNPAINFQGDVTVLSNGNIQLTNLNKVNSVGRVLYAMPVRIWSSATG
NVASFLTSFSFEMKDIKDYDPADGIIFFIAPEDTQIPAGSIGGGTLGVSDTKGAGHFVGV
EFDTYSNSEYNDPPTDHVGIDVNSVDSVKTVPWNSVSGAVVKVTVIYDSSTKTLSVAVTN
DNGDITTIAQVVDLKAKLPERVKFGFSASGSLGGRQIHLIRSWSFTSTLITT
>5cna
STHETNALHFMFNQFSKDQKDLILQGDATTGTDGNLELTRVSSNGSPQGSSVGRALFYAP
VHIWESSAVVASFEATFTFLIKSPDSHPADGIAFFISNIDSSIPSGSTGRLLGLFPDANA
DTIVAVELDTYPNTDIGDPSYPHIGIDIKSVRSKKTAKWNMQNGKVGTAHIIYNSVDKRL
SAVVSYPNADSATVSYDVDLDNVLPEWVRVGLSASTGLYKETNTILSWSFTSKLKSN
>1lec
NTVNFTYPDFWSYSLKNGTEITFLGDATRIPGALQLTKTDANGNPVRSSAGQASYSEPVF
LWDSTGKAASFYTSFTFLLKNYGAPTADGLAFFLAPVDSSVKDYGGFLGLFRHETAADPS
KNQVVAVEFDTWINKDWNDPPYPHIGIDVNSIVSVATTRWENDDAYGSSIATAHITYDAR
SKILTVLLSYEHGRDYILSHVVDLAKVLPQKVRIGFSAGVGYDEVTYILSWHFFSTLDGT
NK
>1sbf
AETVSFSWNKFVPKQPNMILQGDAIVTSSGKLQLNKVDENGTPKPSSLGRALYSTPIHIW
DKETGSVASFAASFNFTFYAPDTKRLADGLAFFLAPIDTKPQTHAGYLGLFNENESGDQV
VAVEFDTFRNSWDPPNPHIGINVNSIRSIKTTSWDLANNKVAKVLITYDASTSLLVASLV
YPSQRTSNILSDVVDLKTSLPEWVRIGFSAATGLDIPGESHDVLSWSFASNLPH
>1wbla
KTISFNFNQFHQNEEQLKLQRDARISSNSVLELTKVVNGVPTWNSTGRALYAKPVQVWDS
TTGNVASFETRFSFSIRQPFPRPHPADGLVFFIAPPNTQTGEGGGYFGIYNPLSPYPFVA
VEFDTFRNTWDPQIPHIGIDVNSVISTKTVPFTLDNGGIANVVIKYDASTKILHVVLVFP
SLGTIYTIADIVDLKQVLPESVNVGFSAATGDPSGKQRNATETHDILSWSFSASLPG
>1avba
SNDASFNVETFNKTNLILQGDATVSSEGHLLLTNVKGNEEDSMGRAFYSAPIQINDRTID
NLASFSTNFTFRINAKNIENSAYGLAFALVPVGSRPKLKGRYLGLFNTTNYDRDAHTVAV
VFDTVSNRIEIDVNSIRPIATESCNFGHNNGEKAEVRITYDSPKNDLRVSLLYPSSEEKC
HVSATVPLEKEVEDWVSVGFSATSGSKKETTETHNVLSWSFSSNFI
>1lu1
ANIQSFSFKNFNSPSFILQGDATVSSGKLQLTKVKENGIPTPSSLGRAFYSSPIQIYDKS
TGAVASWATSFTVKISAPSKASFADGIAFALVPVGSEPRRNGGYLGVFDSDVYNNSAQTV
AVEFDTLSNSGWDPSMKHIGIDVNSIKSIATVSWDLANGENAEILITYNAATSLLVASLV
HPSRRTSYILSERVDITNELPEYVSVGFSATTGLSEGYIETHDVLSWSFASKLPDDSTAE
PLDLASYLVRNVL
