>1jswa
MSNNIRIEEDLLGTREVPADAYYGVHTLRAIENFYISNNKISDIPEFVRGMVMVKKAAAM
ANKELQTIPKSVANAIIAACDEVLNNGKCMDQFPVDVYQGGAGTSVNMNTNEVLANIGLE
LMGHQKGEYQYLNPNDHVNKCQSTNDAYPTGFRIAVYSSLIKLVDAINQLREGFERKAVE
FQDILKMGRTQLQDAVPMTLGQEFRAFSILLKEEVKNIQRTAELLLEVNLGATAIGTGLN
TPKEYSPLAVKKLAEVTGFPCVPAEDLIEATSDCGAYVMVHGALKRLAVKMSKICNDLRL
LSSGPRAGLNEINLPELQAGSSIMPAKVNPVVPEVVNQVCFKVIGNDTTVTMAAEAGQLQ
LNVMEPVIGQAMFESVHILTNACYNLLEKCINGITANKEVCEGYVYNSIGIVTYLNPFIG
HHNGDIVGKICAETGKSVREVVLERGLLTEAELDDIFSV
>1fura
VRSEKDSMGAIDVPADKLWGAQTQRSLEHFRISTEKMPTSLIHALALTKRAAAKVNEDLG
LLSEEKASAIRQAADEVLAGQHDDEFPLAIWQTGSGTQSNMNMNEVLANRASELLGGVRG
MERKVHPNDDVNKSQSSNDVFPTAMHVAALLALRKQLIPQLKTLTQTLNEKSRAFADIVK
IGRTNLQDATPLTLGQEISGWVAMLEHNLKHIEYSLPHVAELALGGTAVGTGLNTHPEYA
RRVADELAVITCAPFVTAPNKFEALATCDALVQAHGALKGLAASLMKIANDVRWLASGPR
CGIGEISIPENEPGSSIMPGKVNPTQCEALTMLCCQVMGNDVAINMGGASGNFELNVFRP
MVIHNFLQSVRLLADGMESFNKHCAVGIEPNRERINQLLNESLMLVTALNTHIGYDKAAE
IAKKAHKEGLTLKAAALALGYLSEAEFDSWVRPEQM
>1dcna
DQRLSEVDIQGSMAYAKALEKAGILTKTELAKILSGLEKISEEWSKGVFVVKGSDEDIHT
ANERRLKELIGDIAGKLNTGRSRNDQVVTDLKLFMKNSLSIISTHLLQLIKTLVERAAIE
IDVILPGYTNLQKAQPIRWSQFLLSHAVALTRDSERLGEVKKRINVLPLGSGALAGNPLD
IDREMLRSELEFASISLNSMDAISERDFVVEFLSFATLLMIHLSKMAEDLIIYSTSEFGF
LTLSDAFSTNPDSLELIRSKSGRVFGRLASILMVLKGLPSTYNKDLQEDKEAVFDVVDTL
TAVLQVATGVISTLQISKENMEKALTPEMLATDLALYLVRKGVPFRQAHTASGKAVHLAE
TKGITINNLSLEDLKSISPQFSSDVSQVFNFVNSVEQYTALGGTAKSSVTTQIEQLRELM
KKQK
>1aosa
IMEKFNASIAYDRHLWEVDVQGSKAYSRGLEKAGLLTKAEMDQILHGLDKVKLNSNDEDI
HTANERRLKELIGATAGKLHTGRSRNDQVVTDLRLWMRQTCSTLSGLLWELIRTMVDRAE
AERDVLFPGYTHLQRAQPIRWSHWILSHAVALTRDSERLLEVRKRINVLPLGSGAIAGNP
LGVDRELLRAELNFGAITLNSMDATSERDFVAEFLFWRSLCMTHLSRMAEDLILYCTKEF
SFVQLSDAYSTGSSLMPQKKNPDSLELIRSKAGRVFGRCAGLLMTLKGLPSTYNKDLQED
KEAVFEVSDTMSAVLQVATGVISTLQIHQENMGQALSPDMLATDLAYYLVRKGMPFRQAH
EASGKAVFMAETKGVALNQLSLQELQTISPLFSGDVICVWDYRHSVEQYGALGGTARSSV
DWQIRQVRALLQAQ
>1yfm
SFRTETDAFGEIHVPADKYWGAQTQRSFQNFKIGGARERMPLPLVHAFGVLKKSAAIVNE
SLGGLDPKISKAIQQAADEVASGKLDDHFPLVVFQTGSGTQSNMNANEVISNRAIEIVHP
NNHCNQSQSSNDTFPTVMHIAASLQIQNELIPELTNLKNALEAKSKEFDHIVKIGRTHLQ
DATPLTLGQEFSGYVQQVENGIQRVAHSLKTLSFLAQGGTAVGTGLNTKPGFDVKIAEQI
SKETGLKFQTAPNRFEALAAHDAIVECSGALNTLACSLFKIAQDIRYLGSGPRCGYHELM
LPENEPGSSIMPGKVNPTQNEALTQVCVQVMGNNAAITFAGSQGQFELNVFKPVMIANLL
NSIRLITDAAYSFRVHCVEGIKANEPRIHELLTKSLMLVTALNPKIGYDAASKVAKNAHK
KGITLKESALELGVLTEKEFDEWVVPEHML
