>1mnc
GPKWERTNLTYRIRNYTPQLSEAEVERAIKDAFELWSVASPLIFTGISQGEADINIAFYQ
RDHGDGSPFDGPNGILAHAFQPGQGIGGDAHFDAEETWTNTSANYNLFLVAAHEFGHSLG
LAHSSDPGALMYPNYAFRETSNYSLPQDDIDGIQAIYG
>1hfc
PRWEQTHLTYRIENYTPDLPRADVDHAIEKAFQLWSNVTPLTFTKVSEGQADIMISFVRG
DHRDNSPFDGPGGNLAHAFQPGPGIGGDAHFDEDERWTNNFREYNLHRVAAHELGHSLGL
SHSTDIGALMYPSYTFSGDVQLAQDDIDGIQAIYGRS
>1mmpa
YSLFPNSPKWTSKVVTYRIVSYTRDLPHITVDRLVSKALNMWGKEIPLHFRKVVWGTADI
MIGFARGAHGDSYPFDGPGNTLAHAFAPGTGLGGDAHFDEDERWTDGSSLGINFLYAATH
ELGHSLGMGHSSDPNAVMYPTYGNGDPQNFKLSQDDIKGIQKLYGK
>1bqoa
FRTFPGIPKWRKTHLTYRIVNYTPDLPKDAVDSAVEKALKVWEEVTPLTFSRLYEGEADI
MISFAVREHGDFYPFDGPGNVLAHAYAPGPGINGDAHFDDDEQWTKDTTGTNLFLVAAHE
IGHSLGLFHSANTEALMYPLYHSLTDLTRFRLSQDDINGIQSLYGPPPD
>456ca
TLKWSKMNLTYRIVNYTPDMTHSEVEKAFKKAFKVWSDVTPLNFTRLHDGIADIMISFGI
KEHGDFYPFDGPSGLLAHAFPPGPNYGGDAHFDDDETWTSSSKGYNLFLVAAHEFGHSLG
LDHSKDPGALMFPIYTYTGKSHFMLPDDDVQGIQSLYGPG
>1bqqm
IQGLKWQHNEITFCIQNYTPKVGEYATYEAIRKAFRVWESATPLRFREVPYAYIREGHEK
QADIMIFFAEGFHGDSTPFDGEGGFLAHAYFPGPNIGGDTHFDSAEPWTVRNEDLNGNDI
FLVAVHELGHALGLEHSSDPSAIMAPFYQWMDTENFVLPDDDRRGIQQLYGGES
