>3mina
SREEVESLIQEVLEVYPEKARKDRNKHLAVNCIISNKKSQPGLMTIRGCAYAGSKGVVWG
PIKDMIHISHGPVGCGQYSRAGRRNYYIGTTGVNAFVTMNFTSDFQEKDIVFGGDKKLAK
LIDEVETLFPLNKGISVQSECPIGLIGDDIESVSKVKGAELSKTIVPVRCEGFRGVSQSL
GHHIANDAVRDWVLGKRDEDTTFASTPYDVAIIGDYNIGGDAWSSRILLEEMGLRCVAQW
SGDGSISEIELTPKVKLNLVHCYRSMNYISRHMEEKYGIPWMEYNFFGPTKTIESLRAIA
AKFDESIQKKCEEVIAKYKPEWEAVVAKYRPRLEGKRVMLYIGGLRPRHVIGAYEDLGME
VVGTGYEFAHNDDYDRTMKEMGDSTLLYDDVTGYEFEEFVKRIKPDLIGSGIKEKFIFQK
MGIPFREMHSWDYSGPYHGFDGFAIFARDMDMTLNNPCWKKLQAPWE
>1qh8a
TNATGERNLALIQEVLEVFPETARKERRKHMMVSDPKMKSVGKCIISNRKSQPGVMTVRG
CAYAGSKGVVFGPIKDMAHISHGPVGCGQYSRAGRRNYYTGVSGVDSFGTLNFTSDFQER
DIVFGGDKKLSKLIEEMELLFPLTKGITIQSECPVGLIGDDISAVANASSKALDKPVIPV
RCEGFRGVSQSLGHHIANDVVRDWILNNREGQPFETTPYDVAIIGDYNIGGDAWASRILL
EEMGLRVVAQWSGDGTLVEMENTPFVKLNLVHCYRSMNYIARHMEEKHQIPWMEYNFFGP
TKIAESLRKIADQFDDTIRANAEAVIARYEGQMAAIIAKYRPRLEGRKVLLYMGGLRPRH
VIGAYEDLGMEIIAAGYEFAHNDDYDRTLPDLKEGTLLFDDASSYELEAFVKALKPDLIG
SGIKEKYIFQKMGVPFRQMHSWDYSGPYHGYDGFAIFARDMDMTLNNPAWNELTAPWL
>1mioa
SENLKDEILEKYIPKTKKTRSGHIVIKTEETPNPEIVANTRTVPGIITARGCAYAGCKGV
VMGPIKDMVHITHGPIGCSFYTWGGRRFKSKPENGTGLNFNEYVFSTDMQESDIVFGGVN
KLKDAIHEAYEMFHPAAIGVYATCPVGLIGDDILAVAATASKEIGIPVHAFSCEGYKGVS
QSAGHHIANNTVMTDIIGKGNKEQKKYSINVLGEYNIGGDAWEMDRVLEKIGYHVNATLT
GDATYEKVQNADKADLNLVQCHRSINYIAEMMETKYGIPWIKCNFIGVDGIVETLRDMAK
CFDDPELTKRTEEVIAEEIAAIQDDLDYFKEKLQGKTACLYVGGSRSHTYMNMLKSFGVD
SLVAGFEFAHRDDYEGREVIPTIKIDADSKNIPEITVTPDEQKYRVVIPEDKVEELKKAG
VPLSAYGGMMKEMHDGTILIDDMNHHDMEVVLEKLKPDMFFAGIKEKFVIQKGGVLSKQL
HSYDYNGPYAGFRGVVNFGHELVNGIYTPAWKMITPPWKKASSES
>3minb
EKYPQDKIDEVFQWTTTKEYQELNFQREALTVNPAKACQPLGAVLCALGFEKTMPYVHGS
QGCVAYFRSYFNRHFREPVSCVSDSMTEDAAVFGGQQNMKDGLQNCKATYKPDMIAVSTT
CMAEVIGDDLNAFINNSKKEGFIPDEFPVPFAHTPSFVGSHVTGWDNMFEGIARYFTLKS
MDDKVVGSNKKINIVPGFETYLGNFRVIKRMLSEMGVGYSLLSDPEEVLDTPADGQFRMY
AGGTTQEEMKDAPNALNTVLLQPWHLEKTKKFVEGTWKHEVPKLNIPMGLDWTDEFLMKV
SEISGQPIPASLTKERGRLVDMMTDSHTWLHGKRFALWGDPDFVMGLVKFLLELGCEPVH
ILCHNGNKRWKKAVDAILAASPYGKNATVYIGKDLWHLRSLVFTDKPDFMIGNSYGKFIQ
RDTLHKGKEFEVPLIRIGFPIFDRHHLHRSTTLGYEGAMQILTTLVNSILERLDEETRGM
QATDYNHDLVR
>1qh8b
SQTIDKINSCYPLFEQDEYQELFRNKRQLEEAHDAQRVQEVFAWTTTAEYEALNFRREAL
TVDPAKACQPLGAVLCSLGFANTLPYVHGSQGCVAYFRTYFNRHFKEPIACVSDSMTEDA
AVFGGNNNMNLGLQNASALYKPEIIAVSTTCMAEVIGDDLQAFIANAKKDGFVDSSIAVP
HAHTPSFIGSHVTGWDNMFEGFAKTFTADYQGQPGKLPKLNLVTGFETYLGNFRVLKRMM
EQMAVPCSLLSDPSEVLDTPADGHYRMYSGGTTQQEMKEAPDAIDTLLLQPWQLLKSKKV
VQEMWNQPATEVAIPLGLAATDELLMTVSQLSGKPIADALTLERGRLVDMMLDSHTWLHG
KKFGLYGDPDFVMGLTRFLLELGCEPTVILSHNANKRWQKAMNKMLDASPYGRDSEVFIN
CDLWHFRSLMFTRQPDFMIGNSYGKFIQRDTLAKGKAFEVPLIRLGFPLFDRHHLHRQTT
WGYEGAMNIVTTLVNAVLEKLDSDTSQLGKTDYSFDLVR
>1miob
LDATPKEIVERKALRINPAKTCQPVGAMYAALGIHNCLPHSHGSQGCCSYHRTVLSRHFK
EPAMASTSSFTEGASVFGGGSNIKTAVKNIFSLYNPDIIAVHTTCLSETLGDDLPTYISQ
MEDAGSIPEGKLVIHTNTPSYVGSHVTGFANMVQGIVNYLSENTGAKNGKINVIPGFVGP
ADMREIKRLFEAMDIPYIMFPDTSGVLDGPTTGEYKMYPEGGTKIEDLKDTGNSDLTLSL
GSYASDLGAKTLEKKCKVPFKTLRTPIGVSATDEFIMALSEATGKEVPASIEEERGQLID
LMIDAQQYLQGKKVALLGDPDEIIALSKFIIELGAIPKYVVTGTPGMKFQKEIDAMLAEA
GIEGSKVKVEGDFFDVHQWIKNEGVDLLISNTYGKFIAREENIPFVRFGFPIMDRYGHYY
NPKVGYKGAIRLVEEITNVILDKIERECTEEDFEVVR
