>1esl
WSYNTSTEAMTYDEASAYCQQRYTHLVAIQNKEEIEYLNSILSYSPSYYWIGIRKVNNVW
VWVGTQKPLTEEAKNWAPGEPNNRQKDEDCVEIYIKREKDVGMWNDERCSKKKLALCYTA
>1rdo1
KYFMSSVRRMPLNRAKALCSELQGTVATPRNAEENRAIQNVAKDVAFLGITDQRTENVFE
DLTGNRVRYTNWNEGEPNNVGSGENCVVLLTNGKWNDVPCSDSFLVVCEFS
>1msba
SGKKFFVTNHERMPFSKVKALCSELRGTVAIPRNAEENKAIQEVAKTSAFLGITDEVTEG
QFMYVTGGRLTYSNWKKDEPNDHGSGEDCVTIVDNGLWNDISCQASHTAVCEFPA
>1tn3
ALQTVCLKGTKVHMKCFLAFTQTKTFHEASEDCISRGGTLSTPQTGSENDALYEYLRQSV
GNEAEIWLGLNDMAAEGTWVDMTGARIAYKNWETEITAQPDGGKTENCAVLSGAANGKWF
DKRCRDQLPYICQFGIV
>2afp
QRAGPNCPAGWQPLGDRCIYYETTAMTWALAETNCMKLGGHLASIHSQEEHSFIQTLNAG
VVWIGGSACLQAGAWTWSDGTPMNFRSWCSTKPDDVLAACCMQMTAAADQCWDDLPCPAS
HKSVCAMTF
>1qdda
QAAATELPAAAASCPEGTNAYRSYCYYFNEDRETWVDADLYCQNMNSGNLVSVLTQAEGA
FVASLIKESGTDDFNVWIGLHDPKKNRAWHWSSGSLVSYKSWGIGAPSSVNPGYCVSLTS
STGFQKWKDVPCEDKFSFVCKFKN
>1ixxa
DCLSGWSSYEGHCYKAFEKYKTWEDAERVCTEQAKGAHLVSIESSGEADFVAQLVTQNMK
RLDFYIWIGLRVQGKVKQCNSEWSDGSSVSYENWIEAESKTCLGLEKETDFRKWVNIYCG
QQNPFVCEA
>1ixxb
DCPSDWSSYEGHCYKPFSEPKNWADAENFCTQQHAGGHLVSFQSSEEADFVVKLAFQTFG
HSIFWMGLSNVWNQCNWQWSNAAMLRYKAWAEESYCVYFKSTNNKWRSRACRMMAQFVCE
FQA
