>1msfc1
MLIKGPWTKEEDQRVIKLVQKYGPKRWSVIAKHLKGRIGKQCRERWHNHLNPEVK
>1a5j1
GIPDLVKGPWTKEEDQKVIELVKKYGTKQWTLIAKHLKGRLGKQCRERWHNHLNP
>1msfc2
KTSWTEEEDRIIYQAHKRLGNRWAEIAKLLPGRTDNAIKNHWNSTMRRKV
>1a5j2
EVKKSSWTEEEDRIIFEAHKVLGNRWAEIAKLLPGRTDNAVKNHWNSTIKRKVDT
>1ba5
RKRQAWLWEEDKNLRSGVRKYGEGNWSKILLHYKFNNRTSVMLKDRWRTMKKL
