>3csua
ANPLYQKHIISINDLSRDDLNLVLATAAKLKANPQPELLKHKVIASCFFEASTRTRLSFE
TSMHRLGASVVGFSDSGKKGETLADTISVISTYVDAIVMRHPQEGAARLATEFSGNVPVL
NAGDGSNQHPTQTLLDLFTIQETQGRLDNLHVAMVGDLKYGRTVHSLTQALAKFDGNRFY
FIAPDALAMPQYILDMLDEKGIAWSLHSSIEEVMAEVDILYMTRFVLRASDLHNAKANMK
VLHPLPRVDEIATDVDKTPHAWYFQQAGNGIFARQALLALVLNRDLVL
>2otca
SGFYHKHFLKLLDFTPAELNSLLQLAAKLKADKKSGKEEAKLTGKNIALIFEKDSTRTRC
SFEVAAYDQGARVTYLGPSGSQIGHKESIKDTARVLGRMYDGIQYRGYGQEIVETLAEYA
RVPVWNGLTNEFHPTQLLADLLTMQEHLPGKAFNEMTLVYAGDARNNMGNSMLEAAALTG
LDLRLVAPQACWPEAALVTECRALAQQNGGNITLTEDVAKGVEGADFIYTDVWVSMGEAK
EKWAERIALLREYQVNSKMMQLTGNPEVKFLHCLPAFHDDQTTLGKKMAEEFGLHGGMEV
TDEVFESAASIVFDQAENRMHTIKAVMVATLSK
>1orta
AFNMHNRNLLSLMHHSTRELRYLLDLSRDLKRAKYTGTEQQHLKRKNIALIFEKTSTRTR
CAFEVAAYDQGANVTYIDPNSSQIGHKESMKDTARVLGRMYDAIGYRGFKQEIVEELAKF
AGVPVFNGLTDEYHPTQMLADVLTMREHSDKPLHDISYAYLGDARNNMGNSLLLIGAKLG
MDVRIAAPKALWPHDEFVAQCKKFAEESGAKLTLTEDPKEAVKGVDFVHTDVWVSMGEPV
EAWGERIKELLPYQVNMEIMKATGNPRAKFMHCLPAFHNSETKVGKQIAEQYPNLANGIE
VTEDVFESPYNIAFEQAENRMHTIKAILVSTLADI
>1a1s
VVSLAGRDLLCLQDYTAEEIWTILETAKMFKIWQKIGKPHRLLEGKTLAMIFQKPSTRTR
VSFEVAMAHLGGHALYLNAQDLQLRRGETIADTARVLSRYVDAIMARVYDHKDVEDLAKY
ATVPVINGLSDFSHPCQALADYMTIWEKKGTIKGVKVVYVGDGNNVAHSLMIAGTKLGAD
VVVATPEGYEPDEKVIKWAEQNAAESGGSFELLHDPVKAVKDADVIYTDVWASMGQEAEA
EERRKIFRPFQVNKDLVKHAKPDYMFMHCLPAHRGEEVTDDVIDSPNSVVWDQAENRLHA
QKAVLALVMGGIK
>1otha
KVQLKGRDLLTLKNFTGEEIKYMLWLSADLKFRIKQKGEYLPLLQGKSLGMIFEKRSTRT
RLSTETGFALLGGHPCFLTTQDIHLGVNESLTDTARVLSSMADAVLARVYKQSDLDTLAK
EASIPIINGLSDLYHPIQILADYLTLQEHYSSLKGLTLSWIGDGNNILHSIMMSAAKFGM
HLQAATPKGYEPDASVTKLAEQYAKENGTKLLLTNDPLEAAHGGNVLITDTWISMGREEE
KKKRLQAFQGYQVTMKTAKVAASDWTFLHCLPRKPEEVDDEVFYSPRSLVFPEAENRKWT
IMAVMVSLLTDYSPQLQKPKF
