>1frfs
KHRPSVVWLHNAECTGCTEAAIRTIKPYIDALILDTISLDYQETIMAAAGETSEAALHEA
LEGKDGYYLVVEGGLPTIDGGQWGMVAGHPMIETCKKAAAKAKGIICIGTCSPYGGVQKA
KPNPSQAKGVSEALGVKTINIPGCPPNPINFVGAVVHVLTKGIPDLDENGRPKLFYGELV
HDNCPRLPHFEASEFAPSFDSEEAKKGFCLYELGCKGPVTYNNCPKVLFNQVNWPVQAGH
PCLGCSEPDFWDTMTPFYEQG
>2frva
KKRPSVVYLHNAECTGCSESVLRTVDPYVDELILDVISMDYHETLMAGAGHAVEEALHEA
IKGDFVCVIEGGIPMGDGGYWGKVGGRNMYDICAEVAPKAKAVIAIGTCATYGGVQAAKP
NPTGTVGVNEALGKLGVKAINIAGCPPNPMNFVGTVVHLLTKGMPELDKQGRPVMFFGET
VHDNCPRLKHFEAGEFATSFGSPEAKKGYCLYELGCKGPDTYNNCPKQLFNQVNWPVQAG
HPCIACSEPNFWDLYSPFYSA
>1e3da
SRPSVVYLHAAECTGCSEALLRTYQPFIDTLILDTISLDYHETIMAAAGEAAEEALQAAV
NGPDGFICLVEGAIPTGMDNKYGYIAGHTMYDICKNILPKAKAVVSIGTCACYGGIQAAK
PNPTAAKGINDCYADLGVKAINVPGCPPNPLNMVGTLVAFLKGQKIELDEVGRPVMFFGQ
SVHDLCERRKHFDAGEFAPSFNSEEARKGWCLYDVGCKGPETYNNCPKVLFNETNWPVAA
GHPCIGCSEPNFWDDMTPFYQN
>1h2rs
LMGPRRPSVVYLHNAECTGCSESVLRAFEPYIDTLILDTLSLDYHETIMAAAGDAAEAAL
EQAVNSPHGFIAVVEGGIPTAANGIYGKVANHTMLDICSRILPKAQAVIAYGTCATFGGV
QAAKPNPTGAKGVNDALKHLGVKAINIAGCPPNPYNLVGTIVYYLKNKAAPELDSLNRPT
MFFGQTVHEQCPRLPHFDAGEFAPSFESEEARKGWCLYELGCKGPVTMNNCPKIKFNQTN
WPVDAGHPCIGCSEPDFWDAMTPFYQN
>1cc1s
KKAPVIWVQGQGCTGCSVSLLNAVHPRIKEILLDVISLEFHPTVMASEGEMALAHMYEIA
EKFNGNFFLLVEGAIPTAKEGRYCIVGEAKAHHHEVTMMELIRDLAPKSLATVAVGTCSA
YGGIPAAEGNVTGSKSVRDFFADEKIEKLLVNVPGCPPHPDWMVGTLVAAWSHVLNPTEH
PLPELDDDGRPLLFFGDNIHENCPYLDKYDNSEFAETFTKPGCKAELGCKGPSTYADCAK
RRWNNGINWCVENAVCIGCVEPDFPDGKSPFYVAE
