>1n97a
MKRLSLREAWPYLKDLQQDPLAVLLAWGRAHPRLFLPLPRFPLALIFDPEGVEGALLAEG
TTKATFQYRALSRLTGRGLLTDWGESWKEARKALKDPFLPKNVRGYREAMEEEARAFFGE
WRGEERDLDHEMLALSLRLLGRALFGKPLSPSLAEHALKALDRIMAQTRSPLALLDLAAE
ARFRKDRGALYREAEALIVHPPLSHLPRERALSEAVTLLVAGHETVASALTWSFLLLSHR
PDWQKRVAESEEAALAAFQEALRLYPPAWILTRRLERPLLLGEDRLPPGTTLVLSPYVTQ
RLHFPDGEAFRPERFLEERGTPSGRYFPFGLGQRLCLGRDFALLEGPIVLRAFFRRFRLD
PLPFPRVLAQVTLRPEGGLPARPRE
>1jpza
TIKEMPQPKTFGELKNLPLLNTDKPVQALMKIADELGEIFKFEAPGRVTRYLSSQRLIKE
ACDESRFDKNLSQALKFVRDFAGDGLFTSWTHEKNWKKAHNILLPSFSQQAMKGYHAMMV
DIAVQLVQKWERLNADEHIEVPEDMTRLTLDTIGLCGFNYRFNSFYRDQPHPFITSMVRA
LDEAMNKLQRANPDDPAYDENKRQFQEDIKVMNDLVDKIIADRKASQSDDLLTHMLNGKD
PETGEPLDDENIRYQIITFLIAGHETTSGLLSFALYFLVKNPHVLQKAAEEAARVLVDPV
PSYKQVKQLKYVGMVLNEALRLWPTAPAFSLYAKEDTVLGGEYPLEKGDELMVLIPQLHR
DKTIWGDDVEEFRPERFENPSAIPQHAFKPFGNGQRACIGQQFALHEATLVLGMMLKHFD
FEDHTNYELDIKETLTLKPEGFVVKAKSKKIPLGGI
>1dt6a
PPGPTPFPIIGNILQIDAKDISKSLTKFSECYGPVFTVYLGMKPTVVLHGYEAVKEALVD
LGEEFAGRGSVPILEKVSKGLGIAFSNAKTWKEMRRFSLMTLRNFGMGKRSIEDRIQEEA
RCLVEELRKTNASPCDPTFILGCAPCNVICSVIFHNRFDYKDEEFLKLMESLHENVELLG
TPLDYFPGIHKTLLKNADYIKNFIMEKVKEHQKLLDVNNPRDFIDCFLIKMEQENNLEFT
LESLVIAVSDLFGAGTETTSTTLRYSLLLLLKHPEVAARVQEEIERVIGRHRSPCMQDRS
RMPYTDAVIHEIQRFIDLLPTNLPHAVTRDVRFRNYFIPKGTDIITSLTSVLHDEKAFPN
PKVFDPGHFLDESGNFKKSDYFMPFSAGKRMCVGEGLARMELFLFLTSILQNFKLQSLVE
PKDLDITAVVNGFVSVPPSYQLCFIPIHH
>1gwia
ARIPLDPFVTDLDGESARLRAAGPLAAVELPGGVPVWAVTHHAEAKALLTDPRLVKDINV
WGAWRRGEIPADWPLIGLANPGRSMLTVDGAEHRRLRTLVAQALTVRRVEHMRGRITELT
DRLLDELPADGGVVDLKAAFAYPLPMYVVADLMGIEEARLPRLKVLFEKFFSTQTPPEEV
VATLTELASIMTDTVAAKRAAPGDDLTSALIQASENGDHLTDAEIVSTLQLMVAAGHETT
ISLIVNAVVNLSTHPEQRALVLSGEAEWSAVVEETLRFSTPTSHVLIRFAAEDVPVGDRV
IPAGDALIVSYGALGRDERAHGPTADRFDLTRTSGNRHISFGHGPHVCPGAALSRMEAGV
ALPALYARFPHLDLAVPAAELRNKPVVTQNDLFELPVRLAHH
>1jipa
TTVPDLESDSFHVDWYRTYAELRETAPVTPVRFLGQDAWLVTGYDEAKAALSDLRLSSDP
KKKYPGVEVEFPAYLGFPEDVRNYFATNMGTSDPPTHTRLRKLVSQEFTVRRVEAMRPRV
EQITAELLDEVGDSGVVDIVDRFAHPLPIKVICELLGVDEKYRGEFGRWSSEILVMDPER
AEQRGQAAREVVNFILDLVERRRTEPGDDLLSALIRVQDDDDGRLSADELTSIALVLLLA
GFESSVSLIGIGTYLLLTHPDQLALVRRDPSALPNAVEEILRYIAPPETTTRFAAEEVEI
GGVAIPQYSTVLVANGAANRDPKQFPDPHRFDVTRDTRGHLSFGQGIHFCMGRPLAKLEG
EVALRALFGRFPALSLGIDADDVVWRRSLLLRGIDHLPVRLDG
>1lfka
DPRPLHIRRQGLDPADELLAAGALTRVTAETHWMATAHAVVRQVMGDHQQFSTRRRWDPE
LVGNLMDYDPPEHTRLRRKLTPGFTLRKMQRMAPYIEQIVNDRLDEMERAGSPADLIAFV
ADKVPGAVLCELVGVPRDDRDMFMKLCHGHLDASLSQKRRAALGDKFSRYLLAMIARERK
EPGEGMIGAVVAEYGDDATDEELRGFCVQVMLAGDDNISGMIGLGVLAMLRHPEQIDAFR
GDEQSAQRAVDELIRYLTVPYSPTPRIAREDLTLAGQEIKKGDSVICSLPAANRDPALAP
DVDRLDVTREPIPHVAFGHGVHHCLGAALARLELRTVFTELWRRFPALRLADPAQDTEFR
LTTPAYGLTELMVAW
>1jfba
APSFPFSRASGPEPPAEFAKLRATNPVSQVKLFDGSLAWLVTKHKDVCFVATSEKLSKVR
TRQGFPELSASGKQAAKAKPTFVDMDPPEHMHQRSMVEPTFTPEAVKNLQPYIQRTVDDL
LEQMKQKGCANGPVDLVKEFALPVPSYIIYTLLGVPFNDLEYLTQQNAIRTNGSSTAREA
SAANQELLDYLAILVEQRLVEPKDDIISKLCTEQVKPGNIDKSDAVQIAFLLLVAGNATM
VNMIALGVATLAQHPDQLAQLKANPSLAPQFVEELCRYHTASALAIKRTAKEDVMIGDKL
VRANEGIIASNQSANRDEEVFENPDEFNMNRKWPPQDPLGFGFGDHRCIAEHLAKAELTT
VFSTLYQKFPDLKVAVPLGKINYTPLNRDVGIVDLPVIF
>1io7a
MYDWFSEMRKKDPVYYDGNIWQVFSYRYTKEVLNNFSKFSSDLTGYHERLEDLRNGKIRF
DIPTRYTMLTSDPPLHDELRSMSADIFSPQKLQTLETFIRETTRSLLDSIDPREDDIVKK
LAVPLPIIVISKILGLPIEDKEKFKEWSDLVAFRLGKPGEIFELGKKYLELIGYVKDHLN
SGTEVVSRVVNSNLSDIEKLGYIILLLIAGNETTTNLISNSVIDFTRFNLWQRIREENLY
LKAIEEALRYSPPVMRTVRKTKERVKLGDQTIEEGEYVRVWIASANRDEEVFHDGEKFIP
DRNPNPHLSFGSGIHLCLGAPLARLEARIAIEEFSKRFRHIEILDTEKVPNEVLNGYKRL
VVRLKS
>1cpt
MDARATIPEHIARTVILPQGYADDEVIYPAFKWLRDEQPLAMAHIEGYDPMWIATKHADV
MQIGKQPGLFSNAEGSEILYDQNNEAFMRSISGGCPHVIDSLTSMDPPTHTAYRGLTLNW
FQPASIRKLEENIRRIAQASVQRLLDFDGECDFMTDCALYYPLHVVMTALGVPEDDEPLM
LKLTQDFFGVEAARRFHETIATFYDYFNGFTVDRRSCPKDDVMSLLANSKLDGNYIDDKY
INAYYVAIATAGHDTTSSSSGGAIIGLSRNPEQLALAKSDPALIPRLVDEAVRWTAPVKS
FMRTALADTEVRGQNIKRGDRIMLSYPSANRDEEVFSNPDEFDITRFPNRHLGFGWGAHM
CLGQHLAKLEMKIFFEELLPKLKSVELSGPPRLVATNFVGGPKNVPIRFTKA
>1n40a
ATVLLEVPFSARGDRIPDAVAELRTREPIRKVRTITGAEAWLVSSYALCTQVLEDRRFSM
KETAAAGAPRLNALTVPPEVVNNMGNIADAGLRKAVMKAITPKAPGLEQFLRDTANSLLD
NLITEGAPADLRNDFADPLATALHCKVLGIPQEDGPKLFRSLSIAFMSSADPIPAAKINW
DRDIEYMAGILENPNITTGLMGELSRLRKDPAYSHVSDELFATIGVTFFGAGVISTGSFL
TTALISLIQRPQLRNLLHEKPELIPAGVEELLRINLSFADGLPRLATADIQVGDVLVRKG
ELVLVLLEGANFDPEHFPNPGSIELDRPNPTSHLAFGRGQHFCPGSALGRRHAQIGIEAL
LKKMPGVDLAVPIDQLVWRTRFQRRIPERLPVLW
>1qmqa
ANLAPLPPHVPEHLVFDFDMYNPSNLSAGVQEAWAVLQESNVPDLVWTRCNGGHWIATRG
QLIREAYEDYRHFSSECPFIPREAGEAYDFIPTSMDPPEQRQFRALANQVVGMPVVDKLE
NRIQELACSLIESLRPQGQCNFTEDYAEPFPIRIFMLLAGLPEEDIPHLKYLTDQMTRPD
GSMTFAEAKEALYDYLIPIIEQRRQKPGTDAISIVANGQVNGRPITSDEAKRMCGLLLVG
GLDTVVNFLSFSMEFLAKSPEHRQELIERPERIPAACEELLRRFSLVADGRILTSDYEFH
GVQLKKGDQILLPQMLSGLDERENAAPMHVDFSRQKVSHTTFGHGSHLCLGQHLARREII
VTLKEWLTRIPDFSIAPGAQIQHKSGIVSGVQALPLVWDPATTKAV
>1e9xa
MSAVALPRVSGGHDEHGHLEEFRTDPIGLMQRVRDECGDVGTFQLAGKQVVLLSGSHANE
FFFRAGDDDLDQAKAYPFMTPIFGEGVVFDASPERRKEMLHNAALRGEQMKGHAATIEDQ
VRRMIADWGEAGEIDLLDFFAELTIYTSSACLIGKKFRDQLDGRFAKLYHELERGTDPLA
YVDPYLPIESFRRRDEARNGLVALVADIMNGRIANPPTDKSDRDMLDVLIAVKAETGTPR
FSADEITGMFISMMFAGHHTSSGTASWTLIELMRHRDAYAAVIDELDELYGDGRSVSFHA
LRQIPQLENVLKETLRLHPPLIILMRVAKGEFEVQGHRIHEGDLVAASPAISNRIPEDFP
DPHDFVPARYEQPRQEDLLNRWTWIPFGAGRHRCVGAAFAIMQIKAIFSVLLREYEFEMA
QPPESYRNDHSKMVVQLAQPACVRYRRRT
