>1be9a
FLGEEDIPREPRRIVIHRGSTGLGFNIIGGEDGEGIFISFILAGGPADLSGELRKGDQIL
SVNGVDLRNASHEQAAIALKNAGQTVTIIAQYKPEEYSRFEA
>1pdr
ITREPRKVVLHRGSTGLGFNIVGGEDGEGIFISFILAGGPADLSGELRKGDRIISVNSVD
LRAASHEQAAAALKNAGQAVTIVAQYRPEEYSRQHA
>1qava
GSLQRRRVTVRKADAGGLGISIKGGRENKMPILISKIFKGLAADQTEALFVGDAILSVNG
EDLSSATHDEAVQALKKTGKEVVLEVKYMK
>1qaua
NVISVRLFKRKVGGLGFLVKERVSKPPVIISDLIRGGAAEQSGLIQAGDIILAVNDRPLV
DLSYDSALEVLRGIASETHVVLILRGPEG
>1i16
EATVCTVTLEKMSAGLGFSLEGGKGSLHGDKPLTINRIFKGAASEQSETVQPGDEILQLG
GTAMQGLTRFEAWNIIKALPDGPVTIVIRRKSLQ
>1kwaa
RSRLVQFQKNTDEPMGITLKMNELNHCIVARIMHGGMIHRQGTLHVGDEIREINGISVAN
QTVEQLQKMLREMRGSITFKIVPSYRE
