>1qpaa
VACPDGVHTASNAACCAWFPVLDDIQQNLFHGGQCGAEAHEALRMVFHDSIAISPKLQSQ
GKFGGGGADGSIITFSSIETTYHPNIGLDEVVAIQKPFIAKHGVTPGDFIAFAGAVGVSN
CPGAPQMQFFLGRPEATQAAPDGLVPEPFHTIDQVLARMLDAGGFDEIETVLLSAHSIAA
ANDVDPTISGLPFDSTPGQFDSQFFVETQLRGTAFPGKTGIQGTVMSPLKGEMRLQTDHL
FARDSRTACEWQSFVNNQTKLQEDFQFIFTALSTLGHDMNAMIDCSEVIPAPKPVNFGPS
FFPAGKTHADIEQACASTPFPTLITAPGPSASVARIPPPPSPN
>1lgaa
ATCANGKTVGDASCCAWFDVLDDIQANMFHGGQCGAEAHESIRLVFHDSIAISPAMEAKG
KFGGGGADGSIMIFDTIETAFHPNIGLDEVVAMQKPFVQKHGVTPGDFIAFAGAVALSNC
PGAPQMNFFTGRKPATQPAPDGLVPEPFHTVDQIIARVNDAGEFDELELVWMLSAHSVAA
VNDVDPTVQGLPFDSTPGIFDSQFFVETQFRGTLFPGSGGNQGEVESGMAGEIRIQTDHT
LARDSRTACEWQSFVGNQSKLVDDFQFIFLALTQLGQDPNAMTDCSDVIPLSKPIPGNGP
FSFFPPGKSHSDIEQACAETPFPSLVTLPGPATSVARIPPHKA
>1mn2
AVCPDGTRVSHAACCAFIPLAQDLQETIFQNECGQDAHEVIRLTFHDAIAISRSQGPKAG
GGADGSMLLFPTVEPNFSANNGIDDSVNNLIPFMQKHNTISAADLVQFAGAVALSNCPGA
PRLEFLAGRPNKTIAAVDGLIPEPQDSVTKILQRFEDAGGFTPFEVVSLLASHSVARANK
VDQTIDAAPFDSTPFTFDTQVFLEVLLKGVGFPGSANNTGEVASPLPLGSGSDTGEMRLQ
SDFALAHDPRTACIWQGFVNEQAFMAASFRAAMSKLAVLGHNRNSLIDCSDVVPVPKPAT
GQPAMFPASTGPQDLELSCPSERFPTLTTQPGASQSLIAHCPDGSMSCPGVQFNGPA
>1arp
SVTCPGGQSTSNSQCCVWFDVLDDLQTNFYQGSKCESPVRKILRIVFHDAIGFSPALTAA
GQFGGGGADGSIIAHSNIELAFPANGGLTDTIEALRAVGINHGVSFGDLIQFATAVGMSN
CPGSPRLEFLTGRSNSSQPSPPSLIPGPGNTVTAILDRMGDAGFSPDEVVDLLAAHSLAS
QEGLNSAIFRSPLDSTPQVFDTQFYIETLLKGTTQPGPSLGFAEELSPFPGEFRMRSDAL
LARDSRTACRWQSMTSSNEVMGQRYRAAMAKMSVLGFDRNALTDCSDVIPSAVSNNAAPV
IPGGLTVDDIEVSCPSEPFPEIATASGPLPSLAPAP
>2cyp
TPLVHVASVEKGRSYEDFQKVYNAIALKLREDDEYDNYIGYGPVLVRLAWHTSGTWDKHD
NTGGSYGGTYRFKKEFNDPSNAGLQNGFKFLEPIHKEFPWISSGDLFSLGGVTAVQEMQG
PKIPWRCGRVDTPEDTTPDNGRLPDADKDADYVRTFFQRLNMNDREVVALMGAHALGKTH
LKNSGYEGPWGAANNVFTNEFYLNLLNEDWKLEKNDANNEQWDSKSGYMMLPTDYSLIQD
PKYLSIVKEYANDQDKFFKDFSKAFEKLLENGITFPKDAPSPFIFKTLEEQGL
