>1phnb
MLDAFAKVVAQADARGEFLSNTQLDALSKMVSEGNKRLDVVNRITSNASAIVTNAARALF
SEQPQLIQPGGAYTNRRMAACLRDMEIILRYVSYAIIAGDSSILDDRCLNGLRETYQALG
VPGASVAVGIEKMKDSAIAIANDPSGITTGDCSALMAEVGTYFDRAATAVQ
>1cpcb
MLDAFAKVVSQADARGEYLSGSQIDALSALVADGNKRMDVVNRITGNSSTIVANAARSLF
AEQPQLIAPGGNAYTSRRMAACLRDMEIILRYVTYAIFAGDASVLDDRCLNGLKETYLAL
GTPGSSVAVGVQKMKDAALAIAGDTNGITRGDCASLMAEVASYFDKAASAVA
>1liab
MLDAFSRVVVNSDSKAAYVSGSDLQALKTFINDGNKRLDAVNYIVSNSSCIVSDAISGMI
CENPGLITPGGNCYTNRRMAACLRDGEIILRYVSYALLAGDASVLEDRCLNGLKETYIAL
GVPTNSTVRAVSIMKAAAVCFISNTASQRKVEVIEGDCSALASEVASYCDRVVAAVS
>1b8db
MLDAFSRVVVTSDAKAAYVGGSDLQSLKSFINDGNKRLDAVNYIVSNASCIVSDAVSGMI
CENPGLIAPGGCYTNRRMAACLRDGEIILRYVSYALLAGDSSVLDDRCLNGLKETYIALG
VPTASSSRAVSIMKATATAFITNTASGRKVEVAAGDCQALQAEAASYFDKVGSSID
>1allb
MQDAITSVINSSDVQGKYLDASAIQKLKAYFATGELRVRAATTISANAANIVKEAVAKSL
LYSDVTRPGGNMYTTRRYAACIRDLDYYLRYATYAMLAGDPSILDERVLNGLKETYNSLG
VPIGATVQAIQAMKEVTAGLVGGGAGKEMGIYFDYICSGLS
>1alla
SIVTKSIVNADAEARYLSPGELDRIKSFVTSGERRVRIAETMTGARERIIKQAGDQLFGK
RPDVVSPGGNAYGADMTATCLRDLDYYLRLITYGIVAGDVTPIEEIGVVGVREMYKSLGT
PIEAIAEGVRAMKSVATSLLSGADAAEAGSYFDYLIGAMS
>1b33a
SIVTKSIVNADAEARYLSPGELDRIKSFVSSGEKRLRIAQILTDNRERIVKQAGDQLFQK
RPDVVSPGGNAYGQEMTATCLRDLDYYLRLITYGIVAGDVTPIEEIGIVGVREMYKSLGT
PIDAVAAGVSAMKNVASSILSAEDAAEAGAYFDYVAGALA
>1phna
MKTPITEAIAAADNQGRFLSNTELQAVNGRYQRAAASLEAARSLTSNAERLINGAAQAVY
SKFPYTSQMPGPQYASSAVGKAKCARDIGYYLRMVTYCLVVGGTGPMDEYLIAGLEEINR
TFDLSPSWYVEALNYIKANHGLSGQAANEANTYIDYAINALS
>1cpca
MKTPLTEAVAAADSQGRFLSSTEIQTAFGRFRQASASLAAAKALTEKASSLASGAANAVY
SKFPYTTSQNGPNFASTQTGKDKCVRDIGYYLRMVTYCLVVGGTGPLDDYLIGGIAEINR
TFDLSPSWYVEALKYIKANHGLSGDPAVEANSYIDYAINALS
>1liaa
MKSVITTTISAADAAGRYPSTSDLQSVQGNIQRAAARLEAAEKLGSNHEAVVKEAGDACF
SKYGYNKNPGEAGENQEKINKCYRDIDHYMRLINYTLVVGGTGPLDEWGIAGAREVYRTL
NLPSAAYIAAFVFTRDRLCIPRDMSAQAGVEFCTALDYLINSLS
>1b8da
MKSVITTTISAADAAGRFPSSSDLESIQGNIQRAAARLEAAQKLSGNHEAVVKEAGDACF
AKYSYLKNAGEAGDSPEKINKCYRDIDHYMRLINYSLVVGGTGPVDEWGIAGSREVYRAL
NLPGSAYIAAFTFTRDRLCVPRDMSSQAGVEFTSALDYVINSLC
>1qgwc
DAFSRVVAAYVGGADLQALKKFISEGNKRLDSVNSIVSNASCIVSDAVSGMICENPSLIS
PSGCYTNRRMAACLRDGEIILRYVSYALLSGDASVLEDRCLNGLKETYSSLGVPANSNAR
AVSIMKACAVAFVNNTASQKKLSTPQGDCSGLASEVGGYFDKVTAAIS
