>1bp2
ALWQFNGMIKCKIPSSEPLLDFNNYGCYCGLGGSGTPVDDLDRCCQTHDNCYKQAKKLDS
CKVLVDNPYTNNYSYSCSNNEITCSSENNACEAFICNCDRNAAICFSKVPYNKEHKNLDK
KNC
>1p2p
ALWQFRSMIKCAIPGSHPLMDFNNYGCYCGLGGSGTPVDELDRCCETHDNCYRDAKNLDS
CKFLVDNPYTESYSYSCSNTEITCNSKNNACEAFICNCDRNAAICFSKAPYNKEHKNLDT
KKYC
>1poba
NLYQFKNMIQCTVPSRSWWDFADYGCYCGRGGSGTPVDDLDRCCQVHDNCYNEAEKISGC
WPYFKTYSYECSQGTLTCKGGNNACAAAVCDCDRLAAICFAGAPYNDNDYNINLKARC
>1ae7
NLVQFSYLIQCANHGKRPTWHYMDYGCYCGAGGSGTPVDELDRCCKIHDDCYDEAGKKGC
FPKMSAYDYYCGENGPYCRNIKKKCLRFVCDCDVEAAFCFAKAPYNNANWNIDTKKRCQ
>1buna
NLINFMEMIRYTIPCEKTWGEYADYGCYCGAGGSGRPIDALDRCCYVHDNCYGDAEKKHK
CNPKTQSYSYKLTKRTIICYGAAGTCARIVCDCDRTAALCFGNSEYIEGHKNIDTARFCQ
>1vip
NLFQFAEMIVKMTGKNPLSSYSDYGCYCGWGGKGKPQDATDRCCFVHDCCYEKVKSCKPK
LSLYSYSFQNGGIVCGDNHSCKRAVCECDRVAATCFRDNLNTYDKKYHNYPPSQCTGTEQ
C
>1vpi
NLFQFGDMILQKTGKEAVHSYAIYGCYCGWGGQGRAQDATDRCCFAQDCCYGRVNDCNPK
TATYTYSFENGDIVCGDNDLCLRAVCECDRAAAICLGENVNTYDKNYEYYSISHCTEESE
QC
>1aokb
NLFQFAKMINGKLGAFSVWNYISYGCYCGWGGQGTPKDATDRCCFVHDCCYGRVRGCNPK
LAIYYYSFKKGNIVCGKNNGCLRDICECDRVAANCFHQNKNTYNANYKFLSSSRCRQTGE
KC
>1psj
SLIQFETLIMKVAKKSGMFWYSNYGCYCGWGGQGRPQDATDRCCFVHDCCYGKVTGCDPK
MDVYSFSEENGDIVCGGDDPCKKEICECDRAAAICFRDNLTLYNDKKYWAFGAKNCPQEE
SEPC
>1vapa
NLFQFEKLIKKMTGKSGMLWYSAYGCYCGWGGQGRPKDATDRCCFVHDCCYGKVTGCNPK
MDIYTYSVDNGNIVCGGTNPCKKQICECDRAAAICFRDNLKTYDSKTYWKYPKKNCKEES
EPC
>1pp2r
SLVQFETLIMKIAGRSGLLWYSAYGCYCGWGGHGLPQDATDRCCFVHDCCYGKATDCNPK
TVSYTYSEENGEIICGGDDPCGTQICECDKAAAICFRDNIPSYDNKYWLFPPKDCREEPE
PC
>1jiaa
HLLQFRKMIKKMTGKEPVVSYAFYGCYCGSGGRGKPKDATDRCCFVHDCCYEKVTGCDPK
WDDYTYSWKNGTIVCGGDDPCKKEVCECDKAAAICFRDNLKTYKKRYMAYPDILCSSKSE
KC
>1a2aa
NLLQFNKMIKEETGKNAIPFYAFYGCYCGGGGNGKPKDGTDRCCFVHDCCYGRLVNCNTK
SDIYSYSLKEGYITCGKGTNCEEQICECDRVAAECFRRNLDTYNNGYMFYRDSKCTETSE
EC
>1cl5a
SLLEFGKMILEETGKLAIPSYSSYGCYCGWGGKGTPKDATDRCCFVHDCCYGNLPDCNPK
SDRYKYKRVNGAIVCEKGTSCENRICECDKAAAICFRQNLNTYSKKYMLYPDFLCKGELK
C
>1clpa
SLFELGKMILQETGKNPAKSYGAYGCNCGVLGRGKPKDATDRCCYVHKCCYKKLTGCNPK
KDRYSYSWKDKTIVCGENNSCLKELCECDKAVAICLRENLNTYNKKYRYYLKPLCKKADA
C
>1goda
SMYQLWKMILQETGKNAVPSYGLYGCNCGVGSRGKPKDATDRCCFVHKCCYKKLTDCSPK
TDSYSYSWKDKTIVCGDNNPCLQEMCECDKAVAICLRENLDTYNKNYKIYPKPLCKKADA
C
>1ppa
SVLELGKMILQETGKNAITSYGSYGCNCGWGHRGQPKDATDRCCFVHKCCYKKLTDCNHK
TDRYSYSWKNKAIICEEKNPCLKEMCECDKAVAICLRENLDTYNKKYKAYFKLKCKKPDT
C
>1bbc
NLVNFHRMIKLTTGKEAALSYGFYGCHCGVGGRGSPKDATDRCCVTHDCCYKRLEKRGCG
TKFLSYKFSNSGSRITCAKQDSCRSQLCECDKAAATCFARNKTTYNKKYQYYSNKHCRGS
TPRC
