>1acf
SWQTYVDTNLVGTGAVTQAAILGLDGNTWATSAGFAVTPAQGTTLAGAFNNADAIRAGGF
DLAGVHYVTLRADDRSIYGKKGSSGVITVKTSKAILVGVYNEKIQPGTAANVVEKLADYL
IGQGF
>2acg
SWQTYVDTNLVGTGAVTQAAIIGHDGNTWATSAGFAVSPANGAALANAFKDATAIRSNGF
ELAGTRYVTIRADDRSVYGKKGSAGVITVKTSKAILIGVYNEKIQPGTAANVVEKLADYL
IGQGF
>1ypra
SWQAYTDNLIGTGKVDKAVIYSRAGDAVWATSGGLSLQPNEIGEIVQGFDNPAGLQSNGL
HIQGQKFMLLRADDRSIYGRHDAEGVVCVRTKQTVIIAHYPPTVQAGEATKIVEQLADYL
IGVQY
>1a0k
SWQSYVDDHLMCDVEGNHLTAAAILGQDGSVWAQSAKFPQLKPQEIDGIKKDFEEPGFLA
PTGLFLGGEKYMVIQGEQGAVIRGKKGPGGVTIKKTNQALVFGFYDEPMTGGQCNLVVER
LGDYLIESEL
>1awia
GWNAYIDNLMADGTCQDAAIVGYKDSPSVWAAVPGKTFVNITPAEVGVLVGKDRSSFYVN
GLTLGGQKCSVIRDSLLQDGEFSMDLRTKSTGGAPTFNVTVTKTDKTLVLLMGKEGVHGG
LINKKCYEMASHLRRSQY
