>1rypb
MTDRYSFSLTTFSPSGKLGQIDYALTAVKQGVTSLGIKATNGVVIATEKKSSSPLAMSET
LSKVSLLTPDIGAVYSGMGPDYRVLVDKSRKVAHTSYKRIYGEYPPTKLLVSEVAKIMQE
ATQSGGVRPFGVSLLIAGHDEFNGFSLYQVDPSGSYFPWKATAIGKGSVAAKTFLEKRWN
DELELEDAIHIALLTLKESVEGEFNGDTIELAIIGDENPDLLGYTGIPTDKGPRFRKLTS
QEINDRLEAL
>1pmaa
TVFSPDGRLFQVEYAREAVKKGSTALGMKFANGVLLISDKKVRSRLIEQNSIEKIQLIDD
YVAAVTSGLVADARVLVDFARISAQQEKVTYGSLVNIENLVKRVADQMQQYTQYGGVRPY
GVSLIFAGIDQIGPRLFDCDPAGTINEYKATAIGSGKDAVVSFLEREYKENLPEKEAVTL
GIKALKSSLEEGEELKAPEIASITVGNKYRIYDQEEVKKFL
>1rypg
GTGYDLSNSVFSPDGRNFQVEYAVKAVENGTTSIGIKCNDGVVFAVEKLITSKLLVPQKN
VKIQVVDRHIGCVYSGLIPDGRHLVNRGREEAASFKKLYKTPIPIPAFADRLGQYVQAHT
LYNSVRPFGVSTIFGGVDKNGAHLYMLEPSGSYWGYKGAATGKGRQSAKAELEKLVDHHP
EGLSAREAVKQAAKIIYLAHEDNKEKDFELEISWCSLSETNGLHKFVKGDLLQEAIDFAQ
KEIN
>1rype
DRGVSTFSPEGRLFQVEYSLEAIKLGSTAIGIATKEGVVLGVEKRATSPLLESDSIEKIV
EIDRHIGCAMSGLTADARSMIEHARTAAVTHNLYYDEDINVESLTQSVCDLALRFGEGAS
GEERLMSRPFGVALLIAGHDADDGYQLFHAEPSGTFYRYNAKAIGSGSEGAQAELLNEWH
SSLTLKEAELLVLKILKQVMEEKLDENNAQLSCITKQDGFKIYDNEKTAELIKELKEKEA
AE
>1rypf
FRNNYDGDTVTFSPTGRLFQVEYALEAIKQGSVTVGLRSNTHAVLVALKRNADELSSYQK
KIIKCDEHMGLSLAGLAPDARVLSNYLRQQCNYSSLVFNRKLAVERAGHLLCDKAQKNTQ
SYGGRPYGVGLLIIGYDKSGAHLLEFQPSGNVTELYGTAIGARSQGAKTYLERTLDTFIK
IDGNPDELIKAGVEAISQSLRDESLTVDNLSIAIVGKDTPFTIYDGEAVAKYI
>1rypc
GSRRYDSRTTIFSPEGRLYQVEYALESISHAGTAIGIMASDGIVLAAERKVTSTLLEQDT
STEKLYKLNDKIAVAVAGLTADAEILINTARIHAQNYLKTYNEDIPVEILVRRLSDIKQG
YTQHGGLRPFGVSFIYAGYDDRYGYQLYTSNPSGNYTGWKAISVGANTSAAQTLLQMDYK
DDMKVDDAIELALKTLSKTTDSSALTYDRLEFATIRKGANDGEVYQKIFKPQEIKDILVK
TGIT
>1rypd
GYDRALSIFSPDGHIFQVEYALEAVKRGTCAVGVKGKNCVVLGCERRSTLKLQDTRITPS
KVSKIDSHVVLSFSGLNADSRILIEKARVEAQSHRLTLEDPVTVEYLTRYVAGVQQRYTQ
SGGVRPFGVSTLIAGFDPRDDEPKLYQTEPSGIYSSWSAQTIGRNSKTVREFLEKNYDRK
EPPATVEECVKLTVRSLLEVVQTGAKNIEITVVKPDSDIVALSSEEINQYVTQIEQEKQE
Q
>1rypa
AGYDRHITIFSPEGRLYQVEYAFKATNQTNINSLAVRGKDCTVVISQKKVPDKLLDPTTV
SYIFCISRTIGMVVNGPIPDARNAALRAKAEAAEFRYKYGYDMPCDVLAKRMANLSQIYT
QRAYMRPLGVILTFVSVDEELGPSIYKTDPAGYYVGYKATATGPKQQEITTNLENHFKKS
KIDHINEESWEKVVEFAITHMIDALGTEFSKNDLEVGVATKDKFFTLSAENIEERLVAIA
EQD
>1pma1
TTTVGITLKDAVIMATERRVTMENFIMHKNGKKLFQIDTYTGMTIAGLVGDAQVLVRYMK
AELELYRLQRRVNMPIEAVATLLSNMLNQVKYMPYMVQLLVGGIDTAPHVFSIDAAGGSV
EDIYASTGSGSPFVYGVLESQYSEKMTVDEGVDLVIRAISAAKQRDSASGGMIDVAVITR
KDGYVQLPTDQIESRIRKLGLIL
>1ryph
LKKGEVSLGASIMAVTFKDGVILGADSRTTTGAYIANRVTDKLTRVHDKIWCCRSGSAAD
TQAIADIVQYHLELYTSQYGTPSTETAASVFKELCYENKDNLTAGIIVAGYDDKNKGEVY
TIPLGGSVHKLPYAIAGSGSTFIYGYCDKNFRENMSKEETVDFIKHSLSQAIKWDGSSGG
VIRMVVLTAAGVERLIFYPDEYEQL
>1rypl
TTTLAFRFQGGIIVAVDSRATAGNWVASQTVKRVIEINPFLLGTMAGGAADCQFWETWLG
SQCRLHELREKERISVAAASKILSNLVYQYKGAGLSMGTMICGYTRKEGPTIYYVDSDGT
RLKGDIFCVGSGQTFAYGVLDSNYKWDLSVEDALYLGKRSILAAAHRDAYSGGSVNLYHV
TEDGWIYHGNHDVGELFWKVKEEEGSFNNVIG
>1rypi
TTIVGVKFNNGVVIAADTRSTQGPIVADKNCAKLHRISPKIWCAGAGTAADTEAVTQLIG
SNIELHSLYTSREPRVVSALQMLKQHLFKYQGHIGAYLIVAGVDPTGSHLFSIHAHGSTD
VGYYLSLGSGSLAAMAVLESHWKQDLTKEEAIKLASDAIQAGIWNDLGSGSNVDVCVMEI
GKDAEYLRNYLTPNVREEKQKSYKFPRGTTAVLKESIVNICD
>1rypk
MDIILGIRVQDSVILASSKAVTRGISVLKDSDDKTRQLSPHTLMSFAGEAGDTVQFAEYI
QANIQLYSIREDYELSPQAVSSFVRQELAKSIRSRRPYQVNVLIGGYDKKKNKPELYQID
YLGTKVELPYGAHGYSGFYTFSLLDHHYRPDMTTEEGLDLLKLCVQELEKRMPMDFKGVI
VKIVDKDGIRQVDDFQAQ
>1neda
TTIVSVRRNGHVVIAGDGQATLGNTVMKGNVKKVRRLYNDKVIAGFAGGTADAFTLFELF
ERKLEMHQGHLVKAAVELAKDWRTDRMLRKLEALLAVADETASLIITGNGDVVQPENDLI
AIGSGGPYAQAAARALLENTELSAREIAEKALDIAGDICIYTNHFHTIEELSYKAEFHHH
>1ryp1
QFNPYGDNGGTILGIAGEDFAVLAGDTRNITDYSINSRYEPKVFDCGDNIVMSANGFAAD
GDALVKRFKNSVKWYHFDHNDKKLSINSAARNIQHLLYGKRFFPYYVHTIIAGLDEDGKG
AVYSFDPVGSYEREQCRAGGAAASLIMPFLDNQVNFKNQYEPGTNGKVKKPLKYLSVEEV
IKLVRDSFTSATERHIQVGDGLEILIVTKDGVRKEFYELKRD
>1rypj
SDPSSINGGIVVAMTGKDCVAIACDLRLGSQSLGVSNKFEKIFHYGHVFLGITGLATDVT
TLNEMFRYKTNLYKLKEERAIEPETFTQLVSSSLYERRFGPYFVGPVVAGINSKSGKPFI
AGFDLIGCIDEAKDFIVSGTASDQLFGMCESLYEPNLEPEDLFETISQALLNAADRDALS
GWGAVVYIIKKDEVVKRYLKMRQD
>1ryp2
TQQPIVTGTSVISMKYDNGVIIAADNLGSYGSLLRFNGVERLIPVGDNTVVGISGDISDM
QHIERLLKDLVTENAYDNPLADAEEALEPSYIFEYLATVMYQRRSKMNPLWNAIIVAGVQ
SNGDQFLRYVNLLGVTYSSPTLATGFGAHMANPLLRKVVDRESDIPKTTVQVAEEAIVNA
MRVLYYRDARSSRNFSLAIIDKNTGLTFKKNLQVENMKWDFAKDIKGYGTQKI
