>1e0ca1
MDDFASLPLVIEPADLQARLSAPELILVDLTSAARYAEGHIPGARFVDPKRTQLGQPPAP
GLQPPREQLESLFGELGHRPEAVYVVYDDEGGGWAGRFIWLLDVIGQQRYHYLNGGLTAW
LAEDRPLSRELPAPA
>1rhs1
VHQVLYRALVSTKWLAESVRAGKVGPGLRVLDASWYSPGTREARKEYLERHVPGASFFDI
EECRDKASPYEVMLPSEAGFADYVGSLGISNDTHVVVYDGDDLGSFYAPRVWWMFRVFGH
RTVSVLNGGFRNWLKEGHPVTSEPSRPEP
>1c25
MLIGDFSKGYLFHTVAGKHQDLKYISPEIMASVLNGKFANLIKEFVIIDCRYPYEYEGGH
IKGAVNLHMEEEVEDFLLKKPIVPTDGKRVIVVFHCEFSSERGPRMCRYVRERDRLGNEY
PKLHYPELYVLKGGYKEFFMKCQSYCEPPSYRPMHHEDFKE
>1qb0a
DHRELIGDYSKAFLLQTVDGKHQDLKYISPETMVALLTGKFSNIVDKFVIVDCRYPYEYE
GGHIKTAVNLPLERDAESFLLKSPIAPCSLDKRVILIFHCEFSSERGPRMCRFIRERDRA
VNDYPSLYYPEMYILKGGYKEFFPQHPNFCEPQDYRPMNHEAFKDELKTFRLKTRSW
>1e0ca2
GGPVALSLHDEPTASRDYLLGRLGAADLAIWDARSPQEYRGEKVLAAKGGHIPGAVNFEW
TAAMDPSRALRIRTDIAGRLEELGITPDKEIVTHQTHHRSGLTYLIAKALGYPRVKGYAG
SWGEWGNHPDTPVEL
>1rhs2
AIFKATLNRSLLKTYEQVLENLESKRFQLVDSRAQGRYLGTQPEPDAVGLDSGHIRGSVN
MPFMNFLTEDGFEKSPEELRAMFEAKKVDLTKPLIATRKGVTACHIALAAYLCGKPDVAI
YDGSWFEWFHRAPPETWVSQGKG
