>1tme
GSDNAEKGKVSNDDASVDFVAEPVKLPENQTRVAFFYDRAVPIGMLRPGQNIESTFVYQE
NDLRLNCLLLTPLPSFCPDSTSGPVKTKAPVQWRWVRSGGTTNFPLMTKQDYAFLCFSPF
TYYKCDLEVTVSALGTDTVASVLRWAPTGAPADVTDQLIGYTPSLGETRNPHMWLVGAGN
TQISFVVPYNSPLSVLPAAWFNGWSDFGNTKDFGVAPNADFGRLWIQGNTSASVRIRYKK
MKVFCPRPTLFFPWPVDRVASDKAGNSATNTQSTVGRLCGYGEAHHGEHPASCADTATDK
VLAAERYYTIDLASWTTTQEAFSHIRIPLPHVLAGEDGGVFGATLRRHYLCKTGWRVQVQ
CNASQFHAGSLLVFMAPEFYTGKGTKTGDMEPTDPFTMDTTWRAPQGAPTGYRYDSRTGF
FAMNHQNQWQWTVYPHQILNLRTNTTVDLEVPYVNIAPTSSWTQHANWTLVVAVFSPLQY
ASGSSSDVQITASIQPVNPVFNGLRHETVIASPIAVTVREHKGCFYSTNPDTTVPIYGKT
ISTPNDYMCGEFSDLLELCKLPTFLGNPNSNNKRYPYFSATNSVPTTSLVDYQVALSCSC
MCNSMLAAVARNFNQYRGSLNFLFVFTGAAMVKGKFLIAYTPPGAGKPTTRDQAMQATYA
IWDLGLNSSFVFTAPFISPTHYRQTSYTSAASVDGWVTVWQLTPLTYPSGTPVNSDILTL
VSAGDDFTLRMPISPTKWVPQSGNEGVIINNFYSNQYQNSIDLSAS
>2mev
GVENAEKGVTENTDATADFVAQPVYLPENQTKVAFFYDRSSPIGAFAVKSGSLESGFAPF
SNKACPNSVILTPGPQFDPAYDQLRPQRLTEIWGNGNEETSEVFPLKTKQDYSFCLFSPF
VYYKCDLEVTLSPHTSGAHGLLVRWCPTGTPTKPTTQVLHEVSSLSEGRTPQVYSAGPGT
SNQISFVVPYNSPLSVLPAVWYNGHKRFDNTGDLGIAPNSDFGTLFFAGTKPDIKFTVYL
RYKNMRVFCPRPTVFFPWPTSGDKIDMTENLSDRVSQDTAGNTVTNTQSTVGRLVGYGTV
HDGEHPASCADTASEKILAVERYYTFKVNDWTSTQKPFEYIRIPLPHVLSGEDGGVFGAT
LRRHYLVKTGWRVQVQCNASQFHAGSLLVFMAPEYPTLDVFAMDNRWSKDNLPNGTRTQT
NRKGPFAMDHQNFWQWTLYPHQFLNLRTNTTVDLEVPYVNIAPTSSWTQHASWTLVIAVV
APLTYSTGASTSLDITASIQPVRPVFNGLRHEVLSRQSPIPVTIREHAGTWYSTLPDSTV
PIYGKTPVAPANYMVGEYKDFLEIAQIPTFIGNKVPNAVPYIEASNTAVKTQPLAVYQVT
LSCSCLANTFLAALSRNFAQYRGSLVYTFVFTGTAMMKGKFLIAYTPPGAGKPTSRDQAM
QATYAIWDLGLNSSYSFTVPFISPTHFRMVGTDQANITNVDGWVTVWQLTPLTYPPGCPT
SAKILTMVSAGKDFSLKMPISPAPWSPQSEGNEGVIINNFYSNQYQNSIDLSANATGSDP
PKTYGQFSNLLSGAVNAFSNMLPLLA
>1bbt
TTSAGESADPVTTTVENYGGETQIQRRQHTDVSFIMDRFVKVTPQNQINILDLMQVPSHT
LVGGLLRASTYYFSDLEIAVKHEGDLTWVPNGAPEKALDNTTNPTAYHKAPLTRLALPYT
APHRVLATVYNGECATLPTSFNYGAIKATRVTELLYRMKRAETYCPRPLLAIHPTEARHK
QKIVAPLLEDRILTTRNGHTTSTTQSSVGVTYGYATAEDFVSGPNTSGLETRVVQAERFF
KTHLFDWVTSDSFGRCHLLELPTDHKGVYGSLTDSYAYMRNGWDVEVTAVGNQFNGGCLL
VAMVPELCSIQKRELYQLTLFPHQFINPRTNMTAHITVPFVGVNRYDQYKVHKPWTLVVM
VVAPLTVNTEGAPQIKVYANIAPTNVHVAGEFPSKEGIFPVACSDGYGGLVTTDPKTADP
VYGKVFNPPRNQLPGRFTNLLDVAEACPTFLRFEGGVPYVTTKTDSDRVLAQFDMSLAAK
HMSNTFLAGLAQYYTQYSGTINLHFMFTGPTDAKARYMVAYAPPGMEPPKTPEAAAHCIH
AEWDTGLNSKFTFSIPYLSAADYTYTASDVAETTNVQGWVCLFQITHGKADGDALVVLAS
AGKDFELRLPVDARAESGNTGSIINNYYMQQYQNSMDTQLGNDWFSKLASSAFSGLFGAL
LA
>1r1a
NYIDEVLNEVLVVPNIKESHHTTSNSAPLLDAAETGHTSNVQPEDAIETRYVITSQTRDE
MSIESFLGRSGCVHISRIKVDYTDYNGQDINFTKWKITLQEMAQIRRKFELFTYVRFDSE
ITLVPCIAGRGDDIGHIVMQYMYVPPGAPIPSKRNDFSWQSGTNMSIFWQHGQPFPRFSI
PFLSIASAYYMFYDGYDGDNTSSKYGSVVTNDMGTICSRIVTEKQKLSVVITTHIYHKAK
HTKAWCPRPPRAVPYTHSHVTNYMPETGDVTTAIVRRNTITTADRIMQITRGDSTISSDD
VANAVVGYGVWPHYLTPQDATAINKPTQPDTSSNRFYTLESKHWNGSSKGWWWKLPDALK
DMGIFGENMYYHFLGRSGYTVHVQCNASKFHQGTLLVAMIPEHQLASAKHGSVTAGYKLT
HPGEAGRDVSQERDASLRQPSDDSWLNFDGTLLGNLLIFPHQFINLRSNNSATLIVPYVN
AVPMDSMLRHNNWCLVIIPISPLRSETTSSNIVPITVSISPMCAEFSGARAKNIKQGLPV
YITPGSGQFMTTDDMQSPCALPWYHPTKEISIPGEVKNLIEMCQVDTLIPVNNVGNNVGN
VSMYTVQLGNQTGMAQKVFSIKVDITSTPLATTLIGEIASYYTHWTGSLRFSFMFCGTAN
TTLKLLLAYTPPGIDEPTTRKDAMLGTHVVWDVGLQSTISLVVPWVSASHFRLTADNKYS
MAGYITCWYQTNLVVPPSTPQTADMLCFVSACKDFCLRMARDTDLHIQSGPIEQYFNINY
FKDAASSGASRLD
>4rhv
TVASISSGPKHTQKVPILTANETGATMPVLPSDSIETRTTYMHFNGSETDVECFLGRAAC
VHVTEIQNKDATGIDNHREAKLFNDWKINLSSLVQLRKKLELFTYVRFDSEYTILATASQ
PDSANYSSNLVVQAMYVPPGAPNPKEWDDYTWQSASNPSVFFKVGDTSRFSVPYVGLASA
YNCFYDGYSHDDAETQYGITVLNHMGSMAFRIVNEHDEHKTLVKIRVYHRAKHVEAWIPR
APRALPYTSIGRTNYPKNTEPVIKKRKGDIKSYGYSDRVQQITLGNSTITTQEAANAVVC
YAEWPEYLPDVDASDVNKTSKPDTSVCRFYTLDSKTWTTGSKGWCWKLPDALKDMGVFGQ
NMFFHSLGRSGYTVHVQCNATKFHSGCLLVVVIPEHQLASHEGGNVSVKYTFTHPGERGI
DLSSANEVGGPVKDVLYNMNGTLLGNLLIFPHQFINLRTNNTATIVIPYINSVPIDSMTR
HNNVSLMVIPIAPLTVPTGATPSLPITVTIAPMCTEFSGIRSKSIVPQGLPTTTLPGSGQ
FLTTDDRQSPSALPNYEPTPRIHIPGKVHNLLEIIQVDTLIPMNNTHTKDEVNSYLIPLN
ANRQNEQVFGTNLFIGDGVFKTTLLGEIVQYYTHWSGSLRFSLMYTGPALSSAKLILAYT
PPGARGPQDRREAMLGTHVVWDIGLQSTIVMTIPWTSGVQFRYTDPDTYTSAGFLSCWYQ
TSLILPPETTGQVYLLSFISACPDFKLRLMKDTQTISQTVALTEINYYKDAASTSSAGQS
LSMDPSKFTEPVKDLMLKGAPALN
>2plv
GSSSTAATSRDALPNTEASGPTHSKEIPALTAVETGATNPLVPSDTVQTRHVVQHRSRSE
SSIESFFARGACVTIMTVDNPASTTNKDKLFAVWKITYKDTVQLRRKLEFFTYSRFDMEL
TFVVTANFTETNNGHALNQVYQIMYVPPGAPVPEKWDDYTWQTSSNPSIFYTYGTAPARI
SVPYVGISNAYSHFYDGFSKVPLKDQSAALGDSLYGAASLNDFGILAVRVVNDHNPTKVT
SKIRVYLKPKHIRVWCPRPPRAVAYYGPGVDYKDGTLTPLSTKDLTTYEACGYSDRVLQL
TLGNSTITTQEAANSVVAYGRWPEYLRDSEANPVDQPTEPDVAACRFYTLDTVSWTKESR
GWWWKLPDALRDMGLFGQNMYYHYLGRSGYTVHVQCNASKFHQGALGVFAVPEMCLAGDS
NTTTMHTSYQNANPGEKGGTFTGTFTPDNNQTSPARRFCPVDYLLGNGTLLGNAFVFPHQ
IINLRTNNCATLVLPYVNSLSIDSMVKHNNWGIAILPLAPLNFASESSPEIPITLTIAPM
CCEFNGLRNITLPRLQGLPVMNTPGSNQYLTADNFQSPCALPEFDVTPPIDIPGEVKNMM
ELAEIDTMIPFDLSATKKNTMEMYRVRLSDKPHTDDPILCLSLSPASDPRLSHTMLGEIL
NYYTHWAGSLKFTFLFCGSMMATGKLLVSYAPPGADPPKKRKEAMLGTHVIWDIGLQSSC
TMVVPWISNTTYRQTIDDSFTEGGYISVFYQTRIVVPLSTPREMDILGFVSACNDFSVRL
LRDTTHIEQKAGAQVSSQKVGAHENSNSTINYTTINYYRDSASNAASKQDFSQDPSKFTE
PIKDVLIKTAPMLN
