>1apa
INTITFDVGNATINKYATFMKSIHNQAKDPTLKCYGIPMLPNTNLTPKYLLVTLQDSSLK
TITLMLKRNNLYVMGYADTYNGKCRYHIFKDISNTTERNDVMTTLCPNPSSRVGKNINYD
SSYPALEKKVGRPRSQVQLGIQILNSGIGKIYGVDSFTEKTEAEFLLVAIQMVSEAARFK
YIENQVKTNFNRAFYPNAKVLNLEESWGKISTAIHNAKNGALTSPLELKNANGSKWIVLR
VDDIEPDVGLLKYVNGTCQAT
>1qcia
VNTIIYNVGSTTISKYATFLNDLRNEAKDPSLKCYGIPMLPNTNTNPKYVLVELQGSNKK
TITLMLRRNNLYVMGYSDPFETNKCRYHIFNDISGTERQDVETTLCPNANSRVSKNINFD
SRYPTLESKAGVKSRSQVQLGIQILDSNIGKISGVMSFTEKTEAEFLLVAIQMVSEAARF
KYIENQVKTNFNRAFNPNPKVLNLQETWGKISTAIHDAKNGVLPKPLELVDASGAKWIVL
RVDEIKPDVALLNYVGGSCQTT
>1abra
EDRPIKFSTEGATSQSYKQFIEALRERLRGGLIHDIPVLPDPTTLQERNRYITVELSNSD
TESIEVGIDVTNAYVVAYRAGTQSYFLRDAPSSASDYLFTGTDQHSLPFYGTYGDLERWA
HQSRQQIPLGLQALTHGISFFRSGGNDNEEKARTLIVIIQMVAEAARFRYISNRVRVSIQ
TGTAFQPDAAMISLENNWDNLSRGVQESVQDTFPNQVTLTNIRNEPVIVDSLSHPTVAVL
ALMLFVCNPPN
>1fmp
IFPKQYPIINFTTAGATVQSYTNFIRAVRGRLTTGADVRHEIPVLPNRVGLPINQRFILV
ELSNHAELSVTLALDVTNAYVVGYRAGNSAYFFHPDNQEDAEAITHLFTDVQNRYTFAFG
GNYDRLEQLAGNLRENIELGNGPLEEAISALYYYSTGGTQLPTLARSFIICIQMISEAAR
FQYIEGEMRTRIRYNRRSAPDPSVITLENSWGRLSTAIQESNQGAFASPIQLQRRNGSKF
SVYDVSILIPIIALMVYRCAPPPSSQF
>1mrj
DVSFRLSGATSSSYGVFISNLRKALPNERKLYDIPLLRSSLPGSQRYALIHLTNYADETI
SVAIDVTNVYIMGYRAGDTSYFFNEASATEAAKYVFKDAMRKVTLPYSGNYERLQTAAGK
IRENIPLGLPALDSAITTLFYYNANSAASALMVLIQSTSEAARYKFIEQQIGKRVDKTFL
PSLAIISLENSWSALSKQIQIASTNNGQFESPVVLINAQNQRVTITNVDAGVVTSNIALL
LNRNNMA
>1mrg
DVSFRLSGADPRSYGMFIKDLRNALPFREKVYNIPLLLPSVSGAGRYLLMHLFNRDGKTI
TVAVDVTNIYIMGYLADTTSYFFNEPAAELASQYVFRDARRKITLPYSGDYERLQIAAGK
PREKIPIGLPALDSAISTLLHYDSTAAAGALLVLIQTTAEAARFKYIEQQIQERAYRDEV
PSLATISLENSWSGLSKQIQLAQGNNGIFRTPIVLVDNKGNRVQITNVTSKVVTSNIQLL
LNTRNI
>1cf5a
DVNFDLSTATAKTYTKFIEDFRATLPFSHKVYDIPLLYSTISDSRRFILLNLTSYAYETI
SVAIDVTNVYVVAYRTRDVSYFFKESPPEAYNILFKGTRKITLPYTGNYENLQTAAHKIR
ENIDLGLPALSSAITTLFYYNAQSAPSALLVLIQTTAEAARFKYIERHVAKYVATNFKPN
LAIISLENQWSALSKQIFLAQNQGGKFRNPVDLIKPTGQRFQVTNVDSDVVKGNIKLLLN
SRASTADEN
