>7rsa
KETAAAKFERQHMDSSTSAASSSNYCNQMMKSRNLTKDRCKPVNTFVHESLADVQAVCSQ
KNVACKNGQTNCYQSYSTMSITDCRETGSSKYPNCAYKTTQANKHIIVACEGNPYVPVHF
DASV
>1bsr
KESAAAKFERQHMDSGNSPSSSSNYCNLMMCCRKMTQGKCKPVNTFVHESLADVKAVCSQ
KKVTCKNGQTNCYQSKSTMRITDCRETGSSKYPNCAYKTTQVEKHIIVACGGKPSVPVHF
DASV
>1rra
AESSADKFKRQHMDTEGPSKSSPTYCNQMMKRQGMTKGSCKPVNTFVHEPLEDVQAICSQ
GQVTCKNGRNNCHKSSSTLRITDCRLKGSSKYPNCDYTTTDSQKHIIIACDGNPYVPVHF
DASV
>1b1ia
DNSRYTHFLTQHYDAKPQGRDDRYCESIMRRRGLTSPCKDINTFIHGNKRSIKAICENKN
GNPHRENLRISKSSFQVTTCKLHGGSPWPPCQYRATAGFRNVVVACENGLPVHLDQSIFR
RP
>1agi
AQDDYRYIHFLTQHYDAKPKGRNDEYCFNMMKNRRLTRPCKDRNTFIHGNKNDIKAICED
RNGQPYRGDLRISKSEFQITICKHKGGSSRPPCRYGATEDSRVIVVGCENGLPVHFDESF
ITPRH
>1bc4
NWATFQQKHIINTPIINCNTIMDNNIYIVGGQCKRVNTFIISSATTVKAICTGVINMNVL
STTRFQLNTCTRTSITPRPCPYSSRTETNYICVKCENQYPVHFAGIGRCP
