>1jmta
SQTIALLNIYRNPQDGLRSAVSDVEMQEHYDEFFEEVFTEMEEKYGEVEEMNVCDNLGDH
LVGNVYVKFRREEDAEKAVIDLNNRWFNGQPIHAELSP
>1qm9a1
KNFQNIFPPSATLHLSNIPPSVSEEDLKVLFSSNGGVVKGFKFFQKDRKMALIQMGSVEE
AVQALIDLHNHDLGENHHLRVSFSKSTI
>1a9nb
IRPNHTIYINNMNDKIKKEELKRSLYALFSQFGHVVDIVALKTMKMRGQAFVIFKELGSS
TNALRQLQGFPFYGKPMRIQYAKTDSDIISKMRG
>1nu4a
RPNHTIYINNLNEKIKKDELKKSLHAIFSRFGQILDILVSRSLKMRGQAFVIFKEVSSAT
NALRSMQGFPFYDKPMRIQYAKTDSDIIAKM
>2u1a
MAPAQPLSENPPNHILFLTNLPEETNELMLSMLFNQFPGFKEVRLVPGRHDIAFVEFDNE
VQAGAARDALQGFKITQNNAMKISFAKK
>1qm9a2
MGNSVLLVSNLNPERVTPQSLFILFGVYGDVQRVKILFNKKENALVQMADGNQAQLAMSH
LNGHKLHGKPIRITLSKHQNVQLPREGQEDQGLTKDYGNSPLHRFKKPGS
>1hd1a
KMFIGGLSWDTTKKDLKDYFSKFGEVVDCTLKLDPITGRSRGFGFVLFKESESVDKVMDQ
KEHKLNGKVIDPKRA
>1l3ka1
KEPEQLRKLFIGGLSFETTDESLRSHFEQWGTLTDCVVMRDPNTKRSRGFGFVTYATVEE
VDAAMNARPHKVDGRVVEPKRAVS
>2msta
KIFVGGLSVNTTVEDVKHYFEQFGKVDDAMLMFDKTTNRHRGFGFVTFESEDIVEKVCEI
HFHEINNKMVECKKA
>1iqta
KIFVGGLSPDTPEEKIREYFGGFGEVESIELPMDNKTNKRRGFCFITFKEEEPVKKIMEK
KYHNVGLSKCEIKVA
>2u2fa
AHKLFIGGLPNYLNDDQVKELLTSFGPLKAFNLVKDSATGLSKGYAFCEYVDINVTDQAI
AGLNGMQLGDKKLLVQRASVGAKNA
>1oo0b
PGPQRSVEGWILFVTSIHEEAQEDEIQEKFCDYGEIKNIHLNLDRRTGFSKGYALVEYET
HKQALAAKEALNGAEIMGQTIQVDWCFVKGPK
>1cvja1
ASLYVGDLHPDVTEAMLYEKFSPAGPILSIRVCRDMITRRSLGYAYVNFQQPADAERALD
TMNFDVIKGKPVRIMWSQRD
>1h6kx
KSCTLYVGNLSFYTTEEQIYELFSKSGDIKKIIMGLDKMCGFCFVEYYSRADAENAMRYI
NGTRLDDRIIRTDWDAG
>1fxla2
SKTNLIVNYLPQNMTQEEFRSLFGSIGEIESCKLVRDKITGQSLGYGFVNYIDPKDAEKA
INTLNGLRLQTKTIKVSYARPS
>1fxla1
SASIRDANLYVSGLPKTMTQKELEQLFSQYGRIITSRILVDQVTGVSRGVGFIRFDKRIE
AEEAIKGLNGQKPSGATEPITVKFA
>1cvja2
PSLRKSGVGNIFIKNLDKSIDNKALYDTFSAFGNILSCKVVCDENGSKGYGFVHFETQEA
AERAIEKMNGMLLNDRKVFVGRFKSRKER
>1fjeb2
DSKKVRAARTLLAKNLSFNITEDELKEVFEDALEIRLVSQDGKSKGIAYIEFKSEADAEK
NLEEKQGAEIDGRSVSLYYTGEKG
>1fjeb1
GSHMVEGSESTTPFNLFIGNLNPNKSVAELKVAISELFAKNDLAVVDVRTGTNRKFGYVD
FESAEDLEKALELTGLKVFGNEIKLEKPKGR
>1u2fa
ARRLYVGNIPFGITEEAMMDFFNAQMRLGGLTQAPGNPVLAVQINQDKNFAFLEFRSVDE
TTQAMAFDGIIFQGQSLKIRRPHDYQPLPG
