>1ytia
PQFHLWKRPVVTAHIEGQPVEVLLDTGADDSIVTGIELGPHYTPKIVGGIGGFINTKEYK
NVEVEVLGKRIKGTIMTGDTPINIFGRNLLTALGMSLNF
>1ivpa
PQFSLWKRPVVTAYIEGQPVEVLLDTGADDSIVAGIELGNNYSPKIVGGIGGFINTLEYK
NVEIEVLNKKVRATIMTGDTPINIFGRNILTALGMSLNL
>1difa
PQITLWQRPLVTIKIGGQLKEALLDTGADDTVLEEMSLPGRWKPKMIGGIGGFIKVRQYD
QILIEICGHKAIGTVLVGPTPVNIIGRNLLTQIGCTLNF
>1fiva
VGTTTTLEKRPEILIFVNGYPIKFLLDTGADITILNRRDFQVKNSIENGRQNMIGVGGGK
RGTNYINVHLEIRDENYKTQCIFGNVCVLEDNSLIQPLLGRDNMIKFNIRLVM
>1baia
LAMTMEHKDRPLVRVILTNTGSHPVKQRSVYITALLDTGADDTVISEEDWPTDWPVMEAA
NPQIHGIGGGIPVRKSRDMIELGVINRDGSLERPLLLFPLVAMTPVNILGRDCLQGLGLR
LTNL
>2fmb
VTYNLEKRPTTIVLINDTPLNVLLDTGADTSVLTTAHYNRLKYRGRKYQGTGIGGVGGNV
ETFSTPVTIKKKGRHIKTRMLVADIPVTILGRDILQDLGAKLVL
