>1vna
KEGYLVKKSDGCKYDCFWLGKNEHCNTECKAKNQGGSYGYCYAFACWCEGLPESTPTYPL
PNKSC
>2sn3
KEGYLVKKSDGCKYGCLKLGENEGCDTECKAKNQGGSYGYCYAFACWCEGLPESTPTYPL
PNKSC
>2b3ca
KDGYLVEKTGCKKTCYKLGENDFCNRECKWKHIGGSYGYCYGFGCYCEGLPDSTQTWPLP
NKTC
>1cn2
KEGYLVDKNTGCKYECLKLGDNDYCLRECKQQYGKGAGGYCYAFACWCTHLYEQAIVWPL
PNKRCS
>1aho
VKDGYIVDDVNCTYFCGRNAYCNEECTKLKGESGYCQWASPYGNACYCYKLPDHVRTKGP
GRCH
>1lqq
VRDAYIAKNYNCVYECFRDSYCNDLCTKNGASSGYCQWAGKYGNACWCYALPDNVPIRVP
GKCH
>1nrb
KKDGYPVDSGNCKYECLKDDYCNDLCLERKADKGYCYWGKVSCYCYGLPDNSPTKTSGKC
NPA
>1bmr
VRDGYIAQPENCVYHCFPGSSGCDTLCKEKGGTSGHCGFKVGHGLACWCNALPDNVGIIV
EGEKCHS
