>1fmca
MFNSDNLRLDGKCAIITGAGAGIGKEIAITFATAGASVVVSDINADAANHVVDEIQQLGG
QAFACRCDITSEQELSALADFAISKLGKVDILVNNAGGGGPKPFDMPMADFRRAYELNVF
SFFHLSQLVAPEMEKNGGGVILTITSMAAENKNINMTSYASSKAAASHLVRNMAFDLGEK
NIRVNGIAPGAILTDALKSVITPEIEQKMLQHTPIRRLGQPQDIANAALFLCSPAASWVS
GQILTVSGGGVQELN
>1cyda
LNFSGLRALVTGAGKGIGRDTVKALHASGAKVVAVTRTNSDLVSLAKECPGIEPVCVDLG
DWDATEKALGGIGPVDLLVNNAALVIMQPFLEVTKEAFDRSFSVNLRSVFQVSQMVARDM
INRGVPGSIVNVSSMVAHVTFPNLITYSSTKGAMTMLTKAMAMELGPHKIRVNSVNPTVV
LTDMGKKVSADPEFARKLKERHPLRKFAEVEDVVNSILFLLSDRSASTSGGGILVDAGYL
AS
>1hdca
NDLSGKTVIITGGARGLGAEAARQAVAAGARVVLADVLDEEGAATARELGDAARYQHLDV
TIEEDWQRVVAYAREEFGSVDGLVNNAGISTGMFLETESVERFRKVVEINLTGVFIGMKT
VIPAMKDAGGGSIVNISSAAGLMGLALTSSYGASKWGVRGLSKLAAVELGTDRIRVNSVH
PGMTYTPMTAETGIRQGEGNYPNTPMGRVGEPGEIAGAVVKLLSDTSSYVTGAELAVDGG
WTTGPTVKYVMGQ
>1ybva
DAIPGPLGPQSASLEGKVALVTGAGRGIGREMAMELGRRGCKVIVNYANSTESAEEVVAA
IKKNGSDAACVKANVGVVEDIVRMFEEAVKIFGKLDIVCSNSGVVSFGHVKDVTPEEFDR
VFTINTRGQFFVAREAYKHLEIGGRLILMGSITGQAKAVPKHAVYSGSKGAIETFARCMA
IDMADKKITVNVVAPGGIKTDMYHAVCREYIPNGENLSNEEVDEYAAVQWSPLRRVGLPI
DIARVVCFLASNDGGWVTGKVIGIDGGACM
>1bdb
MKLKGEAVLITGGASGLGRALVDRFVAEGAKVAVLDKSAERLAELETDHGDNVLGIVGDV
RSLEDQKQAASRCVARFGKIDTLIPNAGIWDYSTALVDLPEESLDAAFDEVFHINVKGYI
HAVKACLPALVASRGNVIFTISNAGFYPNGGGPLYTAAKHAIVGLVRELAFELAPYVRVN
GVGSGGINSDLRGPSSLGPLADMLKSVLPIGRMPEVEEYTGAYVFFATRGDAAPATGALL
NYDGGLGVRGFFSGAGGNDLLEQLNIH
>1ae1a
RWSLKGTTALVTGGSKGIGYAIVEELAGLGARVYTCSRNEKELDECLEIWREKGLNVEGS
VCDLLSRTERDKLMQTVAHVFDGKLNILVNNAGVVIHKEAKDFTEKDYNIIMGTNFEAAY
HLSQIAYPLLKASQNGNVIFLSSIAGFSALPSVSLYSASKGAINQMTKSLACEWAKDNIR
VNSVAPGVILQKEEIDNFIVKTPMGRAGKPQEVSALIAFLCFPAASYITGQIIWADGGFT
ANGGF
>2ae1
AGRWNLEGCTALVTGGSRGIGYGIVEELASLGASVYTCSRNQKELNDCLTQWRSKGFKVE
ASVCDLSSRSERQELMNTVANHFHGKLNILVNNAGIVIYKEAKDYTVEDYSLIMSINFEA
AYHLSVLAHPFLKASERGNVVFISSVSGALAVPYEAVYGATKGAMDQLTRCLAFEWAKDN
IRVNGVGPGVIATQDPEQKENLNKLIDRCALRRMGEPKELAAMVAFLCFPAASYVTGQII
YVDGGLMANCGF
>1enp
LPIDLRGKRAFIAGIADDNGYGWAVAKSLAAAGAEILVGTWVPALNIFETSLRRGKFDQS
RVLPDGSLMEIKKVYPLDAVFDNPEDVPEDVKANKRYAGSSNWTVQEAAECVRQDFGSID
ILVHSLANGPEVSKPLLETSRKGYLAAISASSYSFVSLLSHFLPIMNPGGASISLTYIAS
ERIIPGYGGGMSSAKAALESDTRVLAFEAGRKQNIRVNTISAGPLGSRAAKAIGFIDTMI
EYSYNNAPIQKTLTADEVGNAAAFLVSPLASAITGATIYVDNGLNSMGVALDSPVFK
>1dfia
GFLSGKRILVTGVASKLSIAYGIAQAMHREGAELAFTYQNDKLKGRVEEFAAQLGSDIVL
QCDVAEDASIDTMFAELGKVWPKFDGFVHSIGFAPGDQLDGDYVNAVTREGFKIAHDISS
YSFVAMAKACRSMLNPGSALLTLSYLGAERAIPNYNVMGLAKASLEANVRYMANAMGPEG
VRVNAISAGPIRTLMLAHCEAVTPIRRTVTIEDVGNSAAFLCSDLSAGISGEVVHVDGGF
SIAAMNE
>1zid
AGLLDGKRILVSGIITDSSIAFHIARVAQEQGAQLVLTGFDRLRLIQRITDRLPAKAPLL
ELDVQNEEHLASLAGRVTEAIGAGNKLDGVVHSIGFMPQTGMGINPFFDAPYADVSKGIH
ISAYSYASMAKALLPIMNPGGSIVGMDFDPSRAMPAYNWMTVAKSALESVNRFVAREAGK
YGVRSNLVAAGPIRTLAMSAIVGGALGEEAGAQIQLLEEGWDQRAPIGWNMKDATPVAKT
VCALLSDWLPATTGDIIYADGGAHTQLL
>1fds
ARTVVLITGCSSGIGLHLAVRLASDPSQSFKVYATLRDLKTQGRLWEAARALACPPGSLE
TLQLDVRDSKSVAAARERVTEGRVDVLVCNAGLGLLGPLEALGEDAVASVLDVNVVGTVR
MLQAFLPDMKRRGSGRVLVTGSVGGLMGLPFNDVYCASKFALEGLCESLAVLLLPFGVHL
SLIECGPVHTVLGSPEEVLDRTDIHTFHRFYQYLAHSKQVFREAAQNPEEVAEVFLTALR
APKPTLRYFTTERFLPLLRMRLDDPSGSNYVTAMHREVFGDV
>1sep
ADGLGCAVCVLTGASRGFGRALAPQLARLLSPGSVMLVSARSESMLRQLKEELGAQQPDL
KVVLAAADLGTEAGVQRLLSAVRELPRPEGLQRLLLINNAATLGDVSKGFLNVNDLAEVN
NYWALNLTSMLCLTSGTLNAFQDSPGLSKTVVNISSLCALQPYKGWGLYCAGKAARDMLY
QVLAAEEPSVRVLSYAPGPLDNDMQQLARETSKDPELRSKLQKLKSDGALVDCGTSAQKL
LGLLQKDTFQSGAHVDFYD
>1dhr
EARRVLVYGGRGALGSRCVQAFRARNWWVASIDVVENEEASASVIVKMTDSFTEQADQVT
AEVGKLLGDQKVDAILCVAGGWAGGNAKSKSLFKNCDLMWKQSIWTSTISSHLATKHLKE
GGLLTLAGAKAALDGTPGMIGYGMAKGAVHQLCQSLAGKNSGMPSGAAAIAVLPVTLDTP
MNRKSMPEADFSSWTPLEFLVETFHDWITGNKRPNSGSLIQVVTTDGKTELTPAYF
