>2ach
LGLASANVDFAFSLYKQLVLKAPDKNVIFSPLSISTALAFLSLGAHNTTLTEILKGLKFN
LTETSEAEIHQSFQHLLRTLNQSSDELQLSMGNAMFVKEQLSLLDRFTEDAKRLYGSEAF
ATDFQDSAAAKKLINDYVKNGTRGKITDLIKDLDSQTMMVLVNYIFFKAKWEMPFDPQDT
HQSRFYLSKKKWVMVPMMSLHHLTIPYFRDEELSCTVVELKYTGNASALFILPDQDKMEE
VEAMLLPETLKRWRDSLEFREIGELYLPKFSISRDYNLNDILLQLGIEEAFTSKADLSGI
TGARNLAVSQVVHKAVLDVFEEGTEASAATAVKITLLTRTIVRFNRPFLMIIVPTDTQNI
FFMSKVTNPKQA
>1qlpa
FNKITPNLAEFAFSLYRQLAHQSNSTNIFFSPVSIATAFAMLSLGTKADTHDEILEGLNF
NLTEIPEAQIHEGFQELLRTLNQPDSQLQLTTGNGLFLSEGLKLVDKFLEDVKKLYHSEA
FTVNFGDTEEAKKQINDYVEKGTQGKIVDLVKELDRDTVFALVNYIFFKGKWERPFEVKD
TEEEDFHVDQVTTVKVPMMKRLGMFNIQHCKKLSSWVLLMKYLGNATAIFFLPDEGKLQH
LENELTHDIITKFLENEDRRSASLHLPKLSITGTYDLKSVLGQLGITKVFSNGADLSGVT
EEAPLKLSKAVHKAVLTIDEKGTEAAGAMFLEAIPMSIPPEVKFNKPFVFLMIEQNTKSP
LFMGKVVNPTQK
>1atha
RRVWELSKANSRFATTFYQHLADSKNDNDNIFLSPLSISTAFAMTKLGACNDTLQQLMEV
FKFDTISEKTSDQIHFFFAKLNCRLYRSSKLVSANRLFGDKSLTFNETYQDISELVYGAK
LQPLDFKENAEQSRAAINKWVSNKTEGRITDVIPSEAINELTVLVLVNTIYFKGLWKSKF
SPENTRKELFYKADGESCSASMMYQEGKFRYRRVAEGTQVLELPFKGDDITMVLILPKPE
KSLAKVEKELTPEVLQEWLDELEEMMLVVHMPRFRIEDGFSLKEQLQDMGLVDLFSPEKS
KLPGIVAEGRDDLYVSDAFHKAFLEVNEEGSEAAASTAVVIAGRSLNPNRVTFKANRPFL
VFIREVPLNTIIFMGRVANPCV
>1atta
NRRVWELSKANSHFATAFYQHLADSKNNNDNIFLSPLSISTAFAMTKLGACNNTLTQLME
VFKFDTISEKTSDQIHFFFAKLNCRLYRKANKSSELVSANRLFGDKSITFNETYQDISEV
VYGAKLQPLDFKGNAEQSRLTINQWISNKTEGRITDVIPPQAINEFTVLVLVNTIYFKGL
WKSKFSPENTRKELFYKADGESCSVLMMYQESKFRYRRVAESTQVLELPFKGDDITMVLI
LPKLEKTLAKVEQELTPDMLQEWLDELTETLLVVHMPRFRIEDSFSVKEQLQDMGLEDLF
SPEKSRLPGIVAEGRSDLYVSDAFHKAFLEVNEEGSEAAASTVISIAGRSRVTFKANRPF
LVLIREVALNTIIFMGRVANPCVD
>1hle
MEQLSTANTHFAVDLFRALNESDPTGNIFISPLSISSALAMIFLGTRGNTAAQVSKALYF
DTVEDIHSRFQSLNADINKPGAPYILKLANRLYGEKTYNFLADFLASTQKMYGAELASVD
FQQAPEDARKEINEWVKGQTEGKIPELLVKGMVDNMTKLVLVNAIYFKGNWQQKFMKEAT
RDAPFRLNKKDTKTVKMMYQKKKFPYNYIEDLKCRVLELPYQGKELSMIILLPDDIEDES
TGLEKIEKQLTLDKLREWTKPENLYLAEVNVHLPRFKLEESYDLTSHLARLGVQDLFNRG
KADLSGMSGARDLFVSKIIHKSFVDLNEEGTEAAAATAGTILLAEENFNADHPFIFFIRH
NPSANILFLGRFSSP
>1ovaa
GSIGAASMEFCFDVFKELKVHHANENIFYCPIAIMSALAMVYLGAKDSTRTQINKVVRFD
KLPGFGDSIEAQCGTSVNVHSSLRDILNQITKPNDVYSFSLASRLYAEERYPILPEYLQC
VKELYRGGLEPINFQTAADQARELINSWVESQTNGIIRNVLQPSSVDSQTAMVLVNAIVF
KGLWEKAFKDEDTQAMPFRVTEQESKPVQMMYQIGLFRVASMASEKMKILELPFASGTMS
MLVLLPDEVSGLEQLESIINFEKLTEWTSSNVMEERKIKVYLPRMKMEEKYNLTSVLMAM
GITDVFSSSANLSGISSAESLKISQAVHAAHAEINEAGREVVGSAEAGVDAASVSEEFRA
DHPFLFCIKHIATNAVLFFGRCVSP
>1a7ca
HHPPSYVAHLASDFGVRVFQQVAQASKDRNVVFSPYGVASVLAMLQLTTGGETQQQIQAA
MGFKIDDKGMAPALRHLYKELMGPWNKDEISTTDAIFVQRDLKLVQGFMPHFFRLFRSTV
KQVDFSEVERARFIINDWVKTHTKGMISNLLGKGAVDQLTRLVLVNALYFNGQWKTPFPD
SSTHRRLFHKSDGSTVSVPMMAQTNKFNYTEFTTPDGHYYDILELPYHGDTLSMFIAAPY
EKEVPLSALTNILSAQLISHWKGNMTRLPRLLVLPKFSLETEVDLRKPLENLGMTDMFRQ
FQADFTSLSDQEPLHVAQALQKVKIEVNESGTAPEEIIMDRPFLFVVRHNPTGTVLFMGQ
VMEP
>1sek
GETDLQKILRESNDQFTAQMFSEVVKANPGQNVVLSAFSVLPPLGQLALASVGESHDELL
RALALPNDNVTKDVFADLNRGVRAVKGVDLKMASKIYVAKGLELNDDFAAVSRDVFGSEV
QNVDFVKSVEAAGAINKWVEDQTNNRIKNLVDPDALDETTRSVLVNAIYFKGSWKDKFNK
ERTMDRDFHVSKDKTIKVPTMIGKKDVRYADVPELDAKMIEMSYEGDQASMIIILPNQVD
GITALEQKLKDPKALSRAEERLYNTEVEIYLPKFKIETTTDLKEVLSNMNIKKLFTPGAA
RLENLLKTKESLYVDAAIQKAFIEVNEEGAEAAAANAFKITTYSFHFVPKVEINKPFFFS
LKYNRNSMFSGVCVQP
