>1hlca
ELEVKNMDMKPGSTLKITGSIADGTDGFVINLGQGTDKLNLHFNPRFSESTIVCNSLDGS
NWGQEQREDHLCFSPGSEVKFTVTFESDKFKVKLPDGHELTFPNRLGHSHLSYLSVRGGF
NMSSFKLKE
>1slta
CGLVASNLNLKPGECLRVRGEVAADAKSFLLNLGKDDNNLCLHFNPRFNAHGDVNTIVCN
SKDAGAWGAEQRESAFPFQPGSVVEVCISFNQTDLTIKLPDGYEFKFPNRLNLEAINYLS
AGGDFKIKCVAFE
>1gana
ASAGVAVTNLNLKPGHCVEIKGSIPPDCKGFAVNLGEDASNFLLHFNARFDLHGDVNKIV
CNSKEADAWGSEQREGVFPFQQGAEVMVCFEYQTDKIIIKFSSGDQFSFPVRKVLPSIPF
LSLEGLQFKSITTE
>3gala
NVPHKSSLPEGIRPGTVLRIRGLVPPNASRFHVNLLCGEEQGSDAALHFNPRLDTSEVVF
NSKEQGSWGREERGPGVPFQRGQPFEVLIIASDDGFKAVVGDAQYHHFRHRLPLARVRLV
EVGGDVQLDSVRIF
>1a3k
LIVPYNLPLPGGVVPRMLITILGTVKPNANRIALDFQRGNDVAFHFNPRFNENNRRVIVC
NTKLDNNWGREERQSVFPFESGKPFKIQVLVEPDHFKVAVNDAHLLQYNHRVKKLNEISK
LGISGDIDLTSASYTMI
