>1cbja
ATKAVCVLKGDGPVQGTIHFEAKGDTVVVTGSITGLTEGDHGFHVHQFGDNTQGCTSAGP
HFNPLSKKHGGPKDEERHVGDLGNVTADKNGVAIVDIVDPLISLSGEYSIIGRTMVVHEK
PDDLGRGGNEESTKTGNAGSRLACGVIGIAK
>1mfma
ATKAVAVLKGDGPVQGIINFEQKESNGPVKVWGSIKGLTEGLHGFHVHEEEDNTAGCTSA
GPHFNPLSRKHGGPKDEERHVGDLGNVTADKDGVADVSIEDSVISLSGDHSIIGRTLVVH
EKADDLGKGGNEQSTKTGNAGSRLACGVIGIAQ
>1xsoa
VKAVCVLAGSGDVKGVVHFEQQDEGAVSVEGKIEGLTDGLHGFHIHVFGDNTNGCMSAGS
HFNPENKNHGAPGDTDRHVGDLGNVTAEGGVAQFKITDSLISLKGPNSIIGRTAVVHEKA
DDLGKGGNDESLKTGNAGGRLACGVIGYSP
>1srda
ATKKAVAVLKGTSNVEGVVTLTQEDDGPTTVNVRISGLAPGKHGFHLHEFGDTTNGCMST
GPHFNPDKKTHGAPEDEVRHAGDLGNIVANTDGVAEATIVDNQIPLTGPNSVVGRALVVH
ELEDDLGKGGHELSPTTGNAGGRLACGVVGLTPV
>1eso
ASEKVEMNLVTSQGVGQSIGSVTITETDKGLEFSPDLKALPPGEHGFHIHAKGSCQPATK
DGKASAAESAGGHLDPQNTGKHEGPEGAGHLGDLPALVVNNDGKATDAVIAPRLKSLDEI
KDKALMVHVGGDNMSDQPKPLGGGGERYACGVIK
>2apsa
EKLVVQVQQLDPVKGNKDVGTVEITESAYGLVFTPHLHGLAQGLHGFHIHQNPSCEPKEK
DGKLVAGLGAGGHWDPKETKQHGYPWSDNAHLGDLPALFVEHDGSATNPVLAPRLKKLDE
VKGHSLMIHEGGDNHSDHPAPLGGGGPRMACGVIK
>1bzoa
QDLTVKMTDLQTGKPVGTIELSQNKYGVVFIPELADLTPGMHGFHIHQNGSCASSEKDGK
VVLGGAAGGHYDPEHTNKHGFPWTDDNHKGDLPALFVSANGLATNPVLAPRLTLKELKGH
AIMIHAGGDNHSDMPKALGGGGARVACGVIQ
