>1ar5a
AVYTLPELPYDYSALEPYISGEIMELHHDKHHKAYVDGANTALDKLAEARDKADFGAINK
LEKDLAFNLAGHVNHSVFWKNMAPKGSAPERPTDELGAAIDEFFGSFDNMKAQFTAAATG
IQGSGWASLVWDPLGKRINTLQFYDHQNNLPAGSIPLLQLDMWEHAFYLQYKNVKGDYVK
SWWNVVNWDDVALRFSEARVA
>1idsa
AEYTLPDLDWDYGALEPHISGQINELHHSKHHATYVKGANDAVAKLEEARAKEDHSAILL
NEKNLAFNLAGHVNHTIWWKNLSPNGGDKPTGELAAAIADAFGSFDKFRAQFHAAATTVQ
GSGWAALGWDTLGNKLLIFQVYDHQTNFPLGIVPLLLLDMWEHAFYLQYKNVKVDFAKAF
WNVVNWADVQSRYAAATS
>3mdsa
PYPFKLPDLGYPYEALEPHIDAKTMEIHHQKHHGAYVTNLNAALEKYPYLHGVEVEVLLR
HLAALPQDIQTAVRNNGGGHLNHSLFWRLLTPGGAKEPVGELKKAIDEQFGGFQALKEKL
TQAAMGRFGSGWAWLVKDPFGKLHVLSTPNQDNPVMEGFTPIVGIDVWEHAYYLKYQNRR
ADYLQAIWNVLNWDVAEEFFKKA
>1n0ja
KHSLPDLPYDYGALEPHINAQIMQLHHSKHHAAYVNNLNVTEEKYQEALAKGDVTAQIAL
QPALKFNGGGHINHSIFWTNLSPNGGGEPKGELLEAIKRDFGSFDKFKEKLTAASVGVQG
SGWGWLGFNKERGHLQIAACPNQDPLQGTTGLIPLLGIDVWEHAYYLQYKNVRPDYLKAI
WNVINWENVTERYMACKK
>3sdpa
PPLPYAHDALQPHISKETLEYHHDKHHNTYVVNLNNLVPGTPEFEGKTLEEIVKSSSGGI
FNNAAQVWNHTFYWNCLSPDAGGQPTGALADAINAAFGSFDKFKEEFTKTSVGTFGSGWA
WLVKADGSLALCSTIGAGAPLTSGDTPLLTCDVWEHAYYIDYRNLRPKYVEAFWNLVNWA
FVAEEG
>1isaa
SFELPALPYAKDALAPHISAETIEYHYGKHHQTYVTNLNNLIKGTAFEGKSLEEIIRSSE
GGVFNNAAQVWNHTFYWNCLAPNAGGEPTGKVAEAIAASFGSFADFKAQFTDAAIKNFGS
GWTWLVKNSDGKLAIVSTSNAGTPLTTDATPLLTVDVWEHAYYIDYRNARPGYLEHFWAL
VNWEFVAKNLAA
>1mmma
SYTLPSLPYAYDALEPHFDKQTMEIHHTKHHQTYVNNANAALESLPEFANLPVEELITKL
DQLPADKKTVLRNNAGGHANHSLFWKGLKKGTTLQGDLKAAIERDFGSVDNFKAEFEKAA
ASRFGSGWAWLVLKGDKLAVVSTANQDSPLMGEAISGASGFPIMGLDVWEHAYYLKFQNR
RPDYIKEFWNVVNWDEAAARFAAKK
>1sssa
IQFKKYELPPLPYKIDALEPYISKDIIDVHYNGHHKGYVNGANSLLERLEKVVKGDLQTG
QYDIQGIIRGLTFNINGHKLHALYWENMAPSGKGGGKPGGALADLINKQYGSFDRFKQVF
TETANSLPGTGWAVLYYDTESGNLQIMTFENHFQNHIAEIPIILILDEFEHAYYLQYKNK
RADYVNAWWNVVNWDAAEKKLQKYL
