>3seb
ESQPDPKPDELHKSSKFTGLMENMKVLYDDNHVSAINVKSIDQFLYFDLIYSIKDTKLGN
YDNVRVEFKNKDLADKYKDKYVDVFGANYYYQCYFSKKTNDINSHQTDKRKTCMYGGVTE
HNGNQLDKYRSITVRVFEDGKNLLSFDVQTNKKKVTAQELDYLTRHYLVKNKKLYEFNNS
PYETGYIKFIENENSFWYDMMPAPGDKFDQSKYLMMYNDNKMVDSKDVKIEVYLTTKK
>1ste
ESQPDPTPDELHKSSEFTGTMGNMKYLYDDHYVSATKVMSVDKFLAHDLIYNISDKKLKN
YDKVKTELLNEDLAKKYKDEVVDVYGSNYYVNCYFSSKDNVGKVTGGKTCMYGGITKHEG
NHFDNGNLQNVLIRVYENKRNTISFEVQTDKKSVTAQELDIKARNFLINKKNLYEFNSSP
YETGYIKFIENNGNTFWYDMMPAPGDKFDQSKYLMMYNDNKTVDSKSVKIEVHLTTK
>1bxta
SSQPDPTPEQLNKSSQFTGVMGNLRCLYDNHFVEGTNVRSTGQLLQHDLIFPIKDLALKN
YDSVKTEFNSKDLAAKYKNKDVDIFGSNYYANCKTCMYGGVTEHHRNQIEGKFPNITVKV
YEDNENILSFDITTNKKQVTVQELDCKTRKILVSRKNLYEFNNSPYETGYIKFIESSGDS
FWYDMMPAPGAIFDQSKYLMLYNDNKTVSSSAIAIEVHLTKK
>1esfa
SEKSEEINEKDLRKKSELQGTALGNLKQIYYYNEKAKTENKESHDQFLQHTILFKGFFTY
NDLLVDFDSKDIVDKYKGKKVDLYGAYYGYQCAGGTPNKTACMYGGVTLHDNNRLTEEKK
VPINLWLDGKQNTVPLETVKTNKKNVTVQELDLQARRYLQEKYNLYNSDVFDGKVQRGLI
VFHTSTEPSVNYDLFGAQGQYSNTLLRIYRDNKTINSENMHIDIYLYTS
>1an8
KKDISNVKSDLLYAYTITPYDYKDCRVNFSTTHTLNIDTQKYRGKDYYISSEMSYEASQK
FKRDDHVDVFGLFYILNSHTGEYIYGGITPAQNNKVNHKLLGNLFISGESQQNLNNKIIL
EKDIVTFQEIDFKIRKYLMDNYKIYDATSPYVSGRIEIGTKDGKHEQIDLFDSPNEGTRS
DIFAKYKDNRIINMKNFSHFDIYLEK
>3tss
NIKDLLDWYSSGSDTFTNSEVLDNSLGSMRIKNTDGSISLIIFPSPYYSPAFTKGEKVDL
NTKRIKKSQHTSEGTWIHFQISGVTNTEKLPTPIELPLKVKVHGKDSPLKYWPKFDKKQL
AISTLDFKIRHQLTQTHGLYRSSDKTGGYWKITMNDGSTYQSDLSKKFEYNTEKPPINID
EIKTIEAEIN
