>1tie
VLLDGNGEVVQNGGTYYLLPQVWAQGGGVQLAKTGEETCPLTVVQSPNELSDGKPIRIES
RLRSAFIPDDDKVRIGFAYAPKCAPSPWWTVVEGLSVKLSEDESTQFDYPFKFEQVSDQL
HSYKLLYCEGKHEKCASIGINRDQKGYRRLVVTEDYPLTVVLKKDE
>1wba
DDPVYDAEGNKLVNRGKYTIVSFSDGAGIDVVATGNENPEDPLSIVKSTRNIMYATSISS
EDKTPPQPRNILENMRLKINFATDPHKGDVWSVVDFQPDGQQLKLAGRYPNQVKGAFTIQ
KGSNTPRTYKLLFCPVGSPCKNIGISTDPEGKKRLVVSYQSDPLVVKFHRH
>1avwb
DFVLDNEGNPLENGGTYYILSDITAFGGIRAAPTGNERCPLTVVQSRNELDKGIGTIISS
PYRIRFIAEGHPLSLKFDSFAVIMLCVGIPTEWSVVEDLPEGPAVKIGENKDAMDGWFRL
ERVSEFNNYKLVFCPQDKCGDIGISIDHDDGTRRLVVSKNKPLVVQFQKLD
>1avac
ADPPPVHDTDGHELRADANYYVLSANRAHGGGLTMAPGHGRHCPLFVSQDPNGQHDGFPV
RITPYGVAPSDKIIRLSTDVRISFRAYTTCLQSTEWHIDSELAAGRRHVITGPVKDPSPS
GRENAFRIEKYSGAEVHEYKLMSCGDWCQDLGVFRDLKGGAWFLGATEPYHVVVFKKAPP
A
>4wbca
DDDLVDAEGNLVENGGTYYLLPHIWAHGGGIETAKTGNEPCPLTVVRSPNEVSKGEPIRI
SSQFLSLFIPRGSLVALGFANPPSCAASPWWTVVDSPQGPAVKLSQQKLPEKDILVFKFE
KVSHSNIHVYKLLYCQHDEEDVKCDQYIGIHRDRNGNRRLVVTEENPLELVLLKAKSET
