>1gt91
AAPTAYTPLDVAQAYQFPEGLDGQGQCIAIIELGGGYDETSLAQYFASLGVSAPQVVSVS
VDGATNQPTGDPNGPDGEVELDIEVAGALAPGAKIAVYFAPNTDAGFLNAITTAVHDPTH
KPSIVSISWGGPEDSWAPASIAAMNRAFLDAAALGVTVLAAAGDSGSTDGEQDGLYHVDF
PAASPYVLACGGTRLVASAGRIERETVWNDGPDGGSTGGGVSRIFPLPSWQERANVPPSA
NPGAGSGRGVPDVAGNADPATGYEVVIDGETTVIGGTSAVAPLFAALVARINQKLGKPVG
YLNPTLYQLPPEVFHDITEGNNDIANRARIYQAGPGWDPCTGLGSPIGIRLLQALLP
>1ga6a
AGTAKGHNPTEFPTIYDASSAPTAANTTVGIITIGGVSQTLQDLQQFTSANGLASVNTQT
IQTGSSNGDYSDDQQGQGEWDLDSQSIVGSAGGAVQQLLFYMADQSASGNTGLTQAFNQA
VSDNVAKVINVSLGWCEADANADGTLQAEDRIFATAAAQGQTFSVSSGDEGVYECNNRGY
PDGSTYSVSWPASSPNVIAVGGTTLYTTSAGAYSNETVWNEGLDSNGKLWATGGGYSVYE
SKPSWQSVVSGTPGRRLLPDISFDAAQGTGALIYNYGQLQQIGGTSLASPIFVGLWARLQ
SANSNSLGFPAASFYSAISSTPSLVHDVKSGNNGYGGYGYNAGTGWDYPTGWGSLDIAKL
SAYIRSNGF
>1dbia
WTPNDTYYQGYQYGPQNTYTDYAWDVTKGSSGQEIAVIDTGVDYTHPDLDGKVIKGYDFV
DNDYDPMDLNNHGTHVAGIAAAETNNATGIAGMAPNTRILAVRALDRNGSGTLSDIADAI
IYAADSGAEVINLSLGCDCHTTTLENAVNYAWNKGSVVVAAAGNNSYENVIAVGAVDQYD
RLASFSNYGTWVDVVAPGVDIVSTITGNRYAYMSGTSMASPHVAGLAALLASQGRNNIEI
RQAIEQTADKISGTGTYFKYGRINSYNAVTY
>1thm
YTPNDPYFSSRQYGPQKIQAPQAWDIAEGSGAKIAIVDTGVQSNHPDLAGKVVGGWDFVD
NDSTPQNGNGHGTHCAGIAAAVTNNSTGIAGTAPKASILAVRVLDNSGSGTWTAVANGIT
YAADQGAKVISLSLGGTVGNSGLQQAVNYAWNKGSVVVAAAGNAGNTAPNYPAYYSNAIA
VASTDQNDNKSSFSTYGSWVDVAAPGSSIYSTYPTSTYASLSGTSMATPHVAGVAGLLAS
QGRSASNIRAAIENTADKISGTGTYWAKGRVNAYKAVQY
>1bh6a
AQTVPYGIPLIKADKVQAQGYKGANVKVGIIDTGIASSHTDLKVVGGASFVSGESYNTDG
NGHGTHVAGTVAALDNTTGVLGVAPNVSLYAIKVLNSSGSGSYSAIVSGIEWATQNGLDV
INMSLGGPSGSTALKQAVDKAYASGIVVVAAAGNSGNSGSQNTIGYPAKYDSVIAVGAVD
SNKNRASFSSVGSELEVMAPGVSVYSTYPSNTYTSLNGTSMASPHVAGAAALILSKYPTL
SASQVRNRLSSTATNLGDSFYYGKGLINVEAAAQ
>1csee
AQTVPYGIPLIKADKVQAQGFKGANVKVAVLDTGIQASHPDLNVVGGASFVAGEAYNTDG
NGHGTHVAGTVAALDNTTGVLGVAPSVSLYAVKVLNSSGSGSYSGIVSGIEWATTNGMDV
INMSLGGASGSTAMKQAVDNAYARGVVVVAAAGNSGNSGSTNTIGYPAKYDSVIAVGAVD
SNSNRASFSSVGAELEVMAPGAGVYSTYPTNTYATLNGTSMASPHVAGAAALILSKHPNL
SASQVRNRLSSTATYLGSSFYYGKGLINVEAAAQ
>1scja
AQSVPYGISQIKAPALHSQGYTGSNVKVAVIDSGIDSSHPDLNVRGGASFVPSETNPYQD
GSSHGTHVAGTIAALNNSIGVLGVSPSASLYAVKVLDSTGSGQYSWIINGIEWAISNNMD
VINMSLGGPTGSTALKTVVDKAVSSGIVVAAAAGNEGSSGSTSTVGYPAKYPSTIAVGAV
NSSNQRASFSSAGSELDVMAPGVSIQSTLPGGTYGAYNGTCMATPHVAGAAALILSKHPT
WTNAQVRDRLESTATYLGNSFYYGKGLINVQAAAQ
>1lw6e
AQSVPYGVSQIKAPALHSQGYTGSNVKVAVIDSGIDSSHPDLKVAGGASMVPSETNPFQD
NNSHGTHVAGTVAALNNSIGVLGVAPSASLYAVKVLGADGSGQYSWIINGIEWAIANNMD
VINMSLGGPSGSAALKAAVDKAVASGVVVVAAAGNEGTSGSSSTVGYPGKYPSVIAVGAV
DSSNQRASFSSVGPELDVMAPGVSIQSTLPGNKYGAYNGTSMASPHVAGAAALILSKHPN
WTNTQVRSSLENTTTKLGDSFYYGKGLINVQAAAQHHHHHH
>1gci
AQSVPWGISRVQAPAAHNRGLTGSGVKVAVLDTGISTHPDLNIRGGASFVPGEPSTQDGN
GHGTHVAGTIAALNNSIGVLGVAPSAELYAVKVLGASGSGSVSSIAQGLEWAGNNGMHVA
NLSLGSPSPSATLEQAVNSATSRGVLVVAASGNSGAGSISYPARYANAMAVGATDQNNNR
ASFSQYGAGLDIVAPGVNVQSTYPGSTYASLNGTSMATPHVAGAAALVKQKNPSWSNVQI
RNHLKNTATSLGSTNLYGSGLVNAEAATR
>1ea7a
RASQQIPWGIKAIYNNDTLTSTTGGSGINIAVLDTGVNTSHPDLVNNVEQCKDFTGATTP
INNSCTDRNGHGTHVAGTALADGGSDQAGIYGVAPDADLWAYKVLLDSGSGYSDDIAAAI
RHAADQATATGTKTIISMSLGSSANNSLISSAVNYAYSKGVLIVAAAGNSGYSQGTIGYP
GALPNAIAVAALENVQQNGTYRVADYSSRGYISTAGDYVIQEGDIEISAPGSSVYSTWYN
GGYNTISGTSMATPHVSGLAAKIWAENPSLSNTQLRSNLQERAKSVDIKGGYGAAIGDDY
ASGFGFARVQ
>1ic6a
AAQTNAPWGLARISSTSPGTSTYYYDESAGQGSCVYVIDTGIEASHPEFEGRAQMVKTYY
YSSRDGNGHGTHCAGTVGSRTYGVAKKTQLFGVKVLDDNGSGQYSTIIAGMDFVASDKNN
RNCPKGVVASLSLGGGYSSSVNSAAARLQSSGVMVAVAAGNNNADARNYSPASEPSVCTV
GASDRYDRRSSFSNYGSVLDIFGPGTDILSTWIGGSTRSISGTSMATPHVAGLAAYLMTL
GKTTAASACRYIADTANKGDLSNIPFGTVNLLAYNNYQA
