>1cjma
SRPPLEYVKGVPLIKYFAEALGPLQSFQARPDDLLINTYPKSGTTWVSQILDMIYQRVPF
LEVNDPGEPETLKDTPPPRLIKSHLPLALLPQTLLDQKVKVVYVARNPKDVAVSYYHFHR
MEKAHPEPGTWDSFLEKFMAGEVSYGSWYQHVQEWWELSRTHPVLYLFYEDMKENPKREI
QKILEFVGRSLGDWKTTFTVAQNERFDADYAEKMAGCSLSFRS
>1aqua
EYYEVFGEFRGVLMDKRFTKYWEDVEMFLARPDDLVIATYPKSGTTWISEVVYMIYKEGD
AIFNRIPYLECRNEDLINGIKQLKEKESPRIVKTHLPPKLLPASFWEKNCKMIYLCRNAK
DVAVSYYYFLLMITSYPNPKSFSEFVEKFMQGQVPYGSWYDHVKAWWEKSKNSRVLFMFY
EDMKEDIRREVVKLIEFLERKPSAELVDRIIQHTSFQEMKNNPSTNYTMMPEEMMNQKVS
PFMRKGIIGDWKNHFPEALRERFDEHYKQQMKDCTVKFRME
>1efha
DFLWFEGIAFPTMGFRSETLRKVRDEFVIRDEDVIILTYPKSGTNWLAEILCLMHSKGDA
KWIQSVPIWERSPWVESEIGYTALSETESPRLFSSHLPIQLFPKSFFSSKAKVIYLMRNP
RDVLVSGYFFWKNMKFIKKPKSWEEYFEWFCQGTVLYGSWFDHIHGWMPMREEKNFLLLS
YEELKQDTGRTIEKICQFLGKTLEPEELNLILKNSSFQSMKENKMSNYSLLSVDYVVDQL
LRKGVSGDWKNHFTVAQAEDFDKLFQEKMADLPRKLAAALE
>1fmja
PFPYEFRELNPEEDKLVKANLGAFPTTYVKLGPKGYMVYRPYLKDAANIYNMPLRPTDVF
VASYQRSGTTMTQELVWLIENDLNFEAAKTYMSLRYIYLDGFMIYDPEKQEEYNDILPNP
ENLDMERYLGLLEYSSRPGSSLLAAVPPTEKRFVKTHLPLSLMPPNMLDTVKMVYLARDP
RDVAVSSFHHARLLYLLNKQSNFKDFWEMFHRGLYTLTPYFEHVKEAWAKRHDPNMLFLF
YEDYLKDLPGCIARIADFLGKKLSEEQIQRLCEHLNFEKFKNNGAVNMEDYREIGILADG
EHFIRKGKAGCWRDYFDEEMTKQAEKWIKDNLKDTDLRYPNM
>1nsta
DPLWQDPCCDRFPKLLIIGPQKTGTTALYLFLGMHPDLSSNYPSSETFEEIQFFNGHNYH
KGIDWYMEFFPISDFYFEKSANYFDSEVAPRRAAALLPKAKVLTILINPADRAYSWYQHQ
RAHDDPVALKYTFHEVITAGSDASSKLRALQNRCLVPGWYATHIERWLSAYHANQILVLD
GKLLRTEPAKVMDMVQKFLGVTNTIDYHKTLAFDPKKGFWCQLLEGGKTKCLGKSKGRKY
PEMDLDSRAFLKDYYRDHNIELSKLLYKMGQTLPTWLREDLQ
