>1nyud
CCKKFFVSIIAPSGYHNYCEGECPCCVPTKLRPMSMLYYDDGIIKKDIQNMIVEECGCS
>1nysb
LECDGNICCKKQFFVSFKDIGWNDWIIAPSGYHANYCEGECPSHILKSCCVPTKLRPMSM
LYYDDGQNIIKKDIQNMIVEECGCS
>3bmpa
RLKSSCKRHPLYVDFSDVGWNDWIVAPPGYHAFYCHGECPFPLADHLNSTNHAIVQTLVN
SVNSKIPKACCVPTELSAISMLYLDENEKVVLKNYQDMVVEGCGCR
>1lxia
QACKKHELYVSFRDLGWQDWIIAPEGYAAYYCEGECAFPLNSYMNATNHAIVQTLVHFIN
PETVPKPCCAPTQLNAISVLYFDDSSNVILKKYRNMVVRACGCH
>2tgi
ALDAAYCFRNVQDNCCLRPLYIDFKRDLGWKWIHEPKGYNANFCAGACPYLWSSDTQHSR
VLSLYNTINPEASASPCCVSQDLEPLTILYYIGKTPKIEQLSNMIVKSCKCS
>1tgj
ALDTNYCFRNLEENCCVRPLYIDFRQDLGWKWVHEPKGYYANFCSGPCPYLRSADTTHST
VLGLYNTLNPEASASPCCVPQDLEPLTILYYVGRTPKVEQLSNMVVKSCKCS
>1klda
ALDTNYCFSSTEKNCCVRQLYIDFRKDLGWKWIHEPKGYHANFCLGPCPYIWSLDTQYSK
VLALYNQHNPGASAAPCCVPQALEPLPIVYYVGRKPKVEQLSNMIVRSCKCS
>1agqa
NRGCVLTAIHLNVTDLGLGYETKEELIFRYCSGSCEAAETMYDKILKNLSRSRVGQACCR
PVAFDDDLSFLDDSLVYHILRKHSAKRCGCI
