>1amk
SAKPQPIAAANWKCNGTTASIEKLVQVFNEHTISHDVQCVVAPTFVHIPLVQAKLRNPKY
VISAENAIAKSGAFTGEVSMPILKDIGVHWVILGHSERRTYYGETDEIVAQKVSEACKQG
FMVIACIGETLQQREANQTAKVVLSQTSAIAAKLTKDAWNQVVLAYEPVWAIGTGKVATP
EQAQEVHLLLRKWVSENIGTDVAAKLRILYGGSVNAANAATLYAKPDINGFLVGGASLKP
EFRDIIDATR
>5tima
SKPQPIAAANWKCNGSQQSLSELIDLFNSTSINHDVQCVVASTFVHLAMTKERLSHPKFV
IAAQNAIAKSGAFTGEVSLPILKDFGVNWIVLGHSERRAYYGETNEIVADKVAAAVASGF
MVIACIGETLQERESGRTAVVVLTQIAAIAKKLKKADWAKVVIAYEPVWAIGTGKVATPQ
QAQEAHALIRSWVSSKIGADVAGELRILYGGSVNGKNARTLYQQRDVNGFLVGGASLKPE
FVDIIKATQ
>1htia
APSRKFFVGGNWKMNGRKQSLGELIGTLNAAKVPADTEVVCAPPTAYIDFARQKLDPKIA
VAAQNCYKVTNGAFTGEISPGMIKDCGATWVVLGHSERRHVFGESDELIGQKVAHALAEG
LGVIACIGEKLDEREAGITEKVVFEQTKVIADNVKDWSKVVLAYEPVWAIGTGKTATPQQ
AQEVHEKLRGWLKSNVSDAVAQSTRIIYGGSVTGATCKELASQPDVDGFLVGGASLKPEF
VDIINAKQ
>1tima
APRKFFVGGNWKMNGKRKSLGELIHTLDGAKLSADTEVVCGAPSIYLDFARQKLDAKIGV
AAQNCYKVPKGAFTGEISPAMIKDIGAAWVILGHSERRHVFGESDELIGQKVAHALAEGL
GVIACIGEKLDEREAGITEKVVFQETKAIADNVKDWSKVVLAYEPVWAIGTGKTATPQQA
QEVHEKLRGWLKTHVSDAVAVQSRIIYGGSVTGGNCKELASQHDVDGFLVGGASLKPEFV
DIINAKH
>1ypia
ARTFFVGGNFKLNGSKQSIKEIVERLNTASIPENVEVVICPPATYLDYSVSLVKKPQVTV
GAQNAYLKASGAFTGENSVDQIKDVGAKWVILGHSERRSYFHEDDKFIADKTKFALGQGV
GVILCIGETLEEKKAGKTLDVVERQLNAVLEEVKDWTNVVVAYEPVWAIGTGLAATPEDA
QDIHASIRKFLASKLGDKAASELRILYGGSANGSNAVTFKDKADVDGFLVGGASLKPEFV
DIINSRN
>1trea
MRHPLVMGNWKLNGSRHMVHELVSNLRKELAGVAGCAVAIAPPEMYIDMAKREAEGSHIM
LGAQNVNLNLSGAFTGETSAAMLKDIGAQYIIIGHSERRTYHKESDELIAKKFAVLKEQG
LTPVLCIGETEAENEAGKTEEVCARQIDAVLKTQGAAAFEGAVIAYEPVWAIGTGKSATP
AQAQAVHKFIRDHIAKVDANIAEQVIIQYGGSVNASNAAELFAQPDIDGALVGGASLKAD
AFAVIVKAAEAAKQA
>1ydva
RKYFVAANWKCNGTLESIKSLTNSFNNLDFDPSKLDVVVFPVSVHYDHTRKLLQSKFSTG
IQNVSKFGNGSYTGEVSAEIAKDLNIEYVIIGHFERRKYFHETDEDVREKLQASLKNNLK
AVVCFGESLEQREQNKTIEVITKQVKAFVDLIDNFDNVILVYEPLWAIGTGKTATPEQAQ
LVHKEIRKIVKDTCGEKQANQIRILYGGSVNTENCSSLIQQEDIDGFLVGNASLKESFVD
IIKSAM
>1aw2a
RHPVVMGNWKLNGSKEMVVDLLNGLNAELEGVTGVDVAVAPPALFVDLAERTLTEAGSAI
ILGAQNTDLNNSGAFTGDMSPAMLKEFGATHIIIGHSERREYHAESDEFVAKKFAFLKEN
GLTPVLCIGESDAQNEAGETMAVCARQLDAVINTQGVEALEGAIIAYEPIWAIGTGKAAT
AEDAQRIHAQIRAHIAEKSEAVAKNVVIQYGGSVKPENAAAYFAQPDIDGALVGGAALDA
KSFAAIAKAAAEAKA
>2btma
RKPIIAGNWKMNGTLAEAVQFVEDVKGHVPPADEVISVVCAPFLFLDRLVQAADGTDLKI
GAQTMHFADQGAYTGEVSPVMLKDLGVTYVILGHSERRQMFAETDETVNKKVLAAFTRGL
IPIICCGESLEEREAGQTNAVVASQVEKALAGLTPEQVKQAVIAYEPIWAIGTGKSSTPE
DANSVCGHIRSVVSRLFGPEAAEAIRIQYGGSVKPDNIRDFLAQQQIDGALVGGASLEPA
SFLQLVEAGR
>1tcda
KPQPIAAANWKCNGSESLLVPLIETLNAATFDHDVQCVVAPTFLHIPMTKARLTNPKFQI
AAQNAITRSGAFTGEVSLQILKDYGISWVVLGHSERRLYYGETNEIVAEKVAQACAAGFH
VIVCVGETNEEREAGRTAAVVLTQLAAVAQKLSKEAWSRVVIAYEPVWAIGTGKVATPQQ
AQEVHELLRRWVRSKLGTDIAAQLRILYGGSVTAKNARTLYQMRDINGFLVGGASLKPEF
VEIIEATK
