>4tms
MLEQPYLDLAKKVLDEGHFKPDRTHTGTYSIFGHQMRFDLSKGFPLLTTKKVPFGLIKSE
LLWFLHGDTNIRFLLQHRNHIWDEWAFEKWVKSDEYHGPDMTDFGHRSQKDPEFAAVYHE
EMAKFDDRVLHDDAFAAKYGDLGLVYGSQWRAWHTSKGDTIDQLGDVIEQIKTHPYSRRL
IVSAWNPEDVPTMALPPCHTLYQFYVNDGKLSLQLYQRSADIFLGVPFNIASYALLTHLV
AHECGLEVGEFIHTFGDAHLYVNHLDQIKEQLSRTPRPAPTLQLNPDKHDIFDFDMKDIK
LLNYDPYPAIKAPVAV
>3tms
MKQYLELMQKVLDEGTQKNDRTGTGTLSIFGHQMRFNLQDGFPLVTTKRCHLRSIIHELL
WFLQGDTNIAYLHENNVTIWDEWADENGDLGPVYGKQWRAWPTPDGRHIDQITTVLNQLK
NDPDSRRIIVSAWNVGELDKMALAPCHAFFQFYVADGKLSCQLYQRSCDVFLGLPFNIAS
YALLVHMMAQQCDLEVGDFVWTGGDTHLYSNHMDQTHLQLSREPRPLPKLIIKRKPESIF
DYRFEDFEIEGYDPHPGIKAPVAI
>1tis
MKQYQDLIKDIFENGYETDDRTGTGTIALFGSKLRWDLTKGFPAVTTKKLAWKACIAELI
WFLSGSTNVNDLRLIQHDSLIQGKTVWDENYENQAKDLGYHSGELGPIYGKQWRDFGGVD
QIIEVIDRIKKLPNDRRQIVSAWNPAELKYMALPPCHMFYQFNVRNGYLDLQWYQRSVDV
FLGLPFNIASYATLVHIVAKMCNLIPGDLIFSGGNTHIYMNHVEQCKEILRREPKELCEL
VISGLPYKFRYLSTKEQLKYVLKLRPKDFVLNNYVSHPPIKGKMAV
>2tsra
QHGELQYLRQVEHIMRCGFKKEDRTGTGTLSVFGMQARYSLRDEFPLLTTKRVFWKGVLE
ELLWFIKGSTNAKELSSKGVRIWDANGSRDFLDSLGFSARQEGDLGPVYGFQWRHFGADY
KDMDSDYSGQGVDQLQKVIDTIKTNPDDRRIIMCAWNPKDLPLMALPPCHALCQFYVVNG
ELSCQLYQRSGDMGLGVPFNIASYALLTYMIAHITGLQPGDFVHTLGDAHIYLNHIEPLK
IQLQREPRPFPKLRILRKVETIDDFKVEDFQIEGYNPHPTI
>1bkpa
TQFDKQYNSIIKDIINNGISDEEFDVRTKWDSDGTPAHTLSVISKQMRFDNSEVPILTTK
KVAWKTAIKELLWIWQLKSNDVNDLNMMGVHIWDQWKQEDGTIGHAYGFQLGKKNRSLNG
EKVDQVDYLLHQLKNNPSSRRHITMLWNPDELDAMALTPCVYETQWYVKHGKLHLEVRAR
SNDMALGNPFNVFQYNVLQRMIAQVTGYELGEYIFNIGDCHVYTRHIDNLKIQMEREQFE
APELWINPEVKDFYDFTIDDFKLINYKHGDKLLFEVAV
