>4tsva
DKPVAHVVANPQAEGQLQWSNRRANALLANGVELRDNQLVVPIEGLFLIYSQVLFKGQGC
PSTHVLLTHTISRIAVSYQTKVNLLSAIKSPCQRETPEGAEAKPWYEPIYLGGVFQLEKG
DRLSAEINRPDYLDFAESGQVYFGIIA
>2tnfa
SDKPVAHVVANHQVEEQLEWLSQRANALLANGMDLKDNQLVVPADGLYLVYSQVLFKGQG
CPDYVLLTHTVSRFAISYQEKVNLLSAVKSPCPKDTPEGAELKPWYEPIYLGGVFQLEKG
DQLSAEVNLPKYLDFAESGQVYFGVIAL
>1d4vb
PQRVAAHITGTRGRSNTLSSPNSKNEKALGRKINSWESSRSGHSFLSNLHLRNGELVIHE
KGFYYIYSQTYFRFQEEIKENTKNDKQMVQYIYKYTSYPDPILLMKSARNSCWSKDAEYG
LYSIYQGGIFELKENDRIFVSVTNEHLIDMDHEASFFGAFLVG
>1tnra
KPAAHLIGDPSKQNSLLWRANTDRAFLQDGFSLSNNSLLVPTSGIYFVYSQVVFSGKAYS
PKATSSPLYLAHEVQLFSSQYPFHVPLLSSQKMVYPGLQEPWLHSMYHGAAFQLTQGDQL
STHTDGIPHLVLSPSTVFFGAFAL
>1aly
GDQNPQIAAHVISEASSKTTSVLQWAEKGYYTMSNNLVTLENGKQLTVKRQGLYYIYAQV
TFCSNREASSQAPFIASLCLKSPGRFERILLRAANTHSSAKPCGQQSIHLGGVFELQPGA
SVFVNVTDPSQVSHGTGFTSFGLLKL
