>1kbt
RKCNKLVPLFYKTCPAGKNLCYKMFMVSNLTVPVKRGCIDVCPKNSALVKYVCCNTDRCN
>2crt
LKCNKLVPLFYKTCPAGKNLCYKMFMVATPKVPVKRGCIDVCPKSSLLVKYVCCNTDRCN
>2cdx
LKCNKLIPIASKTCPAGKNLCYKMFMMSDLTIPVKRGCIDVCPKNSLLVKYVCCNTDRCN
>1cdta
LKCNKLIPIAYKTCPEGKNLCYKMMLASKKMVPVKRGCINVCPKNSALVKYVCCSTDRCN
>1tgxa
LKCNQLIPPFWKTCPKGKNLCYKMTMRAAPMVPVKRGCIDVCPKSSLLIKYMCCNTDKCN
>1kxia
LKCHNTQLPFIYKTCPEGKNLCFKATLKKFPLKFPVKRGCADNCPKNSALLKYVCCSTDK
CN
>1tfs
RICYSHKASLPRATKTCVENTCYKMFIRTHREYISERGCGCPTAMWPYQTECCKGDRCNK
>1drs
RICYNHLGTKPPTTETCQEDSCYKNIWTFDNIIRRGCGCFTPRGDMPGPYCCESDKCNL
>1txb
TKCYVTPDATSQTCPDGQDICYTKTWCDGFCSSRGKRIDLGCAATCPKVKPGVDIKCCST
DNCNPFPTWKRKH
>2ctx
IRCFITPDGTSKDCPNGHVCYTKTWCDGFCSIRGKRVDLGCAATCPTVKTGVDIQCCSTD
NCNPFPTGGAP
>1ntn
ITCYKTPIITSETCAPGQNLCYTKTWCDAWCGSRGKVIELGCAATCPTVESYQDIKCCST
DNCNPHPKQKRP
>1lsi
RECYLNPHDTQTCPSGQEICYVKSWCNAWCSSRGKVLEFGCAATCPSVNTGTEIKCCSAD
KCNTYP
>2abxa
IVCHTTATIPSSAVTCPPGENLCYRKMWCDAFCSSRGKVVELGCAATCPSKKPYEEVTCC
STDKCNHPPKRQPG
>2nbta
RTCLISPSSTPQTCPNGQDICFLKAQCDKFCSIRGPVIEQGCVATCPQFRSNYRSLLCCT
TDNCNH
>1nean
LECHNQQSSQPPTTKTCPGETNCYKKVWRDHRGTIIERGCGCPTVKPGIKLNCCTTDKCN
N
>1nor
LECHNQQSSQPPTTKTCSGETNCYKKWWSDHRGTIIERGCGCPKVKPGVNLNCCRTDRCN
N
>1cod
LECHNQQSSQTPTTTGCSGGETNCYKKRWRDHRGYRTERGCGCPSVKNGIEINCCTTDRC
NN
>1nxb
RICFNQHSSQPQTTKTCSPGESSCYHKQWSDFRGTIIERGCGCPTVKPGIKLSCCESEVC
NN
>1ntx
RICYNHQSTTRATTKSCEENSCYKKYWRDHRGTIIERGCGCPKVKPGVGIHCCQSDKCNY
>1fas
TMCYSHTTTSRAILTNCGENSCYRKSRRHPPKMVLGRGCGCPPGDDYLEVKCCTSPDKCN
Y
