>1dsn
RRRSVQWCAVSQPEATKCFQWQRNMRRVRGPPVSCIKRDSPIQCIQAIAENRADAVTLSG
GFIYEAGLAPYKLRPVAAEVYGTERQPRTHYYAVAVVKKGGSFQLNELQGLKSCHTGLRR
TAGWNVPIGTLRPFLNWTGPPEPIEAAVARFFSASCVPGADKGQFPNLCRLCAGTGENKC
AFSSQEPYFSYSGAFKCLRDGAGDVAFIRESTVFEDLSDEAERDEYELLCPDNTRKPVDK
FKDCHLARVPSHAVVARSVNGKEDAIWNLLRQAQEKFGKDKSPKFQLFGSPSGQKDLLFK
DSAIGFSRVPPRIDS
>1tfd
VRWCAVNDHEASKCANFRDSMKKVLPEDGPRIICVKKASYLDCIKAIAAHEADAVTLDAG
LVHEAGLTPNNLKPVVAEFYGSKENPKTFYYAVALVKKGSNFQLNELQGKKSCHTGLGRS
AGWNIPIGLLYCDLPEPRKPLEKAVASFFSGSCVPCADQLCQLCPGCGCSSSQPYFGYSG
AFKCLKDGLGDVAFVKQETIFENLPSKDERDQYELLCLDNTRKPVDEYEQCHLARVPSHA
VVARSVDGKEDLIWELLNQAQEHFGKDKSGDFQLFSSPHGKNLLFKDSAYGFFK
>1ovt
SVIRWCTISSPEEKKCNNLRDLTQQERISLTCVQKATYLDCIKAIANNEADAISLDGGQA
FEAGLAPYKLKPIAAEVYEHTEGSTTSYYAVAVVKKGTEFTVNDLQGKTSCHTGLGRSAG
WNIPIGTLLHRGAIEWEGIESGSVEQAVAKFFSASCVPGATIEQKLCRQCKGDPKTKCAR
NAPYSGYSGAFHCLKDGKGDVAFVKHTTVNENAPDQKDEYELLCLDGSRQPVDNYKTCNW
ARVAAHAVVARDDNKVEDIWSFLSKAQSDFGVDTKSDFHLFGPPGKKDPVLKDLLFKDSA
IMLKRVPSLMDSQLYLGFEYYSAIQSMRKDQLTPSPRENRIQWCAVGKDEKSKCDRWSVV
SNGDVECTVVDETKDCIIKIMKGEADAVALDGGLVYTAGVCGLVPVMAERYDDESQCSKT
DERPASYFAVAVARKDSNVNWNNLKGKKSCHTAVGRTAGWVIPMGLIHNRTGTCNFDEYF
SEGCAPGSPPNSRLCQLCQGSGGIPPEKCVASSHEKYFGYTGALRCLVEKGDVAFIQHST
VEENTGGKNKADWAKNLQMDDFELLCTDGRRANVMDYRECNLAEVPTHAVVVRPEKANKI
RDLLERQEKRFGVNGSEKSKFMMFESQNKDLLFKDLTKCLFKVREGTTYKEFLGDKFYTV
ISSLKTCNPSDILQMCSFLEGK
>1dot
APPKTTVRWCTISSAEEKKCNSLKDHMQQERVTLSCVQKATYLDCIKAISNNEADAISLD
GGQVFEAGLAPYKLKPIAAEVYERSGGSTTSYYAVAVVKKGTDFMIKDLRGKTSCHTGLG
RSAGWNIPIGTLIHREDIEWEGIESGISEQAVAKFFSASCVPGATIEQKLCRQCKGDAKT
KCLRNGPYSGYSGAFQCLKDGKGDVAFVKHTTVQENAPEEKDEYELLCLDGSRQPVDSYK
TCNWARVAAHAVVARDDSKIDDIWSFLGMQAYSLGVDTTSDFHLFGPPGKKDPVLKDLLF
KDSAIMLKRVPELMDSQLYLGFEYYSAIQSLRKDQLTVGPRENKIQWCAVGKDEKSKCDR
WSVVSNGEVECTILDDNKDCIVKITKGEADAISLDGGFVYTAGVCGLVPVVGESYEDETQ
CSKDEEQPAYYFAVAVVKKSSAITWNNLQGKKSCHTAVGRTAGWNIPMGLIHNKTGSCDF
DDYFSEGCAPGSPPNSRLCKLCQGSGENLLEKCVASSHEKYYGYTGALRCLVEQGDVAFI
KHSTVGENVSGSNKDDWAKGLTRDDFELLCTNGKRAKTMDYKTCHLAKVPTHAVVARPEK
ANKIRELLEGQEKLFGLHGTEKERFMMFQSQTKDLLFKALTKCLVKLRQGITYKEFLGDE
YYASVASLNTCNPSDLLQVCTFLEDK
>1a8e
DKTVRWCAVSEHEATKCQSFRDHMKSVIPSDGPSVACVKKASYLDCIRAIAANEADAVTL
DAGLVYDAYLAPNNLKPVVAEFYGSKEDPQTFYYAVAVVKKDSGFQMNQLRGKKSCHTGL
GRSAGWNIPIGLLYCDLPEPRKPLEKAVANFFSGSCAPCADGTDFPQLCQLCPGCGCSTL
NQYFGYSGAFKCLKDGAGDVAFVKHSTIFENLANKADRDQYELLCLDNTRKPVDEYKDCH
LAQVPSHTVVARSMGGKEDLIWELLNQAQEHFGKDKSKEFQLFSSPHGKDLLFKDSAHGF
LKVPPRMDAKMYLGYEYVTAIRNLREGTC
>1b1xa
APRKSVRWCTISPAEAAKCAKFQRNMKKVRGPSVSCIRKTSSFECIQAIAANKADAVTLD
GGLVYEAGLHPYKLRPVAAEVYQTRGKPQTRYYAVAVVKKGSGFQLNQLQGVKSCHTGLG
RSAGWNIPIGTLRPYLNWTGPPEPLQKAVANFFSASCVPCADGKQYPNLCRLCAGTEADK
CACSSQEPYFGYSGAFKCLENGAGDVAFVKDSTVFENLPDEAERDKYELLCPDNTRKPVD
AFKECHLARVPSHAVVARSVDGREDLIWKLLHRAQEEFGRNKSSAFQLFGSTPGEQDLLF
KDSALGFVRIPSQIDSGLYLGANYLTATQNLRETAAEVAARRERVVWCAVGPEEERKCKQ
WSDVSNRKVACASASTTEECIALVLKGEADALNLDGGFIYVAGKCGLVPVLAENQKSQNS
NAPDCVHRPPEGYLAVAVVRKSDADLTWNSLSGKKSCHTGVGRTAAWNIPMGLLFNQTGS
CKFDKFFSQSCAPGADPQSSLCALCVGNNENENKCMPNSEERYYGYTGAFRCLAEKAGDV
AFVKDVTVLQNTDGKNSEPWAKDLKQEDFELLCLDGTRKPVAEAESCHLARAPNHAVVSQ
SDRAQHLKKVLFLQQDQFGGNGPDCPGKFCLFKSETKNLLFNDNTECLAELQGKTTYEQY
LGSEYVTSITNLRRCSSSPLLEACAFLRA
>1ce2a
APRKNVRWCTISQPEWLKCHRWQWRMKKLGAPSITCVRRASVLECIRAITEKKADAVTLD
GGMVFEAGRDPYKLRPVAAEIYGTKESPQTHYYAVAVVKKGSNFQLDQLQGRNSCHTGLG
RSAGWNIPMGILRPYLSWTESLEPLQGAVAKFFSASCVPCVDRQAYPNLCQLCKGEGENQ
CACSPREPYFGYSGAFKCLQDGAGDVAFVKETTVFENLPEKADRDQYELLCLNNTRAPVD
AFKECHLAQVPSHAVVARSVDGKEDLIWKLLSKAQEKFGKNKSGSFQLFGSPPGQRDLLF
KDSALGFLRIPSKVDSALYLGSRYLTALKNLRETAEEVQARRARVVWCAVGPEEQKKCQQ
WSQQSGQIVTCATASTTDDCIALVLKGEADALSLDGGYIYTAGKCGLVPVLAENRKSSKH
SSLDCVLRPTEGYLAVAVVKKANEGLTWNSLKGKKSCHTAVDRTAGWNIPMGLIANQTGS
CAFDEFFSQSCAPGADPKSRLCALCAGDDQGLDKCVPNSKEKYYGYTGAFRCLAEDVGDV
AFVKNDTVWENTNGESTADWAKNLNREDFRLLCLDGTRKPVTEAQSCHLAVAPNHAVVSL
SERAAHVEQVLLHQQALFGENGKNCPDKFCLFKSETKNLLFNDNTECLAKLGGRPTYEEY
LGTEYVTAIANLKKCSTSPLLEACAFLTR
