>1kmma
NIQAIRGMNDYLPGETAIWQRIEGTLKNVLGSYGYSEIRLPIVEQTPLFKRAIGEVTDVV
EKEMYTFEDRNGDSLTLRPEGTAGCVRAGIEHGLLYNQEQRLWYIGPMFRHERPQKGRYR
QFHQLGCEVFGLQGPDIDAELIMLTARWWRALGISEHVTLELNSIGSLEARANYRDALVA
FLEQHALGDYLDEESREHFAGLCKLLESAGIAYTVNQRLVRGLDYYNRTVFEWVTNSLGS
QGTVCAGGRYDGLVEQLGGRATPAVGFAMGLERLVLLVQAVNPEFKA
>1adja
TARAVRGTKDLFGKELRMHQRIVATARKVLEAAGALELVTPIFEETQVFEKGVGAATDIV
RKEMFTFQDRGGRSLTLRPEGTAAMVRAYLEHGMKVWPQPVRLWMAGPMFRAERPQKGRY
RQFHQVNYEALGSENPILDAEAVVLLYECLKELGLRRLKVKLSSVGDPEDRARYNAYLRE
VLSPHREALSEDSKERLEENPMRILDSKSERDQALLKELGVRPMLDFLGEEARAHLKEVE
RHLERLSVPYELEPALVRGLDYYVRTAFEVHHEEIGAQSALGGGGRYDGLSELLGGPRVP
GVGFAFGVERVALALEAEGFGLPE
>1srya
VGGEEANREIKRVGGPPEFSFPPLDHVALMEKNGWWEPRISQVSGSRSYALKGDLALYEL
ALLRFAMDFMARRGFLPMTLPSYAREKAFLGTGHFPAYRDQVWAIAETDLYLTGTAEVVL
NALHSGEILPYEALPLRYAGYAPAFRSEAGSFGKDVRGLMRVHQFHKVEQYVLTEASLEA
SDRAFQELLENAEEILRLLELPYRLVEVATGDMGPGKWRQVDIEVYLPSEGRYRETHSCS
ALLDWQARRANLRYRDPEGRVRYAYTLNNTALATPRILAMLLENHQLQDGRVRVPQALIP
YMGKEVLEPCG
>1qf6a
KRDHRKIGKQLDLYHMQEEAPGMVFWHNDGWTIFRELEVFVRSKLKEYQYQEVKGPFMMD
RVLWEKTGHWDNYKDAMFTTSSENREYCIKPMNCPGHVQIFNQGLKSYRDLPLRMAEFGS
CHRNEPSGSLHGLMRVRGFTQDDAHIFCTEEQIRDEVNGCIRLVYDMYSTFGFEKIVVKL
STRPEKRIGSDEMWDRAEADLAVALEENNIPFEYQLGEGAFYGPKIEFTLYDCLDRAWQC
GTVQLDFSLPSRLSASYVGEDNERKVPVMIHRAILGSMERFIGILTEEFAG
>1atia
AASSLDELVALCKRRGFIFQSSEIYGGLQGVYDYGPLGVELKNNLKQAWWRRNVYERDDM
EGLDASVLTHRLVLHYSGHEATFADPMVDNWTPPRYFNMMFQDLRGPRGGRGLLAYLRPE
TAQGIFVNFKNVLDATSRKLGFGIAQIGKAFRNEITPRNFIFRVREFEQMEIEYFVRPGE
DEYWHRYWVEERLKWWQEMGLSRENLVPYQQPPESSAHYAKATVDILYRFPHGSLELEGI
AQRTDFDLGSHTKDQEALGITARVLRNEHSTQRLAYRDPETGKWFVPYVIEPSAGVDRGV
LALLAEAFTREELPNGEERIVLKLKP
