>1jatb
SKVPRNFRLLEELEKGEKESCSYGLADSDDITMTKWNGTILGPPHSNHENRIYSLSIDCG
PNYPDSPPKVTFISKINLPCVNPTTGEVQTDFHTLRDWKRAYTMETLLLDLRKEMATPAN
KKLRQPKEGETF
>1j7da
GVKVPRNFRLLEELEEGQKGVGDGTVSWGLEDDEDMTLTRWTGMIIGPPRTNYENRIYSL
KVECGPKYPEAPPSVRFVTKINMNGINNSSGMVDARSIPVLAKWQNSYSIKVVLQELRRL
MMSKENMKLPQPPEGQTYNN
>1j7db
AGLPRRIIKETQRLLAEPVPGIKAEPDESNARYFHVVIAGPQDSPFEGGTFKLELFLPEE
YPMAAPKVRFMTKIYHPNVDKLGRICLDILKDKWSPALQIRTVLLSIQALLSAPNPDDPL
ANDVAEQWKTNEAQAIETARAWTRLYAMN
>1jata
AASLPKRIIKETEKLVSDPVPGITAEPHDDNLRYFQVTIEGPEQSPYEDGIFELELYLPD
DYPMEAPKVRFLTKIYHPNIDRLGRICLDVLKTNWSPALQIRTVLLSIQALLASPNPNDP
LANDVAEDWIKNEQGAKAKAREWTKLYAKKKP
>1qcqa
MSSSKRIAKELSDLERDPPTSCSAGPVGDDLYHWQASIMGPADSPYAGGVFFLSIHFPTD
YPFKPPKISFTTKIYHPNINANGNICLDILKDQWSPALTLSKVLLSICSLLTDANPDDPL
VPEIAHIYKTDRPKYEATAREWTKKYAV
>1fzya
SRAKRIMKEIQAVKDDPAAHITLEFVSESDIHHLKGTFLGPPGTPYEGGKFVVDIEVPME
YPFKPPKMQFDTKVYHPNISSVTGAICLDILKNAWSPVITLKSALISLQALLQSPEPNDP
QDAEVAQHYLRDRESFNKTAALWTRLYAS
>2ucz
SKTAQKRLLKELQQLIKDSPPGIVAGPKSENNIFIWDCLIQGPPDTPYADGVFNAKLEFP
KDYPLSPPKLTFTPSILHPNIYPNGEVCISILHSPGDDPNMYELAEERWSPVQSVEKILL
SVMSMLSEPNIESGANIDACILWRDNRPEFERQVKLSILKSLGF
>1u9b
NMSGIALSRLAQERKAWRKDHPFGFVAVPTKNPDGTMNLMNWECAIPGKKGTPWEGGLFK
LRMLFKDDYPSSPPKCKFEPPLFHPNVYPSGTVCLSILEEDKDWRPAITIKQILLGIQEL
LNEPNIQDPAQAEAYTIYCQNRVEYEKRVRAQAKKFAPS
>2e2c
MTTSKERHSVSKRLQQELRTLLMSGDPGITAFPDGDNLFKWVATLDGPKDTVYESLKYKL
TLEFPSDYPYKPPVVKFTTPCWHPNVDQSGNICLDILKENWTASYDVRTILLSLQSLLGE
PNNASPLNAQAADMWSNQTEYKKVLHEKYKTAQSDK
>1i7ka
PVGKRLQQELMTLMMSGDKGISAFPESDNLFKWVGTIHGAAGTVYEDLRYKLSLEFPSGY
PYNAPTVKFLTPCYHPNVDTQGNISLDILKEKWSALYDVRTILLSIQSLLGEPNIDSPLN
THAAELWKNPTAFKKYLQETYSKQVT
>2aak
MSTPARKRLMRDFKRLQQDPPAGISGAPQDNNIMLWNAVIFGPDDTPWDGGTFKLSLQFS
EDYPNKPPTVRFVSRMFHPNIYADGSICLDILQNQWSPIYDVAAILTSIQSLLCDPNPNS
PANSEAARMYSESKREYNRRVRDVVEQSWT
>1ayza
STPARRRLMRDFKRMKEDAPPGVSASPLPDNVMVWNAMIIGPADTPYEDGTFRLLLEFDE
EYPNKPPHVKFLSEMFHPNVYANGEICLDILQNRWTPTYDVASILTSIQSLFNDPNPASP
ANVEAATLFKDHKSQYVKRVKETVEKSWEDDMD
>1c4zd
SRRLMKELEEIRKCGMKNFRNIQVDEANLLTWQGLIVPDNPPYDKGAFRIEINFPAEYPF
KPPKITFKTKIYHPNIDEKGQVCLPVISAENWKPATKTDQVIQSLIALVNDPQPEHPLRA
DLAEEYSKDRKKFCKNAEEFTKKY
