>1zaa1
RPYACPVESCDRRFSRSDELTRHIRIHTGQK
>1zaa2
PFQCRICMRNFSRSDHLTTHIRTHTGEK
>1zaa3
PFACDICGRKFARSDERKRHTKIHLR
>1ard
RSFVCEVCTRAFARQEHLKRHYRSHTNEK
>1znf
YKCGLCERSFVEKSALSRHQRVHKN
>2drp2
NVKVYPCPFCFKEFTRKDNMTAHVKIIHK
>3znf
RPYHCSYCNFSFKTKGNLTKHMKSKAHSKK
>5znf
KTYQCQYCEYRSADSSNLKTHIKTKHSKEK
>1bboN
KYICEECGIRCKKPSMLKKHIRTHTDV
>2drp1
FTKEGEHTYRCKVCSRVYTHISNFCRHYVTSHKR
>1paa
KAYACGLCNRAFTRRDLLIRHAQKIHSGNL
>1sp1
KKFACPECPKRFMRSDHLSKHIKTHQNKK
>1sp2
RPFMCTWSYCGKRFTRSDELQRHKRTHTGEK
>1zfd
DRPYSCDHPGCDKAFVRNHDLIRHKKSHQEKA
>1znm
FQCTFCGKRFSLDFNLKTHVKIHTG
